AsMSG                           = $EE5A ; addr, local, , RAMDSK, , RAMDSK.S85:1031
Ask_From_Filename               = $EC5F ; addr, local, , RAMDSK, , RAMDSK.S85:687
Ask_To_Filename                 = $ED14 ; addr, local, , RAMDSK, , RAMDSK.S85:792
BAFILES                         = $EF67 ; const, local, , RAMDSK, , 200.S85:51
BANK0                           = $0030 ; const, local, , RAMDSK, , RAMDSK.S85:109
BANK@DoneBN                     = $EDBB ; addr, local, , RAMDSK, , RAMDSK.S85:935
BANK@LoopBN                     = $EDB2 ; addr, local, , RAMDSK, , RAMDSK.S85:930
BANK                            = $ED84 ; addr, local, , RAMDSK, , RAMDSK.S85:885
BANK@UpdateBankNum              = $EDAA ; addr, local, , RAMDSK, , RAMDSK.S85:925
BANK_CTL_OFFSET                 = $0004 ; const, local, , RAMDSK, , RAMDSK.S85:104
BEEP                            = $4F45 ; const, local, , RAMDSK, , 200.S85:27
BankNumMSG                      = $EDE1 ; addr, local, , RAMDSK, , RAMDSK.S85:1003
BlockNum                        = $ECE4 ; addr, local, , RAMDSK, , RAMDSK.S85:988
CDNCT                           = $001A ; const, local, , RAMDSK, , 200.S85:53
CFNAME                          = $F74F ; const, local, , RAMDSK, , 200.S85:46
CHGET                           = $12F7 ; const, local, , RAMDSK, , 200.S85:10
CKFN                            = $5ACA ; const, local, , RAMDSK, , 200.S85:30
CMPARE                          = $6E11 ; const, local, , RAMDSK, , 200.S85:32
COFILES                         = $F663 ; const, local, , RAMDSK, , 200.S85:43
CR                              = $000D ; const, local, , RAMDSK, , RAMDSK.S85:52
CSRY                            = $EF06 ; const, local, , RAMDSK, , 200.S85:38
CURBAS                          = $EF67 ; const, local, , RAMDSK, , 200.S85:40
CheckIsBankFormatted            = $ECEC ; addr, local, , RAMDSK, , RAMDSK.S85:762
ConfirmDeleteRamFile            = $EBAA ; addr, local, , RAMDSK, , RAMDSK.S85:571
ConfirmReplace                  = $EAB6 ; addr, local, , RAMDSK, , RAMDSK.S85:434
ConfirmReplaceKill              = $EAC0 ; addr, local, , RAMDSK, , RAMDSK.S85:440
ConfirmWithPrompt               = $ED08 ; addr, local, , RAMDSK, , RAMDSK.S85:785
CtlPort                         = $EDC0 ; addr, local, , RAMDSK, , RAMDSK.S85:981
D2H4Bup                         = $41BA ; const, local, , RAMDSK, , 200.S85:24
DOFILES                         = $F661 ; const, local, , RAMDSK, , 200.S85:42
DrawTitle                       = $EA1F ; addr, local, , RAMDSK, , RAMDSK.S85:340
ESC                             = $001B ; const, local, , RAMDSK, , RAMDSK.S85:53
ESCB                            = $519D ; const, local, , RAMDSK, , 200.S85:28
ETRAP                           = $EF34 ; const, local, , RAMDSK, , 200.S85:39
FF                              = $000C ; const, local, , RAMDSK, , RAMDSK.S85:51
FILES                           = $2A2C ; const, local, , RAMDSK, , 200.S85:12
FINDFN                          = $2BCC ; const, local, , RAMDSK, , 200.S85:17
FNAME                           = $F746 ; const, local, , RAMDSK, , 200.S85:44
FORMAT@NewFormat                = $ED32 ; addr, local, , RAMDSK, , RAMDSK.S85:809
FORMAT                          = $ED1D ; addr, local, , RAMDSK, , RAMDSK.S85:800
FORMAT@WriteStamp               = $ED42 ; addr, local, , RAMDSK, , RAMDSK.S85:825
FREE                            = $EA25 ; addr, local, , RAMDSK, , RAMDSK.S85:347
FREE@l0                         = $EA30 ; addr, local, , RAMDSK, , RAMDSK.S85:357
FREE@l1                         = $EA38 ; addr, local, , RAMDSK, , RAMDSK.S85:363
FX1                             = $F74C ; const, local, , RAMDSK, , 200.S85:45
FX2                             = $F755 ; const, local, , RAMDSK, , 200.S85:47
FattrBA                         = $0080 ; const, local, , RAMDSK, , RAMDSK.S85:80
FattrCO                         = $00A0 ; const, local, , RAMDSK, , RAMDSK.S85:82
FattrDO                         = $00C0 ; const, local, , RAMDSK, , RAMDSK.S85:81
FileAttr                        = $EC92 ; addr, local, , RAMDSK, , RAMDSK.S85:986
FilenameMSG                     = $EEA3 ; addr, local, , RAMDSK, , RAMDSK.S85:1058
FixMSG                          = $EE98 ; addr, local, , RAMDSK, , RAMDSK.S85:1052
FormatMSG                       = $EE74 ; addr, local, , RAMDSK, , RAMDSK.S85:1044
FreeKB                          = $EB4A ; addr, local, , RAMDSK, , RAMDSK.S85:984
FreeMSG                         = $EE6F ; addr, local, , RAMDSK, , RAMDSK.S85:1040
GETEOF                          = $8268 ; const, local, , RAMDSK, , 200.S85:33
HIMEM                           = $EEAE ; const, local, , RAMDSK, , RAMDSK.S85:171
INLIN                           = $54F6 ; const, local, , RAMDSK, , 200.S85:29
INR_A_RET                       = $2459 ; const, local, , RAMDSK, , 200.S85:23
InputFilenameWithPrompt         = $EC44 ; addr, local, , RAMDSK, , RAMDSK.S85:666
KILL                            = $EA54 ; addr, local, , RAMDSK, , RAMDSK.S85:380
KILL@l0                         = $EA64 ; addr, local, , RAMDSK, , RAMDSK.S85:387
KILL@l1                         = $EA72 ; addr, local, , RAMDSK, , RAMDSK.S85:394
KILLFILE                        = $2B2C ; const, local, , RAMDSK, , 200.S85:16
KYREAD                          = $8B03 ; const, local, , RAMDSK, , 200.S85:35
KillMSG                         = $EE32 ; addr, local, , RAMDSK, , RAMDSK.S85:1015
LC2UCA                          = $1014 ; const, local, , RAMDSK, , 200.S85:8
LEGACY_HIMEM                    = $EEAE ; const, local, , RAMDSK, , 200.S85:54
LF                              = $000A ; const, local, , RAMDSK, , RAMDSK.S85:50
LOAD                            = $EBB2 ; addr, local, , RAMDSK, , RAMDSK.S85:580
LoadMSG                         = $EE3C ; addr, local, , RAMDSK, , RAMDSK.S85:1019
MAIN                            = $E949 ; addr, local, , RAMDSK, , RAMDSK.S85:205
MAIN@end                        = $E96E ; addr, local, , RAMDSK, , RAMDSK.S85:222
MAIN@setsp                      = $E949 ; addr, local, , RAMDSK, , RAMDSK.S85:206
MAKHOL                          = $82A8 ; const, local, , RAMDSK, , 200.S85:34
MATCH_LEGACY_CO_HEADER          = $0001 ; const, local, , RAMDSK, , RAMDSK.S85:0
MENU                            = $67A4 ; const, local, , RAMDSK, , 200.S85:31
MKDIRENT                        = $2DAC ; const, local, , RAMDSK, , 200.S85:22
MODEL_200                       = $0001 ; const, local, , RAMDSK, , RAMDSK.S85:0
MakeHole                        = $EBDB ; addr, local, , RAMDSK, , RAMDSK.S85:597
MakeHoleBA                      = $EC06 ; addr, local, , RAMDSK, , RAMDSK.S85:621
MakeHoleDO                      = $EBFC ; addr, local, , RAMDSK, , RAMDSK.S85:615
NAME                            = $EA8C ; addr, local, , RAMDSK, , RAMDSK.S85:411
NAME@l0                         = $EAAD ; addr, local, , RAMDSK, , RAMDSK.S85:426
NBANKS                          = $0004 ; const, local, , RAMDSK, , RAMDSK.S85:41
NROWS                           = $0010 ; const, local, , RAMDSK, , 200.S85:52
NameMSG                         = $EE50 ; addr, local, , RAMDSK, , RAMDSK.S85:1027
POPALL                          = $1604 ; const, local, , RAMDSK, , 200.S85:11
POP_BEEP                        = $EC15 ; addr, local, , RAMDSK, , RAMDSK.S85:630
PORT_CTL0                       = $0081 ; const, local, , RAMDSK, , RAMDSK.S85:102
PORT_DATA                       = $0083 ; const, local, , RAMDSK, , RAMDSK.S85:103
PRGEND                          = $EEAE ; addr, local, , RAMDSK, , RAMDSK.S85:1069
PRGEXE                          = $E943 ; addr, local, , RAMDSK, , RAMDSK.S85:188
PRGLEN                          = $056B ; const, local, , RAMDSK, , RAMDSK.S85:0
PRGTOP                          = $E943 ; addr, local, , RAMDSK, , RAMDSK.S85:187
PRTASC                          = $470B ; const, local, , RAMDSK, , 200.S85:25
PRTSP                           = $001E ; const, local, , RAMDSK, , 200.S85:6
PTILL0                          = $11CC ; const, local, , RAMDSK, , 200.S85:9
RESETFPS                        = $2C62 ; const, local, , RAMDSK, , 200.S85:21
RST_4                           = $0020 ; const, local, , RAMDSK, , RAMDSK.S85:85
ReadDataW                       = $ED02 ; addr, local, , RAMDSK, , RAMDSK.S85:779
ReadKeyboard                    = $E971 ; addr, local, , RAMDSK, , RAMDSK.S85:229
ReadKeyboard@end                = $E9A0 ; addr, local, , RAMDSK, , RAMDSK.S85:264
ReplaceMSG                      = $EE62 ; addr, local, , RAMDSK, , RAMDSK.S85:1036
SAVE1                           = $EACC ; addr, local, , RAMDSK, , RAMDSK.S85:450
SAVE1@ba                        = $EB1C ; addr, local, , RAMDSK, , RAMDSK.S85:490
SAVE1@bn                        = $EB8A ; addr, local, , RAMDSK, , RAMDSK.S85:550
SAVE1@do                        = $EB15 ; addr, local, , RAMDSK, , RAMDSK.S85:484
SAVE1@freekb                    = $EB49 ; addr, local, , RAMDSK, , RAMDSK.S85:517
SAVE1@l0                        = $EB00 ; addr, local, , RAMDSK, , RAMDSK.S85:473
SAVE1@l2                        = $EB2C ; addr, local, , RAMDSK, , RAMDSK.S85:500
SAVE1@l3                        = $EB37 ; addr, local, , RAMDSK, , RAMDSK.S85:506
SAVE1@l4                        = $EB3A ; addr, local, , RAMDSK, , RAMDSK.S85:508
SAVE1@l5                        = $EB45 ; addr, local, , RAMDSK, , RAMDSK.S85:514
SAVE1@l6                        = $EB50 ; addr, local, , RAMDSK, , RAMDSK.S85:522
SAVE1@l7                        = $EB55 ; addr, local, , RAMDSK, , RAMDSK.S85:525
SAVE1@l8                        = $EB74 ; addr, local, , RAMDSK, , RAMDSK.S85:539
SAVE1@l9                        = $EB84 ; addr, local, , RAMDSK, , RAMDSK.S85:546
SAVE1@prepfn                    = $EB23 ; addr, local, , RAMDSK, , RAMDSK.S85:496
SAVE                            = $EAC6 ; addr, local, , RAMDSK, , RAMDSK.S85:447
SCNEMP                          = $2C09 ; const, local, , RAMDSK, , 200.S85:19
SPACE                           = $0020 ; const, local, , RAMDSK, , RAMDSK.S85:54
SaveMSG                         = $EE46 ; addr, local, , RAMDSK, , RAMDSK.S85:1023
SelectBlock                     = $EDBF ; addr, local, , RAMDSK, , RAMDSK.S85:970
SkipCWords                      = $ECFA ; addr, local, , RAMDSK, , RAMDSK.S85:772
StampByte0                      = $0040 ; const, local, , RAMDSK, , RAMDSK.S85:153
StampByte1                      = $0004 ; const, local, , RAMDSK, , RAMDSK.S85:154
SureMSG                         = $EE90 ; addr, local, , RAMDSK, , RAMDSK.S85:1047
TestHardware                    = $ED5D ; addr, local, , RAMDSK, , RAMDSK.S85:849
TitleMSG                        = $EDC2 ; addr, local, , RAMDSK, , RAMDSK.S85:997
TmpBlockNum                     = $EB8B ; addr, local, , RAMDSK, , RAMDSK.S85:987
UBLNAS                          = $061B ; const, local, , RAMDSK, , 200.S85:7
UPDOFILES                       = $2C5A ; const, local, , RAMDSK, , 200.S85:20
WriteFilename                   = $EB92 ; addr, local, , RAMDSK, , RAMDSK.S85:557
WriteFilename@l0                = $EB9D ; addr, local, , RAMDSK, , RAMDSK.S85:562
WriteFormat                     = $ED51 ; addr, local, , RAMDSK, , RAMDSK.S85:832
WriteFormat@l0                  = $ED52 ; addr, local, , RAMDSK, , RAMDSK.S85:834
__head                          = $E93D ; const, public, def, , ,
__size                          = $0571 ; const, public, def, , ,
__tail                          = $EEAE ; const, public, def, , ,
bB                              = $E9C5 ; addr, local, , RAMDSK, , RAMDSK.S85:983
bD                              = $ECDA ; addr, local, , RAMDSK, , RAMDSK.S85:989
bE                              = $EB75 ; addr, local, , RAMDSK, , RAMDSK.S85:990
bI                              = $EA10 ; addr, local, , RAMDSK, , RAMDSK.S85:982
j01                             = $E9A6 ; addr, local, , RAMDSK, , RAMDSK.S85:269
j01@bb                          = $E9C4 ; addr, local, , RAMDSK, , RAMDSK.S85:289
j01@l0                          = $E9AB ; addr, local, , RAMDSK, , RAMDSK.S85:272
j01@l1                          = $E9B8 ; addr, local, , RAMDSK, , RAMDSK.S85:280
j01@l2                          = $E9C1 ; addr, local, , RAMDSK, , RAMDSK.S85:286
j01@l3                          = $E9D1 ; addr, local, , RAMDSK, , RAMDSK.S85:298
j03                             = $E9FA ; addr, local, , RAMDSK, , RAMDSK.S85:320
j03@l0                          = $EA0A ; addr, local, , RAMDSK, , RAMDSK.S85:327
j05                             = $EA0F ; addr, local, , RAMDSK, , RAMDSK.S85:331
j27                             = $EC19 ; addr, local, , RAMDSK, , RAMDSK.S85:634
j27@l0                          = $EC1B ; addr, local, , RAMDSK, , RAMDSK.S85:636
j27@l1                          = $EC27 ; addr, local, , RAMDSK, , RAMDSK.S85:643
j27@l2                          = $EC2A ; addr, local, , RAMDSK, , RAMDSK.S85:645
j27@l3                          = $EC2B ; addr, local, , RAMDSK, , RAMDSK.S85:647
j27@wc                          = $EC34 ; addr, local, , RAMDSK, , RAMDSK.S85:656
j29                             = $EC52 ; addr, local, , RAMDSK, , RAMDSK.S85:676
j41                             = $EC62 ; addr, local, , RAMDSK, , RAMDSK.S85:689
j41@fileattr                    = $EC91 ; addr, local, , RAMDSK, , RAMDSK.S85:713
j41@l0                          = $EC80 ; addr, local, , RAMDSK, , RAMDSK.S85:705
j41@l2                          = $ECA1 ; addr, local, , RAMDSK, , RAMDSK.S85:720
j42                             = $ECC4 ; addr, local, , RAMDSK, , RAMDSK.S85:737
j43                             = $ECCF ; addr, local, , RAMDSK, , RAMDSK.S85:745
j43@bd                          = $ECD9 ; addr, local, , RAMDSK, , RAMDSK.S85:750
j43@bn                          = $ECE3 ; addr, local, , RAMDSK, , RAMDSK.S85:756
j44                             = $ECC7 ; addr, local, , RAMDSK, , RAMDSK.S85:740
opcode_IN                       = $00DB ; const, local, , RAMDSK, , RAMDSK.S85:45
opcode_OUT                      = $00D3 ; const, local, , RAMDSK, , RAMDSK.S85:46
padding                         = $EEAD ; addr, local, , RAMDSK, , RAMDSK.S85:1065
rPRTA                           = $0020 ; const, local, , RAMDSK, , RAMDSK.S85:86
wA                              = $EEAB ; addr, local, , RAMDSK, , RAMDSK.S85:1061
wC                              = $EC35 ; addr, local, , RAMDSK, , RAMDSK.S85:991
wF                              = $EC28 ; addr, local, , RAMDSK, , RAMDSK.S85:985
wSP                             = $E94A ; addr, local, , RAMDSK, , RAMDSK.S85:980
