AsMSG                           = $04F1 ; addr, local, , RAM100, , RAM100.S85:963
BANK                            = $0549 ; addr, local, , RAM100, , RAM100.S85:1011
BANK_CTL_OFFSET                 = $0004 ; const, local, , RAM100, , RAM100.S85:134
BEEP                            = $4229 ; const, local, , RAM100, , RAM100.S85:87
BankNumMSG                      = $0478 ; addr, local, , RAM100, , RAM100.S85:936
Beep                            = $02E8 ; addr, local, , RAM100, , RAM100.S85:670
BlockNum                        = $0544 ; addr, local, , RAM100, , RAM100.S85:996
CFNAME                          = $FC9C ; const, local, , RAM100, , RAM100.S85:119
CHGET                           = $12CB ; const, local, , RAM100, , RAM100.S85:72
CKFN                            = $4C0B ; const, local, , RAM100, , RAM100.S85:90
CMPARE                          = $5A6D ; const, local, , RAM100, , RAM100.S85:91
COFILES                         = $FBB0 ; const, local, , RAM100, , RAM100.S85:116
CR                              = $000D ; const, local, , RAM100, , RAM100.S85:32
CURSOR_ROW                      = $F639 ; const, local, , RAM100, , RAM100.S85:110
CheckIsBankFormatted            = $03C1 ; addr, local, , RAM100, , RAM100.S85:797
ConfirmReplace                  = $017B ; addr, local, , RAM100, , RAM100.S85:471
ConfirmReplaceKill              = $0185 ; addr, local, , RAM100, , RAM100.S85:477
ConfirmWithPrompt               = $03DD ; addr, local, , RAM100, , RAM100.S85:820
D2H4Bup                         = $3469 ; const, local, , RAM100, , RAM100.S85:85
DOFILES                         = $FBAE ; const, local, , RAM100, , RAM100.S85:115
DeleteRamFile                   = $0270 ; addr, local, , RAM100, , RAM100.S85:607
DrawTitle                       = $00E4 ; addr, local, , RAM100, , RAM100.S85:381
ESC                             = $001B ; const, local, , RAM100, , RAM100.S85:33
ESCB                            = $446E ; const, local, , RAM100, , RAM100.S85:88
ETRAP                           = $F652 ; const, local, , RAM100, , RAM100.S85:109
FF                              = $000C ; const, local, , RAM100, , RAM100.S85:31
FILES                           = $1F3A ; const, local, , RAM100, , RAM100.S85:74
FINDFN1                         = $20CC ; const, local, , RAM100, , RAM100.S85:79
FINDFN                          = $20AF ; const, local, , RAM100, , RAM100.S85:78
FNAME                           = $FC93 ; const, local, , RAM100, , RAM100.S85:113
FORMAT@NewFormat                = $0407 ; addr, local, , RAM100, , RAM100.S85:844
FORMAT                          = $03F2 ; addr, local, , RAM100, , RAM100.S85:835
FORMAT@WriteFormat              = $0426 ; addr, local, , RAM100, , RAM100.S85:866
FORMAT@WriteStamp               = $0417 ; addr, local, , RAM100, , RAM100.S85:860
FORMAT@l0                       = $0427 ; addr, local, , RAM100, , RAM100.S85:868
FattrBA                         = $0080 ; const, local, , RAM100, , RAM100.S85:123
FattrCO                         = $00A0 ; const, local, , RAM100, , RAM100.S85:125
FattrDO                         = $00C0 ; const, local, , RAM100, , RAM100.S85:124
FileAttr                        = $0365 ; addr, local, , RAM100, , RAM100.S85:926
FilenameMSG                     = $053A ; addr, local, , RAM100, , RAM100.S85:990
FixMSG                          = $052F ; addr, local, , RAM100, , RAM100.S85:984
FormatMSG                       = $050B ; addr, local, , RAM100, , RAM100.S85:976
FreeKB                          = $020F ; addr, local, , RAM100, , RAM100.S85:924
FreeMSG                         = $0506 ; addr, local, , RAM100, , RAM100.S85:972
GETEOF                          = $6B2D ; const, local, , RAM100, , RAM100.S85:92
INLIN                           = $4644 ; const, local, , RAM100, , RAM100.S85:89
INSTR_2AB5                      = $2AB5 ; const, local, , RAM100, , RAM100.S85:84
InputFileNameWithPrompt         = $0317 ; addr, local, , RAM100, , RAM100.S85:703
KC7                             = $FF97 ; const, local, , RAM100, , RAM100.S85:114
KILL                            = $0119 ; addr, local, , RAM100, , RAM100.S85:417
KILL@l0                         = $0129 ; addr, local, , RAM100, , RAM100.S85:424
KILL@l1                         = $0137 ; addr, local, , RAM100, , RAM100.S85:431
KILLDO1                         = $1FD9 ; const, local, , RAM100, , RAM100.S85:76
KILLDO4                         = $2017 ; const, local, , RAM100, , RAM100.S85:77
KILLDO                          = $1FBF ; const, local, , RAM100, , RAM100.S85:75
KYREAD                          = $7242 ; const, local, , RAM100, , RAM100.S85:94
KillMSG                         = $04C9 ; addr, local, , RAM100, , RAM100.S85:947
LC2UCA                          = $0FE9 ; const, local, , RAM100, , RAM100.S85:70
LF                              = $000A ; const, local, , RAM100, , RAM100.S85:30
LOAD                            = $0285 ; addr, local, , RAM100, , RAM100.S85:621
LoadMSG                         = $04D3 ; addr, local, , RAM100, , RAM100.S85:951
MAIN1                           = $0033 ; addr, local, , RAM100, , RAM100.S85:274
MAIN                            = $000E ; addr, local, , RAM100, , RAM100.S85:257
MAIN@setsp                      = $000E ; addr, local, , RAM100, , RAM100.S85:258
MAKHOL                          = $6B6D ; const, local, , RAM100, , RAM100.S85:93
MENU                            = $5797 ; const, local, , RAM100, , RAM100.S85:95
MKDIRENT                        = $2239 ; const, local, , RAM100, , RAM100.S85:83
MYSTERY_20EC                    = $20EC ; const, local, , RAM100, , RAM100.S85:80
MYSTERY_FC99                    = $FC99 ; const, local, , RAM100, , RAM100.S85:117
MYSTERY_FCA2                    = $FCA2 ; const, local, , RAM100, , RAM100.S85:118
MakeHole                        = $02AE ; addr, local, , RAM100, , RAM100.S85:638
MakeHoleBA                      = $02D9 ; addr, local, , RAM100, , RAM100.S85:661
MakeHoleDO                      = $02CF ; addr, local, , RAM100, , RAM100.S85:655
NAME                            = $0151 ; addr, local, , RAM100, , RAM100.S85:448
NAME@l0                         = $0172 ; addr, local, , RAM100, , RAM100.S85:463
NameMSG                         = $04E7 ; addr, local, , RAM100, , RAM100.S85:959
POPALL                          = $14ED ; const, local, , RAM100, , RAM100.S85:73
PORT_CTL0                       = $0081 ; const, local, , RAM100, , RAM100.S85:132
PORT_DATA                       = $0083 ; const, local, , RAM100, , RAM100.S85:133
PRGEND                          = $0578 ; addr, local, , RAM100, , RAM100.S85:1048
PRGEXE                          = $0000 ; addr, local, , RAM100, , RAM100.S85:234
PRGTOP                          = $0000 ; addr, local, , RAM100, , RAM100.S85:233
PRTASC                          = $39D4 ; const, local, , RAM100, , RAM100.S85:86
PRTSP                           = $001E ; const, local, , RAM100, , RAM100.S85:68
PTILL0                          = $11A2 ; const, local, , RAM100, , RAM100.S85:71
RESETFPS                        = $2146 ; const, local, , RAM100, , RAM100.S85:82
RST_4                           = $0020 ; const, local, , RAM100, , RAM100.S85:64
ReadDataW                       = $03D7 ; addr, local, , RAM100, , RAM100.S85:814
ReadKeyboard                    = $0036 ; addr, local, , RAM100, , RAM100.S85:281
ReadKeyboard@end                = $0065 ; addr, local, , RAM100, , RAM100.S85:303
ReplaceMSG                      = $04F9 ; addr, local, , RAM100, , RAM100.S85:968
SAVE1                           = $0191 ; addr, local, , RAM100, , RAM100.S85:487
SAVE1@ba                        = $01E1 ; addr, local, , RAM100, , RAM100.S85:527
SAVE1@do                        = $01DA ; addr, local, , RAM100, , RAM100.S85:521
SAVE1@freekb                    = $020E ; addr, local, , RAM100, , RAM100.S85:553
SAVE1@l0                        = $01C5 ; addr, local, , RAM100, , RAM100.S85:510
SAVE1@l2                        = $01F1 ; addr, local, , RAM100, , RAM100.S85:537
SAVE1@l3                        = $01FC ; addr, local, , RAM100, , RAM100.S85:542
SAVE1@l4                        = $01FF ; addr, local, , RAM100, , RAM100.S85:544
SAVE1@l5                        = $020A ; addr, local, , RAM100, , RAM100.S85:550
SAVE1@l6                        = $0215 ; addr, local, , RAM100, , RAM100.S85:558
SAVE1@l7                        = $021A ; addr, local, , RAM100, , RAM100.S85:561
SAVE1@l8                        = $0239 ; addr, local, , RAM100, , RAM100.S85:575
SAVE1@l9                        = $024A ; addr, local, , RAM100, , RAM100.S85:582
SAVE1@la                        = $0250 ; addr, local, , RAM100, , RAM100.S85:586
SAVE1@prepfn                    = $01E8 ; addr, local, , RAM100, , RAM100.S85:533
SAVE                            = $018B ; addr, local, , RAM100, , RAM100.S85:484
SPACE                           = $0020 ; const, local, , RAM100, , RAM100.S85:34
SaveMSG                         = $04DD ; addr, local, , RAM100, , RAM100.S85:955
SelectBlock                     = $0575 ; addr, local, , RAM100, , RAM100.S85:1044
SkipCWords                      = $03CF ; addr, local, , RAM100, , RAM100.S85:807
StampByte0                      = $0040 ; const, local, , RAM100, , RAM100.S85:197
StampByte1                      = $0004 ; const, local, , RAM100, , RAM100.S85:198
SureMSG                         = $0527 ; addr, local, , RAM100, , RAM100.S85:979
TestHardware                    = $0432 ; addr, local, , RAM100, , RAM100.S85:883
TitleMSG                        = $0459 ; addr, local, , RAM100, , RAM100.S85:929
UBLNAS                          = $05F0 ; const, local, , RAM100, , RAM100.S85:69
UNSBA                           = $F99A ; const, local, , RAM100, , RAM100.S85:112
UPDOFILES                       = $213E ; const, local, , RAM100, , RAM100.S85:81
UpdateFreeKB                    = $00EA ; addr, local, , RAM100, , RAM100.S85:385
UpdateFreeKB@l0                 = $00F5 ; addr, local, , RAM100, , RAM100.S85:395
UpdateFreeKB@l1                 = $00FD ; addr, local, , RAM100, , RAM100.S85:400
WriteFilename                   = $0258 ; addr, local, , RAM100, , RAM100.S85:593
WriteFilename@l0                = $0263 ; addr, local, , RAM100, , RAM100.S85:598
_BlockNum                       = $0251 ; addr, local, , RAM100, , RAM100.S85:927
__head                          = $0000 ; const, public, def, , ,
__size                          = $0578 ; const, public, def, , ,
__tail                          = $0578 ; const, public, def, , ,
addrCtlPort                     = $0576 ; addr, local, , RAM100, , RAM100.S85:180
bB                              = $008A ; addr, local, , RAM100, , RAM100.S85:923
bD                              = $0547 ; addr, local, , RAM100, , RAM100.S85:1002
bE                              = $0548 ; addr, local, , RAM100, , RAM100.S85:1005
bI                              = $00D5 ; addr, local, , RAM100, , RAM100.S85:922
j01                             = $006B ; addr, local, , RAM100, , RAM100.S85:308
j02                             = $007D ; addr, local, , RAM100, , RAM100.S85:320
j03                             = $00BF ; addr, local, , RAM100, , RAM100.S85:360
j04                             = $00CF ; addr, local, , RAM100, , RAM100.S85:368
j05                             = $00D4 ; addr, local, , RAM100, , RAM100.S85:372
j27                             = $02EC ; addr, local, , RAM100, , RAM100.S85:674
j27@l0                          = $02EE ; addr, local, , RAM100, , RAM100.S85:676
j27@l1                          = $02FA ; addr, local, , RAM100, , RAM100.S85:681
j27@l2                          = $02FD ; addr, local, , RAM100, , RAM100.S85:683
j27@l3                          = $02FE ; addr, local, , RAM100, , RAM100.S85:685
j29                             = $0325 ; addr, local, , RAM100, , RAM100.S85:713
j30                             = $0332 ; addr, local, , RAM100, , RAM100.S85:724
j33                             = $0070 ; addr, local, , RAM100, , RAM100.S85:311
j34                             = $0086 ; addr, local, , RAM100, , RAM100.S85:326
j34@l0                          = $0089 ; addr, local, , RAM100, , RAM100.S85:329
j39                             = $0096 ; addr, local, , RAM100, , RAM100.S85:338
j40                             = $03E9 ; addr, local, , RAM100, , RAM100.S85:827
j41                             = $0335 ; addr, local, , RAM100, , RAM100.S85:726
j41@l0                          = $0353 ; addr, local, , RAM100, , RAM100.S85:742
j41@l1                          = $0364 ; addr, local, , RAM100, , RAM100.S85:750
j41@l2                          = $0374 ; addr, local, , RAM100, , RAM100.S85:757
j42                             = $0397 ; addr, local, , RAM100, , RAM100.S85:774
j43                             = $03A2 ; addr, local, , RAM100, , RAM100.S85:782
j44                             = $039A ; addr, local, , RAM100, , RAM100.S85:777
opcode_IN                       = $00DB ; const, local, , RAM100, , RAM100.S85:25
opcode_OUT                      = $00D3 ; const, local, , RAM100, , RAM100.S85:26
rPRTA                           = $0020 ; const, local, , RAM100, , RAM100.S85:65
wA                              = $0542 ; addr, local, , RAM100, , RAM100.S85:993
wC                              = $0545 ; addr, local, , RAM100, , RAM100.S85:999
wF                              = $02FB ; addr, local, , RAM100, , RAM100.S85:925
wSP                             = $000F ; addr, local, , RAM100, , RAM100.S85:921
