AsMSG                           = $F567 ; addr, local, , RAM100, , RAM100.S85:949
BAFILES                         = $F99A ; const, local, , RAM100, , RAM100.S85:119
BANK                            = $F5BF ; addr, local, , RAM100, , RAM100.S85:997
BANK_CTL_OFFSET                 = $0004 ; const, local, , RAM100, , RAM100.S85:135
BEEP                            = $4229 ; const, local, , RAM100, , RAM100.S85:84
BankNumMSG                      = $F4EE ; addr, local, , RAM100, , RAM100.S85:921
Beep                            = $F35E ; addr, local, , RAM100, , RAM100.S85:654
BlockNum                        = $F5BA ; addr, local, , RAM100, , RAM100.S85:982
CFNAME                          = $FC9C ; const, local, , RAM100, , RAM100.S85:114
CHGET                           = $12CB ; const, local, , RAM100, , RAM100.S85:68
CKFN                            = $4C0B ; const, local, , RAM100, , RAM100.S85:87
CMPARE                          = $5A6D ; const, local, , RAM100, , RAM100.S85:89
COFILES                         = $FBB0 ; const, local, , RAM100, , RAM100.S85:111
CR                              = $000D ; const, local, , RAM100, , RAM100.S85:32
CURSOR_ROW                      = $F639 ; const, local, , RAM100, , RAM100.S85:106
CheckIsBankFormatted            = $F437 ; addr, local, , RAM100, , RAM100.S85:781
ConfirmReplace                  = $F1F1 ; addr, local, , RAM100, , RAM100.S85:455
ConfirmReplaceKill              = $F1FB ; addr, local, , RAM100, , RAM100.S85:461
ConfirmWithPrompt               = $F453 ; addr, local, , RAM100, , RAM100.S85:804
CtlPort                         = $F5EC ; addr, local, , RAM100, , RAM100.S85:906
D2H4Bup                         = $3469 ; const, local, , RAM100, , RAM100.S85:82
DOFILES                         = $FBAE ; const, local, , RAM100, , RAM100.S85:110
DeleteRamFile                   = $F2E6 ; addr, local, , RAM100, , RAM100.S85:591
DrawTitle                       = $F15A ; addr, local, , RAM100, , RAM100.S85:365
ESC                             = $001B ; const, local, , RAM100, , RAM100.S85:33
ESCB                            = $446E ; const, local, , RAM100, , RAM100.S85:85
ETRAP                           = $F652 ; const, local, , RAM100, , RAM100.S85:107
FF                              = $000C ; const, local, , RAM100, , RAM100.S85:31
FILES                           = $1F3A ; const, local, , RAM100, , RAM100.S85:70
FINDFN1                         = $20CC ; const, local, , RAM100, , RAM100.S85:76
FINDFN                          = $20AF ; const, local, , RAM100, , RAM100.S85:75
FNAME                           = $FC93 ; const, local, , RAM100, , RAM100.S85:112
FORMAT@NewFormat                = $F47D ; addr, local, , RAM100, , RAM100.S85:828
FORMAT                          = $F468 ; addr, local, , RAM100, , RAM100.S85:819
FORMAT@WriteFormat              = $F49C ; addr, local, , RAM100, , RAM100.S85:850
FORMAT@WriteStamp               = $F48D ; addr, local, , RAM100, , RAM100.S85:844
FORMAT@l0                       = $F49D ; addr, local, , RAM100, , RAM100.S85:852
FX1                             = $FC99 ; const, local, , RAM100, , RAM100.S85:113
FX2                             = $FCA2 ; const, local, , RAM100, , RAM100.S85:115
FattrBA                         = $0080 ; const, local, , RAM100, , RAM100.S85:123
FattrCO                         = $00A0 ; const, local, , RAM100, , RAM100.S85:125
FattrDO                         = $00C0 ; const, local, , RAM100, , RAM100.S85:124
FileAttr                        = $F3DB ; addr, local, , RAM100, , RAM100.S85:911
FilenameMSG                     = $F5B0 ; addr, local, , RAM100, , RAM100.S85:976
FixMSG                          = $F5A5 ; addr, local, , RAM100, , RAM100.S85:970
FormatMSG                       = $F581 ; addr, local, , RAM100, , RAM100.S85:962
FreeKB                          = $F285 ; addr, local, , RAM100, , RAM100.S85:909
FreeMSG                         = $F57C ; addr, local, , RAM100, , RAM100.S85:958
GETEOF                          = $6B2D ; const, local, , RAM100, , RAM100.S85:90
HIMEM                           = $F5EE ; const, local, , RAM100, , RAM100.S85:0
INLIN                           = $4644 ; const, local, , RAM100, , RAM100.S85:86
INSTR_X1                        = $2AB5 ; const, local, , RAM100, , RAM100.S85:81
InputFileNameWithPrompt         = $F38D ; addr, local, , RAM100, , RAM100.S85:687
KC7                             = $FF97 ; const, local, , RAM100, , RAM100.S85:116
KILASC                          = $1FBF ; const, local, , RAM100, , RAM100.S85:71
KILBAS                          = $2017 ; const, local, , RAM100, , RAM100.S85:73
KILCOM                          = $1FD9 ; const, local, , RAM100, , RAM100.S85:72
KILL                            = $F18F ; addr, local, , RAM100, , RAM100.S85:401
KILL@l0                         = $F19F ; addr, local, , RAM100, , RAM100.S85:408
KILL@l1                         = $F1AD ; addr, local, , RAM100, , RAM100.S85:415
KYREAD                          = $7242 ; const, local, , RAM100, , RAM100.S85:92
KillMSG                         = $F53F ; addr, local, , RAM100, , RAM100.S85:933
LC2UCA                          = $0FE9 ; const, local, , RAM100, , RAM100.S85:66
LCD_CDOWN                       = $000A ; const, local, , RAM100, , RAM100.S85:128
LCD_NROWS                       = $0008 ; const, local, , RAM100, , RAM100.S85:127
LF                              = $000A ; const, local, , RAM100, , RAM100.S85:30
LOAD                            = $F2FB ; addr, local, , RAM100, , RAM100.S85:605
LoadMSG                         = $F549 ; addr, local, , RAM100, , RAM100.S85:937
MAIN1                           = $F0A9 ; addr, local, , RAM100, , RAM100.S85:247
MAIN                            = $F084 ; addr, local, , RAM100, , RAM100.S85:230
MAIN@setsp                      = $F084 ; addr, local, , RAM100, , RAM100.S85:231
MAKHOL                          = $6B6D ; const, local, , RAM100, , RAM100.S85:91
MENU                            = $5797 ; const, local, , RAM100, , RAM100.S85:88
MKDIRENT                        = $2239 ; const, local, , RAM100, , RAM100.S85:80
MakeHole                        = $F324 ; addr, local, , RAM100, , RAM100.S85:622
MakeHoleBA                      = $F34F ; addr, local, , RAM100, , RAM100.S85:645
MakeHoleDO                      = $F345 ; addr, local, , RAM100, , RAM100.S85:639
NAME                            = $F1C7 ; addr, local, , RAM100, , RAM100.S85:432
NAME@l0                         = $F1E8 ; addr, local, , RAM100, , RAM100.S85:447
NameMSG                         = $F55D ; addr, local, , RAM100, , RAM100.S85:945
POPALL                          = $14ED ; const, local, , RAM100, , RAM100.S85:69
PORT_CTL0                       = $0081 ; const, local, , RAM100, , RAM100.S85:133
PORT_DATA                       = $0083 ; const, local, , RAM100, , RAM100.S85:134
PRGEND                          = $F5EE ; addr, local, , RAM100, , RAM100.S85:1043
PRGEXE                          = $F076 ; addr, local, , RAM100, , RAM100.S85:211
PRGLEN                          = $0578 ; const, local, , RAM100, , RAM100.S85:0
PRGTOP                          = $F076 ; addr, local, , RAM100, , RAM100.S85:210
PRTASC                          = $39D4 ; const, local, , RAM100, , RAM100.S85:83
PRTSP                           = $001E ; const, local, , RAM100, , RAM100.S85:64
PTILL0                          = $11A2 ; const, local, , RAM100, , RAM100.S85:67
RESETFPS                        = $2146 ; const, local, , RAM100, , RAM100.S85:79
RST_4                           = $0020 ; const, local, , RAM100, , RAM100.S85:60
ReadDataW                       = $F44D ; addr, local, , RAM100, , RAM100.S85:798
ReadKeyboard                    = $F0AC ; addr, local, , RAM100, , RAM100.S85:254
ReadKeyboard@end                = $F0DB ; addr, local, , RAM100, , RAM100.S85:289
ReplaceMSG                      = $F56F ; addr, local, , RAM100, , RAM100.S85:954
SAVE1                           = $F207 ; addr, local, , RAM100, , RAM100.S85:471
SAVE1@ba                        = $F257 ; addr, local, , RAM100, , RAM100.S85:511
SAVE1@do                        = $F250 ; addr, local, , RAM100, , RAM100.S85:505
SAVE1@freekb                    = $F284 ; addr, local, , RAM100, , RAM100.S85:537
SAVE1@l0                        = $F23B ; addr, local, , RAM100, , RAM100.S85:494
SAVE1@l2                        = $F267 ; addr, local, , RAM100, , RAM100.S85:521
SAVE1@l3                        = $F272 ; addr, local, , RAM100, , RAM100.S85:526
SAVE1@l4                        = $F275 ; addr, local, , RAM100, , RAM100.S85:528
SAVE1@l5                        = $F280 ; addr, local, , RAM100, , RAM100.S85:534
SAVE1@l6                        = $F28B ; addr, local, , RAM100, , RAM100.S85:542
SAVE1@l7                        = $F290 ; addr, local, , RAM100, , RAM100.S85:545
SAVE1@l8                        = $F2AF ; addr, local, , RAM100, , RAM100.S85:559
SAVE1@l9                        = $F2C0 ; addr, local, , RAM100, , RAM100.S85:566
SAVE1@la                        = $F2C6 ; addr, local, , RAM100, , RAM100.S85:570
SAVE1@prepfn                    = $F25E ; addr, local, , RAM100, , RAM100.S85:517
SAVE                            = $F201 ; addr, local, , RAM100, , RAM100.S85:468
SCNEMP                          = $20EC ; const, local, , RAM100, , RAM100.S85:77
SPACE                           = $0020 ; const, local, , RAM100, , RAM100.S85:34
SaveMSG                         = $F553 ; addr, local, , RAM100, , RAM100.S85:941
SelectBlock                     = $F5EB ; addr, local, , RAM100, , RAM100.S85:1039
SkipCWords                      = $F445 ; addr, local, , RAM100, , RAM100.S85:791
StampByte0                      = $0040 ; const, local, , RAM100, , RAM100.S85:178
StampByte1                      = $0004 ; const, local, , RAM100, , RAM100.S85:179
SureMSG                         = $F59D ; addr, local, , RAM100, , RAM100.S85:965
TestHardware                    = $F4A8 ; addr, local, , RAM100, , RAM100.S85:867
TitleMSG                        = $F4CF ; addr, local, , RAM100, , RAM100.S85:914
UBLNAS                          = $05F0 ; const, local, , RAM100, , RAM100.S85:65
UNSBA                           = $F99A ; const, local, , RAM100, , RAM100.S85:109
UPDOFILES                       = $213E ; const, local, , RAM100, , RAM100.S85:78
UpdateFreeKB                    = $F160 ; addr, local, , RAM100, , RAM100.S85:369
UpdateFreeKB@l0                 = $F16B ; addr, local, , RAM100, , RAM100.S85:379
UpdateFreeKB@l1                 = $F173 ; addr, local, , RAM100, , RAM100.S85:384
WriteFilename                   = $F2CE ; addr, local, , RAM100, , RAM100.S85:577
WriteFilename@l0                = $F2D9 ; addr, local, , RAM100, , RAM100.S85:582
_BlockNum                       = $F2C7 ; addr, local, , RAM100, , RAM100.S85:912
__head                          = $F070 ; const, public, def, , ,
__size                          = $057E ; const, public, def, , ,
__tail                          = $F5EE ; const, public, def, , ,
bB                              = $F100 ; addr, local, , RAM100, , RAM100.S85:908
bD                              = $F5BD ; addr, local, , RAM100, , RAM100.S85:988
bE                              = $F5BE ; addr, local, , RAM100, , RAM100.S85:991
bI                              = $F14B ; addr, local, , RAM100, , RAM100.S85:907
j01                             = $F0E1 ; addr, local, , RAM100, , RAM100.S85:294
j01@bb                          = $F0FF ; addr, local, , RAM100, , RAM100.S85:314
j01@l0                          = $F0E6 ; addr, local, , RAM100, , RAM100.S85:297
j01@l1                          = $F0F3 ; addr, local, , RAM100, , RAM100.S85:305
j01@l2                          = $F0FC ; addr, local, , RAM100, , RAM100.S85:311
j01@l3                          = $F10C ; addr, local, , RAM100, , RAM100.S85:323
j03                             = $F135 ; addr, local, , RAM100, , RAM100.S85:345
j03@l0                          = $F145 ; addr, local, , RAM100, , RAM100.S85:352
j05                             = $F14A ; addr, local, , RAM100, , RAM100.S85:356
j27                             = $F362 ; addr, local, , RAM100, , RAM100.S85:658
j27@l0                          = $F364 ; addr, local, , RAM100, , RAM100.S85:660
j27@l1                          = $F370 ; addr, local, , RAM100, , RAM100.S85:665
j27@l2                          = $F373 ; addr, local, , RAM100, , RAM100.S85:667
j27@l3                          = $F374 ; addr, local, , RAM100, , RAM100.S85:669
j29                             = $F39B ; addr, local, , RAM100, , RAM100.S85:697
j30                             = $F3A8 ; addr, local, , RAM100, , RAM100.S85:708
j40                             = $F45F ; addr, local, , RAM100, , RAM100.S85:811
j41                             = $F3AB ; addr, local, , RAM100, , RAM100.S85:710
j41@l0                          = $F3C9 ; addr, local, , RAM100, , RAM100.S85:726
j41@l1                          = $F3DA ; addr, local, , RAM100, , RAM100.S85:734
j41@l2                          = $F3EA ; addr, local, , RAM100, , RAM100.S85:741
j42                             = $F40D ; addr, local, , RAM100, , RAM100.S85:758
j43                             = $F418 ; addr, local, , RAM100, , RAM100.S85:766
j44                             = $F410 ; addr, local, , RAM100, , RAM100.S85:761
opcode_IN                       = $00DB ; const, local, , RAM100, , RAM100.S85:25
opcode_OUT                      = $00D3 ; const, local, , RAM100, , RAM100.S85:26
rPRTA                           = $0020 ; const, local, , RAM100, , RAM100.S85:61
wA                              = $F5B8 ; addr, local, , RAM100, , RAM100.S85:979
wC                              = $F5BB ; addr, local, , RAM100, , RAM100.S85:985
wF                              = $F371 ; addr, local, , RAM100, , RAM100.S85:910
wSP                             = $F085 ; addr, local, , RAM100, , RAM100.S85:905
