AsMSG                           = $F567 ; addr, local, , RAM100, , RAM100.S85:949
BANK                            = $F5BF ; addr, local, , RAM100, , RAM100.S85:997
BANK_CTL_OFFSET                 = $0004 ; const, local, , RAM100, , RAM100.S85:136
BEEP                            = $4229 ; const, local, , RAM100, , RAM100.S85:90
BankNumMSG                      = $F4EE ; addr, local, , RAM100, , RAM100.S85:922
Beep                            = $F35E ; addr, local, , RAM100, , RAM100.S85:656
BlockNum                        = $F5BA ; addr, local, , RAM100, , RAM100.S85:982
CFNAME                          = $FC9C ; const, local, , RAM100, , RAM100.S85:121
CHGET                           = $12CB ; const, local, , RAM100, , RAM100.S85:75
CKFN                            = $4C0B ; const, local, , RAM100, , RAM100.S85:93
CMPARE                          = $5A6D ; const, local, , RAM100, , RAM100.S85:94
COFILES                         = $FBB0 ; const, local, , RAM100, , RAM100.S85:118
CR                              = $000D ; const, local, , RAM100, , RAM100.S85:39
CURSOR_ROW                      = $F639 ; const, local, , RAM100, , RAM100.S85:113
CheckIsBankFormatted            = $F437 ; addr, local, , RAM100, , RAM100.S85:783
ConfirmReplace                  = $F1F1 ; addr, local, , RAM100, , RAM100.S85:457
ConfirmReplaceKill              = $F1FB ; addr, local, , RAM100, , RAM100.S85:463
ConfirmWithPrompt               = $F453 ; addr, local, , RAM100, , RAM100.S85:806
CtlPort                         = $F5EC ; addr, local, , RAM100, , RAM100.S85:174
D2H4Bup                         = $3469 ; const, local, , RAM100, , RAM100.S85:88
DOFILES                         = $FBAE ; const, local, , RAM100, , RAM100.S85:117
DeleteRamFile                   = $F2E6 ; addr, local, , RAM100, , RAM100.S85:593
DrawTitle                       = $F15A ; addr, local, , RAM100, , RAM100.S85:367
ESC                             = $001B ; const, local, , RAM100, , RAM100.S85:40
ESCB                            = $446E ; const, local, , RAM100, , RAM100.S85:91
ETRAP                           = $F652 ; const, local, , RAM100, , RAM100.S85:112
FF                              = $000C ; const, local, , RAM100, , RAM100.S85:38
FILES                           = $1F3A ; const, local, , RAM100, , RAM100.S85:77
FINDFN1                         = $20CC ; const, local, , RAM100, , RAM100.S85:82
FINDFN                          = $20AF ; const, local, , RAM100, , RAM100.S85:81
FNAME                           = $FC93 ; const, local, , RAM100, , RAM100.S85:115
FORMAT@NewFormat                = $F47D ; addr, local, , RAM100, , RAM100.S85:830
FORMAT                          = $F468 ; addr, local, , RAM100, , RAM100.S85:821
FORMAT@WriteFormat              = $F49C ; addr, local, , RAM100, , RAM100.S85:852
FORMAT@WriteStamp               = $F48D ; addr, local, , RAM100, , RAM100.S85:846
FORMAT@l0                       = $F49D ; addr, local, , RAM100, , RAM100.S85:854
FattrBA                         = $0080 ; const, local, , RAM100, , RAM100.S85:125
FattrCO                         = $00A0 ; const, local, , RAM100, , RAM100.S85:127
FattrDO                         = $00C0 ; const, local, , RAM100, , RAM100.S85:126
FileAttr                        = $F3DB ; addr, local, , RAM100, , RAM100.S85:912
FilenameMSG                     = $F5B0 ; addr, local, , RAM100, , RAM100.S85:976
FixMSG                          = $F5A5 ; addr, local, , RAM100, , RAM100.S85:970
FormatMSG                       = $F581 ; addr, local, , RAM100, , RAM100.S85:962
FreeKB                          = $F285 ; addr, local, , RAM100, , RAM100.S85:910
FreeMSG                         = $F57C ; addr, local, , RAM100, , RAM100.S85:958
GETEOF                          = $6B2D ; const, local, , RAM100, , RAM100.S85:95
HIMEM                           = $F5EE ; const, local, , RAM100, , RAM100.S85:0
INLIN                           = $4644 ; const, local, , RAM100, , RAM100.S85:92
INSTR_2AB5                      = $2AB5 ; const, local, , RAM100, , RAM100.S85:87
InputFileNameWithPrompt         = $F38D ; addr, local, , RAM100, , RAM100.S85:689
KC7                             = $FF97 ; const, local, , RAM100, , RAM100.S85:116
KILL                            = $F18F ; addr, local, , RAM100, , RAM100.S85:403
KILL@l0                         = $F19F ; addr, local, , RAM100, , RAM100.S85:410
KILL@l1                         = $F1AD ; addr, local, , RAM100, , RAM100.S85:417
KILLDO1                         = $1FD9 ; const, local, , RAM100, , RAM100.S85:79
KILLDO4                         = $2017 ; const, local, , RAM100, , RAM100.S85:80
KILLDO                          = $1FBF ; const, local, , RAM100, , RAM100.S85:78
KYREAD                          = $7242 ; const, local, , RAM100, , RAM100.S85:97
KillMSG                         = $F53F ; addr, local, , RAM100, , RAM100.S85:933
LC2UCA                          = $0FE9 ; const, local, , RAM100, , RAM100.S85:73
LF                              = $000A ; const, local, , RAM100, , RAM100.S85:37
LOAD                            = $F2FB ; addr, local, , RAM100, , RAM100.S85:607
LoadMSG                         = $F549 ; addr, local, , RAM100, , RAM100.S85:937
MAIN1                           = $F0A9 ; addr, local, , RAM100, , RAM100.S85:260
MAIN                            = $F084 ; addr, local, , RAM100, , RAM100.S85:243
MAIN@setsp                      = $F084 ; addr, local, , RAM100, , RAM100.S85:244
MAKHOL                          = $6B6D ; const, local, , RAM100, , RAM100.S85:96
MENU                            = $5797 ; const, local, , RAM100, , RAM100.S85:98
MKDIRENT                        = $2239 ; const, local, , RAM100, , RAM100.S85:86
MYSTERY_20EC                    = $20EC ; const, local, , RAM100, , RAM100.S85:83
MYSTERY_FC99                    = $FC99 ; const, local, , RAM100, , RAM100.S85:119
MYSTERY_FCA2                    = $FCA2 ; const, local, , RAM100, , RAM100.S85:120
MakeHole                        = $F324 ; addr, local, , RAM100, , RAM100.S85:624
MakeHoleBA                      = $F34F ; addr, local, , RAM100, , RAM100.S85:647
MakeHoleDO                      = $F345 ; addr, local, , RAM100, , RAM100.S85:641
NAME                            = $F1C7 ; addr, local, , RAM100, , RAM100.S85:434
NAME@l0                         = $F1E8 ; addr, local, , RAM100, , RAM100.S85:449
NameMSG                         = $F55D ; addr, local, , RAM100, , RAM100.S85:945
POPALL                          = $14ED ; const, local, , RAM100, , RAM100.S85:76
PORT_CTL0                       = $0081 ; const, local, , RAM100, , RAM100.S85:134
PORT_DATA                       = $0083 ; const, local, , RAM100, , RAM100.S85:135
PRGEND                          = $F5EE ; addr, local, , RAM100, , RAM100.S85:1034
PRGEXE                          = $F076 ; addr, local, , RAM100, , RAM100.S85:224
PRGLEN                          = $0578 ; const, local, , RAM100, , RAM100.S85:0
PRGTOP                          = $F076 ; addr, local, , RAM100, , RAM100.S85:223
PRTASC                          = $39D4 ; const, local, , RAM100, , RAM100.S85:89
PRTSP                           = $001E ; const, local, , RAM100, , RAM100.S85:71
PTILL0                          = $11A2 ; const, local, , RAM100, , RAM100.S85:74
RESETFPS                        = $2146 ; const, local, , RAM100, , RAM100.S85:85
RST_4                           = $0020 ; const, local, , RAM100, , RAM100.S85:67
ReadDataW                       = $F44D ; addr, local, , RAM100, , RAM100.S85:800
ReadKeyboard                    = $F0AC ; addr, local, , RAM100, , RAM100.S85:267
ReadKeyboard@end                = $F0DB ; addr, local, , RAM100, , RAM100.S85:289
ReplaceMSG                      = $F56F ; addr, local, , RAM100, , RAM100.S85:954
SAVE1                           = $F207 ; addr, local, , RAM100, , RAM100.S85:473
SAVE1@ba                        = $F257 ; addr, local, , RAM100, , RAM100.S85:513
SAVE1@do                        = $F250 ; addr, local, , RAM100, , RAM100.S85:507
SAVE1@freekb                    = $F284 ; addr, local, , RAM100, , RAM100.S85:539
SAVE1@l0                        = $F23B ; addr, local, , RAM100, , RAM100.S85:496
SAVE1@l2                        = $F267 ; addr, local, , RAM100, , RAM100.S85:523
SAVE1@l3                        = $F272 ; addr, local, , RAM100, , RAM100.S85:528
SAVE1@l4                        = $F275 ; addr, local, , RAM100, , RAM100.S85:530
SAVE1@l5                        = $F280 ; addr, local, , RAM100, , RAM100.S85:536
SAVE1@l6                        = $F28B ; addr, local, , RAM100, , RAM100.S85:544
SAVE1@l7                        = $F290 ; addr, local, , RAM100, , RAM100.S85:547
SAVE1@l8                        = $F2AF ; addr, local, , RAM100, , RAM100.S85:561
SAVE1@l9                        = $F2C0 ; addr, local, , RAM100, , RAM100.S85:568
SAVE1@la                        = $F2C6 ; addr, local, , RAM100, , RAM100.S85:572
SAVE1@prepfn                    = $F25E ; addr, local, , RAM100, , RAM100.S85:519
SAVE                            = $F201 ; addr, local, , RAM100, , RAM100.S85:470
SPACE                           = $0020 ; const, local, , RAM100, , RAM100.S85:41
SaveMSG                         = $F553 ; addr, local, , RAM100, , RAM100.S85:941
SelectBlock                     = $F5EB ; addr, local, , RAM100, , RAM100.S85:1030
SkipCWords                      = $F445 ; addr, local, , RAM100, , RAM100.S85:793
StampByte0                      = $0040 ; const, local, , RAM100, , RAM100.S85:191
StampByte1                      = $0004 ; const, local, , RAM100, , RAM100.S85:192
SureMSG                         = $F59D ; addr, local, , RAM100, , RAM100.S85:965
TestHardware                    = $F4A8 ; addr, local, , RAM100, , RAM100.S85:869
TitleMSG                        = $F4CF ; addr, local, , RAM100, , RAM100.S85:915
UBLNAS                          = $05F0 ; const, local, , RAM100, , RAM100.S85:72
UNSBA                           = $F99A ; const, local, , RAM100, , RAM100.S85:114
UPDOFILES                       = $213E ; const, local, , RAM100, , RAM100.S85:84
UpdateFreeKB                    = $F160 ; addr, local, , RAM100, , RAM100.S85:371
UpdateFreeKB@l0                 = $F16B ; addr, local, , RAM100, , RAM100.S85:381
UpdateFreeKB@l1                 = $F173 ; addr, local, , RAM100, , RAM100.S85:386
WriteFilename                   = $F2CE ; addr, local, , RAM100, , RAM100.S85:579
WriteFilename@l0                = $F2D9 ; addr, local, , RAM100, , RAM100.S85:584
_BlockNum                       = $F2C7 ; addr, local, , RAM100, , RAM100.S85:913
__head                          = $F070 ; const, public, def, , ,
__size                          = $057E ; const, public, def, , ,
__tail                          = $F5EE ; const, public, def, , ,
bB                              = $F100 ; addr, local, , RAM100, , RAM100.S85:909
bD                              = $F5BD ; addr, local, , RAM100, , RAM100.S85:988
bE                              = $F5BE ; addr, local, , RAM100, , RAM100.S85:991
bI                              = $F14B ; addr, local, , RAM100, , RAM100.S85:908
j01                             = $F0E1 ; addr, local, , RAM100, , RAM100.S85:294
j02                             = $F0F3 ; addr, local, , RAM100, , RAM100.S85:306
j03                             = $F135 ; addr, local, , RAM100, , RAM100.S85:346
j04                             = $F145 ; addr, local, , RAM100, , RAM100.S85:354
j05                             = $F14A ; addr, local, , RAM100, , RAM100.S85:358
j27                             = $F362 ; addr, local, , RAM100, , RAM100.S85:660
j27@l0                          = $F364 ; addr, local, , RAM100, , RAM100.S85:662
j27@l1                          = $F370 ; addr, local, , RAM100, , RAM100.S85:667
j27@l2                          = $F373 ; addr, local, , RAM100, , RAM100.S85:669
j27@l3                          = $F374 ; addr, local, , RAM100, , RAM100.S85:671
j29                             = $F39B ; addr, local, , RAM100, , RAM100.S85:699
j30                             = $F3A8 ; addr, local, , RAM100, , RAM100.S85:710
j33                             = $F0E6 ; addr, local, , RAM100, , RAM100.S85:297
j34                             = $F0FC ; addr, local, , RAM100, , RAM100.S85:312
j34@l0                          = $F0FF ; addr, local, , RAM100, , RAM100.S85:315
j39                             = $F10C ; addr, local, , RAM100, , RAM100.S85:324
j40                             = $F45F ; addr, local, , RAM100, , RAM100.S85:813
j41                             = $F3AB ; addr, local, , RAM100, , RAM100.S85:712
j41@l0                          = $F3C9 ; addr, local, , RAM100, , RAM100.S85:728
j41@l1                          = $F3DA ; addr, local, , RAM100, , RAM100.S85:736
j41@l2                          = $F3EA ; addr, local, , RAM100, , RAM100.S85:743
j42                             = $F40D ; addr, local, , RAM100, , RAM100.S85:760
j43                             = $F418 ; addr, local, , RAM100, , RAM100.S85:768
j44                             = $F410 ; addr, local, , RAM100, , RAM100.S85:763
opcode_IN                       = $00DB ; const, local, , RAM100, , RAM100.S85:32
opcode_OUT                      = $00D3 ; const, local, , RAM100, , RAM100.S85:33
rPRTA                           = $0020 ; const, local, , RAM100, , RAM100.S85:68
wA                              = $F5B8 ; addr, local, , RAM100, , RAM100.S85:979
wC                              = $F5BB ; addr, local, , RAM100, , RAM100.S85:985
wF                              = $F371 ; addr, local, , RAM100, , RAM100.S85:911
wSP                             = $F085 ; addr, local, , RAM100, , RAM100.S85:907
