AsMSG                           = $F567 ; addr, local, , RAMDSK, , RAMDSK.S85:904
BAFILES                         = $F99A ; const, local, , RAMDSK, , 100.S85:49
BANK                            = $F5BF ; addr, local, , RAMDSK, , RAMDSK.S85:952
BANK_CTL_OFFSET                 = $0004 ; const, local, , RAMDSK, , RAMDSK.S85:97
BEEP                            = $4229 ; const, local, , RAMDSK, , 100.S85:26
BankNumMSG                      = $F4EE ; addr, local, , RAMDSK, , RAMDSK.S85:876
Beep                            = $F35E ; addr, local, , RAMDSK, , RAMDSK.S85:609
BlockNum                        = $F5BA ; addr, local, , RAMDSK, , RAMDSK.S85:937
CDNCT                           = $000A ; const, local, , RAMDSK, , 100.S85:52
CFNAME                          = $FC9C ; const, local, , RAMDSK, , 100.S85:45
CHGET                           = $12CB ; const, local, , RAMDSK, , 100.S85:10
CKFN                            = $4C0B ; const, local, , RAMDSK, , 100.S85:29
CMPARE                          = $5A6D ; const, local, , RAMDSK, , 100.S85:31
COFILES                         = $FBB0 ; const, local, , RAMDSK, , 100.S85:42
CR                              = $000D ; const, local, , RAMDSK, , RAMDSK.S85:45
CURSOR_ROW                      = $F639 ; const, local, , RAMDSK, , 100.S85:37
CheckIsBankFormatted            = $F437 ; addr, local, , RAMDSK, , RAMDSK.S85:736
ConfirmDeleteRamFile            = $F2E6 ; addr, local, , RAMDSK, , RAMDSK.S85:551
ConfirmReplace                  = $F1F1 ; addr, local, , RAMDSK, , RAMDSK.S85:415
ConfirmReplaceKill              = $F1FB ; addr, local, , RAMDSK, , RAMDSK.S85:421
ConfirmWithPrompt               = $F453 ; addr, local, , RAMDSK, , RAMDSK.S85:759
CtlPort                         = $F5EC ; addr, local, , RAMDSK, , RAMDSK.S85:861
D2H4Bup                         = $3469 ; const, local, , RAMDSK, , 100.S85:24
DEFAULT_HIMEM                   = $F5EE ; const, local, , RAMDSK, , 100.S85:53
DOFILES                         = $FBAE ; const, local, , RAMDSK, , 100.S85:41
DrawTitle                       = $F15A ; addr, local, , RAMDSK, , RAMDSK.S85:325
ESC                             = $001B ; const, local, , RAMDSK, , RAMDSK.S85:46
ESCB                            = $446E ; const, local, , RAMDSK, , 100.S85:27
ETRAP                           = $F652 ; const, local, , RAMDSK, , 100.S85:38
FF                              = $000C ; const, local, , RAMDSK, , RAMDSK.S85:44
FILES                           = $1F3A ; const, local, , RAMDSK, , 100.S85:12
FINDFN1                         = $20CC ; const, local, , RAMDSK, , 100.S85:18
FINDFN                          = $20AF ; const, local, , RAMDSK, , 100.S85:17
FNAME                           = $FC93 ; const, local, , RAMDSK, , 100.S85:43
FORMAT@NewFormat                = $F47D ; addr, local, , RAMDSK, , RAMDSK.S85:783
FORMAT                          = $F468 ; addr, local, , RAMDSK, , RAMDSK.S85:774
FORMAT@WriteFormat              = $F49C ; addr, local, , RAMDSK, , RAMDSK.S85:805
FORMAT@WriteStamp               = $F48D ; addr, local, , RAMDSK, , RAMDSK.S85:799
FORMAT@l0                       = $F49D ; addr, local, , RAMDSK, , RAMDSK.S85:807
FX1                             = $FC99 ; const, local, , RAMDSK, , 100.S85:44
FX2                             = $FCA2 ; const, local, , RAMDSK, , 100.S85:46
FattrBA                         = $0080 ; const, local, , RAMDSK, , RAMDSK.S85:73
FattrCO                         = $00A0 ; const, local, , RAMDSK, , RAMDSK.S85:75
FattrDO                         = $00C0 ; const, local, , RAMDSK, , RAMDSK.S85:74
FileAttr                        = $F3DB ; addr, local, , RAMDSK, , RAMDSK.S85:866
FilenameMSG                     = $F5B0 ; addr, local, , RAMDSK, , RAMDSK.S85:931
FixMSG                          = $F5A5 ; addr, local, , RAMDSK, , RAMDSK.S85:925
FormatMSG                       = $F581 ; addr, local, , RAMDSK, , RAMDSK.S85:917
FreeKB                          = $F285 ; addr, local, , RAMDSK, , RAMDSK.S85:864
FreeMSG                         = $F57C ; addr, local, , RAMDSK, , RAMDSK.S85:913
GETEOF                          = $6B2D ; const, local, , RAMDSK, , 100.S85:32
HIMEM                           = $F5EE ; const, local, , RAMDSK, , RAMDSK.S85:157
INLIN                           = $4644 ; const, local, , RAMDSK, , 100.S85:28
INSTR_X1                        = $2AB5 ; const, local, , RAMDSK, , 100.S85:23
InputFileNameWithPrompt         = $F38D ; addr, local, , RAMDSK, , RAMDSK.S85:642
KC7                             = $FF97 ; const, local, , RAMDSK, , 100.S85:47
KILASC                          = $1FBF ; const, local, , RAMDSK, , 100.S85:13
KILBAS                          = $2017 ; const, local, , RAMDSK, , 100.S85:15
KILCOM                          = $1FD9 ; const, local, , RAMDSK, , 100.S85:14
KILL                            = $F18F ; addr, local, , RAMDSK, , RAMDSK.S85:361
KILL@l0                         = $F19F ; addr, local, , RAMDSK, , RAMDSK.S85:368
KILL@l1                         = $F1AD ; addr, local, , RAMDSK, , RAMDSK.S85:375
KYREAD                          = $7242 ; const, local, , RAMDSK, , 100.S85:34
KillMSG                         = $F53F ; addr, local, , RAMDSK, , RAMDSK.S85:888
LC2UCA                          = $0FE9 ; const, local, , RAMDSK, , 100.S85:8
LF                              = $000A ; const, local, , RAMDSK, , RAMDSK.S85:43
LOAD                            = $F2FB ; addr, local, , RAMDSK, , RAMDSK.S85:560
LoadMSG                         = $F549 ; addr, local, , RAMDSK, , RAMDSK.S85:892
MAIN1                           = $F0A9 ; addr, local, , RAMDSK, , RAMDSK.S85:207
MAIN                            = $F084 ; addr, local, , RAMDSK, , RAMDSK.S85:190
MAIN@setsp                      = $F084 ; addr, local, , RAMDSK, , RAMDSK.S85:191
MAKHOL                          = $6B6D ; const, local, , RAMDSK, , 100.S85:33
MENU                            = $5797 ; const, local, , RAMDSK, , 100.S85:30
MKDIRENT                        = $2239 ; const, local, , RAMDSK, , 100.S85:22
MakeHole                        = $F324 ; addr, local, , RAMDSK, , RAMDSK.S85:577
MakeHoleBA                      = $F34F ; addr, local, , RAMDSK, , RAMDSK.S85:600
MakeHoleDO                      = $F345 ; addr, local, , RAMDSK, , RAMDSK.S85:594
NAME                            = $F1C7 ; addr, local, , RAMDSK, , RAMDSK.S85:392
NAME@l0                         = $F1E8 ; addr, local, , RAMDSK, , RAMDSK.S85:407
NROWS                           = $0008 ; const, local, , RAMDSK, , 100.S85:51
NameMSG                         = $F55D ; addr, local, , RAMDSK, , RAMDSK.S85:900
POPALL                          = $14ED ; const, local, , RAMDSK, , 100.S85:11
PORT_CTL0                       = $0081 ; const, local, , RAMDSK, , RAMDSK.S85:95
PORT_DATA                       = $0083 ; const, local, , RAMDSK, , RAMDSK.S85:96
PRGEND                          = $F5EE ; addr, local, , RAMDSK, , RAMDSK.S85:998
PRGEXE                          = $F076 ; addr, local, , RAMDSK, , RAMDSK.S85:171
PRGLEN                          = $0578 ; const, local, , RAMDSK, , RAMDSK.S85:0
PRGTOP                          = $F076 ; addr, local, , RAMDSK, , RAMDSK.S85:170
PRTASC                          = $39D4 ; const, local, , RAMDSK, , 100.S85:25
PRTSP                           = $001E ; const, local, , RAMDSK, , 100.S85:6
PTILL0                          = $11A2 ; const, local, , RAMDSK, , 100.S85:9
RESETFPS                        = $2146 ; const, local, , RAMDSK, , 100.S85:21
RST_4                           = $0020 ; const, local, , RAMDSK, , RAMDSK.S85:78
ReadDataW                       = $F44D ; addr, local, , RAMDSK, , RAMDSK.S85:753
ReadKeyboard                    = $F0AC ; addr, local, , RAMDSK, , RAMDSK.S85:214
ReadKeyboard@end                = $F0DB ; addr, local, , RAMDSK, , RAMDSK.S85:249
ReplaceMSG                      = $F56F ; addr, local, , RAMDSK, , RAMDSK.S85:909
SAVE1                           = $F207 ; addr, local, , RAMDSK, , RAMDSK.S85:431
SAVE1@ba                        = $F257 ; addr, local, , RAMDSK, , RAMDSK.S85:471
SAVE1@do                        = $F250 ; addr, local, , RAMDSK, , RAMDSK.S85:465
SAVE1@freekb                    = $F284 ; addr, local, , RAMDSK, , RAMDSK.S85:497
SAVE1@l0                        = $F23B ; addr, local, , RAMDSK, , RAMDSK.S85:454
SAVE1@l2                        = $F267 ; addr, local, , RAMDSK, , RAMDSK.S85:481
SAVE1@l3                        = $F272 ; addr, local, , RAMDSK, , RAMDSK.S85:486
SAVE1@l4                        = $F275 ; addr, local, , RAMDSK, , RAMDSK.S85:488
SAVE1@l5                        = $F280 ; addr, local, , RAMDSK, , RAMDSK.S85:494
SAVE1@l6                        = $F28B ; addr, local, , RAMDSK, , RAMDSK.S85:502
SAVE1@l7                        = $F290 ; addr, local, , RAMDSK, , RAMDSK.S85:505
SAVE1@l8                        = $F2AF ; addr, local, , RAMDSK, , RAMDSK.S85:519
SAVE1@l9                        = $F2C0 ; addr, local, , RAMDSK, , RAMDSK.S85:526
SAVE1@la                        = $F2C6 ; addr, local, , RAMDSK, , RAMDSK.S85:530
SAVE1@prepfn                    = $F25E ; addr, local, , RAMDSK, , RAMDSK.S85:477
SAVE                            = $F201 ; addr, local, , RAMDSK, , RAMDSK.S85:428
SCNEMP                          = $20EC ; const, local, , RAMDSK, , 100.S85:19
SPACE                           = $0020 ; const, local, , RAMDSK, , RAMDSK.S85:47
SaveMSG                         = $F553 ; addr, local, , RAMDSK, , RAMDSK.S85:896
SelectBlock                     = $F5EB ; addr, local, , RAMDSK, , RAMDSK.S85:994
SkipCWords                      = $F445 ; addr, local, , RAMDSK, , RAMDSK.S85:746
StampByte0                      = $0040 ; const, local, , RAMDSK, , RAMDSK.S85:140
StampByte1                      = $0004 ; const, local, , RAMDSK, , RAMDSK.S85:141
SureMSG                         = $F59D ; addr, local, , RAMDSK, , RAMDSK.S85:920
TestHardware                    = $F4A8 ; addr, local, , RAMDSK, , RAMDSK.S85:822
TitleMSG                        = $F4CF ; addr, local, , RAMDSK, , RAMDSK.S85:869
UBLNAS                          = $05F0 ; const, local, , RAMDSK, , 100.S85:7
UNSBA                           = $F99A ; const, local, , RAMDSK, , 100.S85:40
UPDOFILES                       = $213E ; const, local, , RAMDSK, , 100.S85:20
UpdateFreeKB                    = $F160 ; addr, local, , RAMDSK, , RAMDSK.S85:329
UpdateFreeKB@l0                 = $F16B ; addr, local, , RAMDSK, , RAMDSK.S85:339
UpdateFreeKB@l1                 = $F173 ; addr, local, , RAMDSK, , RAMDSK.S85:344
WriteFilename                   = $F2CE ; addr, local, , RAMDSK, , RAMDSK.S85:537
WriteFilename@l0                = $F2D9 ; addr, local, , RAMDSK, , RAMDSK.S85:542
_BlockNum                       = $F2C7 ; addr, local, , RAMDSK, , RAMDSK.S85:867
__head                          = $F070 ; const, public, def, , ,
__size                          = $057E ; const, public, def, , ,
__tail                          = $F5EE ; const, public, def, , ,
bB                              = $F100 ; addr, local, , RAMDSK, , RAMDSK.S85:863
bD                              = $F5BD ; addr, local, , RAMDSK, , RAMDSK.S85:943
bE                              = $F5BE ; addr, local, , RAMDSK, , RAMDSK.S85:946
bI                              = $F14B ; addr, local, , RAMDSK, , RAMDSK.S85:862
j01                             = $F0E1 ; addr, local, , RAMDSK, , RAMDSK.S85:254
j01@bb                          = $F0FF ; addr, local, , RAMDSK, , RAMDSK.S85:274
j01@l0                          = $F0E6 ; addr, local, , RAMDSK, , RAMDSK.S85:257
j01@l1                          = $F0F3 ; addr, local, , RAMDSK, , RAMDSK.S85:265
j01@l2                          = $F0FC ; addr, local, , RAMDSK, , RAMDSK.S85:271
j01@l3                          = $F10C ; addr, local, , RAMDSK, , RAMDSK.S85:283
j03                             = $F135 ; addr, local, , RAMDSK, , RAMDSK.S85:305
j03@l0                          = $F145 ; addr, local, , RAMDSK, , RAMDSK.S85:312
j05                             = $F14A ; addr, local, , RAMDSK, , RAMDSK.S85:316
j27                             = $F362 ; addr, local, , RAMDSK, , RAMDSK.S85:613
j27@l0                          = $F364 ; addr, local, , RAMDSK, , RAMDSK.S85:615
j27@l1                          = $F370 ; addr, local, , RAMDSK, , RAMDSK.S85:620
j27@l2                          = $F373 ; addr, local, , RAMDSK, , RAMDSK.S85:622
j27@l3                          = $F374 ; addr, local, , RAMDSK, , RAMDSK.S85:624
j29                             = $F39B ; addr, local, , RAMDSK, , RAMDSK.S85:652
j30                             = $F3A8 ; addr, local, , RAMDSK, , RAMDSK.S85:663
j40                             = $F45F ; addr, local, , RAMDSK, , RAMDSK.S85:766
j41                             = $F3AB ; addr, local, , RAMDSK, , RAMDSK.S85:665
j41@l0                          = $F3C9 ; addr, local, , RAMDSK, , RAMDSK.S85:681
j41@l1                          = $F3DA ; addr, local, , RAMDSK, , RAMDSK.S85:689
j41@l2                          = $F3EA ; addr, local, , RAMDSK, , RAMDSK.S85:696
j42                             = $F40D ; addr, local, , RAMDSK, , RAMDSK.S85:713
j43                             = $F418 ; addr, local, , RAMDSK, , RAMDSK.S85:721
j44                             = $F410 ; addr, local, , RAMDSK, , RAMDSK.S85:716
opcode_IN                       = $00DB ; const, local, , RAMDSK, , RAMDSK.S85:38
opcode_OUT                      = $00D3 ; const, local, , RAMDSK, , RAMDSK.S85:39
rPRTA                           = $0020 ; const, local, , RAMDSK, , RAMDSK.S85:79
wA                              = $F5B8 ; addr, local, , RAMDSK, , RAMDSK.S85:934
wC                              = $F5BB ; addr, local, , RAMDSK, , RAMDSK.S85:940
wF                              = $F371 ; addr, local, , RAMDSK, , RAMDSK.S85:865
wSP                             = $F085 ; addr, local, , RAMDSK, , RAMDSK.S85:860
