AsMSG                           = $F567 ; addr, local, , RAMDSK, , RAMDSK.S85:905
BAFILES                         = $F99A ; const, local, , RAMDSK, , 100.S85:48
BANK                            = $F5BF ; addr, local, , RAMDSK, , RAMDSK.S85:953
BANK_CTL_OFFSET                 = $0004 ; const, local, , RAMDSK, , RAMDSK.S85:98
BEEP                            = $4229 ; const, local, , RAMDSK, , 100.S85:25
BankNumMSG                      = $F4EE ; addr, local, , RAMDSK, , RAMDSK.S85:877
Beep                            = $F35E ; addr, local, , RAMDSK, , RAMDSK.S85:610
BlockNum                        = $F5BA ; addr, local, , RAMDSK, , RAMDSK.S85:938
CDNCT                           = $000A ; const, local, , RAMDSK, , 100.S85:51
CFNAME                          = $FC9C ; const, local, , RAMDSK, , 100.S85:44
CHGET                           = $12CB ; const, local, , RAMDSK, , 100.S85:10
CKFN                            = $4C0B ; const, local, , RAMDSK, , 100.S85:28
CMPARE                          = $5A6D ; const, local, , RAMDSK, , 100.S85:30
COFILES                         = $FBB0 ; const, local, , RAMDSK, , 100.S85:41
CR                              = $000D ; const, local, , RAMDSK, , RAMDSK.S85:46
CSRY                            = $F639 ; const, local, , RAMDSK, , 100.S85:36
CheckIsBankFormatted            = $F437 ; addr, local, , RAMDSK, , RAMDSK.S85:737
ConfirmDeleteRamFile            = $F2E6 ; addr, local, , RAMDSK, , RAMDSK.S85:552
ConfirmReplace                  = $F1F1 ; addr, local, , RAMDSK, , RAMDSK.S85:416
ConfirmReplaceKill              = $F1FB ; addr, local, , RAMDSK, , RAMDSK.S85:422
ConfirmWithPrompt               = $F453 ; addr, local, , RAMDSK, , RAMDSK.S85:760
CtlPort                         = $F5EC ; addr, local, , RAMDSK, , RAMDSK.S85:862
D2H4Bup                         = $3469 ; const, local, , RAMDSK, , 100.S85:23
DEFAULT_HIMEM                   = $F5EE ; const, local, , RAMDSK, , 100.S85:52
DOFILES                         = $FBAE ; const, local, , RAMDSK, , 100.S85:40
DrawTitle                       = $F15A ; addr, local, , RAMDSK, , RAMDSK.S85:326
ESC                             = $001B ; const, local, , RAMDSK, , RAMDSK.S85:47
ESCB                            = $446E ; const, local, , RAMDSK, , 100.S85:26
ETRAP                           = $F652 ; const, local, , RAMDSK, , 100.S85:37
FF                              = $000C ; const, local, , RAMDSK, , RAMDSK.S85:45
FILES                           = $1F3A ; const, local, , RAMDSK, , 100.S85:12
FINDFN1                         = $20CC ; const, local, , RAMDSK, , 100.S85:17
FINDFN                          = $20AF ; const, local, , RAMDSK, , 100.S85:16
FNAME                           = $FC93 ; const, local, , RAMDSK, , 100.S85:42
FORMAT@NewFormat                = $F47D ; addr, local, , RAMDSK, , RAMDSK.S85:784
FORMAT                          = $F468 ; addr, local, , RAMDSK, , RAMDSK.S85:775
FORMAT@WriteFormat              = $F49C ; addr, local, , RAMDSK, , RAMDSK.S85:806
FORMAT@WriteStamp               = $F48D ; addr, local, , RAMDSK, , RAMDSK.S85:800
FORMAT@l0                       = $F49D ; addr, local, , RAMDSK, , RAMDSK.S85:808
FX1                             = $FC99 ; const, local, , RAMDSK, , 100.S85:43
FX2                             = $FCA2 ; const, local, , RAMDSK, , 100.S85:45
FattrBA                         = $0080 ; const, local, , RAMDSK, , RAMDSK.S85:74
FattrCO                         = $00A0 ; const, local, , RAMDSK, , RAMDSK.S85:76
FattrDO                         = $00C0 ; const, local, , RAMDSK, , RAMDSK.S85:75
FileAttr                        = $F3DB ; addr, local, , RAMDSK, , RAMDSK.S85:867
FilenameMSG                     = $F5B0 ; addr, local, , RAMDSK, , RAMDSK.S85:932
FixMSG                          = $F5A5 ; addr, local, , RAMDSK, , RAMDSK.S85:926
FormatMSG                       = $F581 ; addr, local, , RAMDSK, , RAMDSK.S85:918
FreeKB                          = $F285 ; addr, local, , RAMDSK, , RAMDSK.S85:865
FreeMSG                         = $F57C ; addr, local, , RAMDSK, , RAMDSK.S85:914
GETEOF                          = $6B2D ; const, local, , RAMDSK, , 100.S85:31
HIMEM                           = $F5EE ; const, local, , RAMDSK, , RAMDSK.S85:158
INLIN                           = $4644 ; const, local, , RAMDSK, , 100.S85:27
INR_A_RET                       = $2AB5 ; const, local, , RAMDSK, , 100.S85:22
InputFileNameWithPrompt         = $F38D ; addr, local, , RAMDSK, , RAMDSK.S85:643
KC7                             = $FF97 ; const, local, , RAMDSK, , 100.S85:46
KILASC                          = $1FBF ; const, local, , RAMDSK, , 100.S85:13
KILBAS                          = $2017 ; const, local, , RAMDSK, , 100.S85:15
KILCOM                          = $1FD9 ; const, local, , RAMDSK, , 100.S85:14
KILL                            = $F18F ; addr, local, , RAMDSK, , RAMDSK.S85:362
KILL@l0                         = $F19F ; addr, local, , RAMDSK, , RAMDSK.S85:369
KILL@l1                         = $F1AD ; addr, local, , RAMDSK, , RAMDSK.S85:376
KYREAD                          = $7242 ; const, local, , RAMDSK, , 100.S85:33
KillMSG                         = $F53F ; addr, local, , RAMDSK, , RAMDSK.S85:889
LC2UCA                          = $0FE9 ; const, local, , RAMDSK, , 100.S85:8
LF                              = $000A ; const, local, , RAMDSK, , RAMDSK.S85:44
LOAD                            = $F2FB ; addr, local, , RAMDSK, , RAMDSK.S85:561
LoadMSG                         = $F549 ; addr, local, , RAMDSK, , RAMDSK.S85:893
MAIN1                           = $F0A9 ; addr, local, , RAMDSK, , RAMDSK.S85:208
MAIN                            = $F084 ; addr, local, , RAMDSK, , RAMDSK.S85:191
MAIN@setsp                      = $F084 ; addr, local, , RAMDSK, , RAMDSK.S85:192
MAKHOL                          = $6B6D ; const, local, , RAMDSK, , 100.S85:32
MENU                            = $5797 ; const, local, , RAMDSK, , 100.S85:29
MKDIRENT                        = $2239 ; const, local, , RAMDSK, , 100.S85:21
MakeHole                        = $F324 ; addr, local, , RAMDSK, , RAMDSK.S85:578
MakeHoleBA                      = $F34F ; addr, local, , RAMDSK, , RAMDSK.S85:601
MakeHoleDO                      = $F345 ; addr, local, , RAMDSK, , RAMDSK.S85:595
NAME                            = $F1C7 ; addr, local, , RAMDSK, , RAMDSK.S85:393
NAME@l0                         = $F1E8 ; addr, local, , RAMDSK, , RAMDSK.S85:408
NROWS                           = $0008 ; const, local, , RAMDSK, , 100.S85:50
NameMSG                         = $F55D ; addr, local, , RAMDSK, , RAMDSK.S85:901
POPALL                          = $14ED ; const, local, , RAMDSK, , 100.S85:11
PORT_CTL0                       = $0081 ; const, local, , RAMDSK, , RAMDSK.S85:96
PORT_DATA                       = $0083 ; const, local, , RAMDSK, , RAMDSK.S85:97
PRGEND                          = $F5EE ; addr, local, , RAMDSK, , RAMDSK.S85:999
PRGEXE                          = $F076 ; addr, local, , RAMDSK, , RAMDSK.S85:172
PRGLEN                          = $0578 ; const, local, , RAMDSK, , RAMDSK.S85:0
PRGTOP                          = $F076 ; addr, local, , RAMDSK, , RAMDSK.S85:171
PRTASC                          = $39D4 ; const, local, , RAMDSK, , 100.S85:24
PRTSP                           = $001E ; const, local, , RAMDSK, , 100.S85:6
PTILL0                          = $11A2 ; const, local, , RAMDSK, , 100.S85:9
RESETFPS                        = $2146 ; const, local, , RAMDSK, , 100.S85:20
RST_4                           = $0020 ; const, local, , RAMDSK, , RAMDSK.S85:79
ReadDataW                       = $F44D ; addr, local, , RAMDSK, , RAMDSK.S85:754
ReadKeyboard                    = $F0AC ; addr, local, , RAMDSK, , RAMDSK.S85:215
ReadKeyboard@end                = $F0DB ; addr, local, , RAMDSK, , RAMDSK.S85:250
ReplaceMSG                      = $F56F ; addr, local, , RAMDSK, , RAMDSK.S85:910
SAVE1                           = $F207 ; addr, local, , RAMDSK, , RAMDSK.S85:432
SAVE1@ba                        = $F257 ; addr, local, , RAMDSK, , RAMDSK.S85:472
SAVE1@do                        = $F250 ; addr, local, , RAMDSK, , RAMDSK.S85:466
SAVE1@freekb                    = $F284 ; addr, local, , RAMDSK, , RAMDSK.S85:498
SAVE1@l0                        = $F23B ; addr, local, , RAMDSK, , RAMDSK.S85:455
SAVE1@l2                        = $F267 ; addr, local, , RAMDSK, , RAMDSK.S85:482
SAVE1@l3                        = $F272 ; addr, local, , RAMDSK, , RAMDSK.S85:487
SAVE1@l4                        = $F275 ; addr, local, , RAMDSK, , RAMDSK.S85:489
SAVE1@l5                        = $F280 ; addr, local, , RAMDSK, , RAMDSK.S85:495
SAVE1@l6                        = $F28B ; addr, local, , RAMDSK, , RAMDSK.S85:503
SAVE1@l7                        = $F290 ; addr, local, , RAMDSK, , RAMDSK.S85:506
SAVE1@l8                        = $F2AF ; addr, local, , RAMDSK, , RAMDSK.S85:520
SAVE1@l9                        = $F2C0 ; addr, local, , RAMDSK, , RAMDSK.S85:527
SAVE1@la                        = $F2C6 ; addr, local, , RAMDSK, , RAMDSK.S85:531
SAVE1@prepfn                    = $F25E ; addr, local, , RAMDSK, , RAMDSK.S85:478
SAVE                            = $F201 ; addr, local, , RAMDSK, , RAMDSK.S85:429
SCNEMP                          = $20EC ; const, local, , RAMDSK, , 100.S85:18
SPACE                           = $0020 ; const, local, , RAMDSK, , RAMDSK.S85:48
SaveMSG                         = $F553 ; addr, local, , RAMDSK, , RAMDSK.S85:897
SelectBlock                     = $F5EB ; addr, local, , RAMDSK, , RAMDSK.S85:995
SkipCWords                      = $F445 ; addr, local, , RAMDSK, , RAMDSK.S85:747
StampByte0                      = $0040 ; const, local, , RAMDSK, , RAMDSK.S85:141
StampByte1                      = $0004 ; const, local, , RAMDSK, , RAMDSK.S85:142
SureMSG                         = $F59D ; addr, local, , RAMDSK, , RAMDSK.S85:921
TestHardware                    = $F4A8 ; addr, local, , RAMDSK, , RAMDSK.S85:823
TitleMSG                        = $F4CF ; addr, local, , RAMDSK, , RAMDSK.S85:870
UBLNAS                          = $05F0 ; const, local, , RAMDSK, , 100.S85:7
UNSAVBA                         = $F99A ; const, local, , RAMDSK, , 100.S85:39
UPDOFILES                       = $213E ; const, local, , RAMDSK, , 100.S85:19
UpdateFreeKB                    = $F160 ; addr, local, , RAMDSK, , RAMDSK.S85:330
UpdateFreeKB@l0                 = $F16B ; addr, local, , RAMDSK, , RAMDSK.S85:340
UpdateFreeKB@l1                 = $F173 ; addr, local, , RAMDSK, , RAMDSK.S85:345
WriteFilename                   = $F2CE ; addr, local, , RAMDSK, , RAMDSK.S85:538
WriteFilename@l0                = $F2D9 ; addr, local, , RAMDSK, , RAMDSK.S85:543
_BlockNum                       = $F2C7 ; addr, local, , RAMDSK, , RAMDSK.S85:868
__head                          = $F070 ; const, public, def, , ,
__size                          = $057E ; const, public, def, , ,
__tail                          = $F5EE ; const, public, def, , ,
bB                              = $F100 ; addr, local, , RAMDSK, , RAMDSK.S85:864
bD                              = $F5BD ; addr, local, , RAMDSK, , RAMDSK.S85:944
bE                              = $F5BE ; addr, local, , RAMDSK, , RAMDSK.S85:947
bI                              = $F14B ; addr, local, , RAMDSK, , RAMDSK.S85:863
j01                             = $F0E1 ; addr, local, , RAMDSK, , RAMDSK.S85:255
j01@bb                          = $F0FF ; addr, local, , RAMDSK, , RAMDSK.S85:275
j01@l0                          = $F0E6 ; addr, local, , RAMDSK, , RAMDSK.S85:258
j01@l1                          = $F0F3 ; addr, local, , RAMDSK, , RAMDSK.S85:266
j01@l2                          = $F0FC ; addr, local, , RAMDSK, , RAMDSK.S85:272
j01@l3                          = $F10C ; addr, local, , RAMDSK, , RAMDSK.S85:284
j03                             = $F135 ; addr, local, , RAMDSK, , RAMDSK.S85:306
j03@l0                          = $F145 ; addr, local, , RAMDSK, , RAMDSK.S85:313
j05                             = $F14A ; addr, local, , RAMDSK, , RAMDSK.S85:317
j27                             = $F362 ; addr, local, , RAMDSK, , RAMDSK.S85:614
j27@l0                          = $F364 ; addr, local, , RAMDSK, , RAMDSK.S85:616
j27@l1                          = $F370 ; addr, local, , RAMDSK, , RAMDSK.S85:621
j27@l2                          = $F373 ; addr, local, , RAMDSK, , RAMDSK.S85:623
j27@l3                          = $F374 ; addr, local, , RAMDSK, , RAMDSK.S85:625
j29                             = $F39B ; addr, local, , RAMDSK, , RAMDSK.S85:653
j30                             = $F3A8 ; addr, local, , RAMDSK, , RAMDSK.S85:664
j40                             = $F45F ; addr, local, , RAMDSK, , RAMDSK.S85:767
j41                             = $F3AB ; addr, local, , RAMDSK, , RAMDSK.S85:666
j41@l0                          = $F3C9 ; addr, local, , RAMDSK, , RAMDSK.S85:682
j41@l1                          = $F3DA ; addr, local, , RAMDSK, , RAMDSK.S85:690
j41@l2                          = $F3EA ; addr, local, , RAMDSK, , RAMDSK.S85:697
j42                             = $F40D ; addr, local, , RAMDSK, , RAMDSK.S85:714
j43                             = $F418 ; addr, local, , RAMDSK, , RAMDSK.S85:722
j44                             = $F410 ; addr, local, , RAMDSK, , RAMDSK.S85:717
opcode_IN                       = $00DB ; const, local, , RAMDSK, , RAMDSK.S85:39
opcode_OUT                      = $00D3 ; const, local, , RAMDSK, , RAMDSK.S85:40
rPRTA                           = $0020 ; const, local, , RAMDSK, , RAMDSK.S85:80
wA                              = $F5B8 ; addr, local, , RAMDSK, , RAMDSK.S85:935
wC                              = $F5BB ; addr, local, , RAMDSK, , RAMDSK.S85:941
wF                              = $F371 ; addr, local, , RAMDSK, , RAMDSK.S85:866
wSP                             = $F085 ; addr, local, , RAMDSK, , RAMDSK.S85:861
