AsMSG                           = $F59A ; addr, local, , RAMDSK, , RAMDSK.S85:1040
BAFILES                         = $F99A ; const, local, , RAMDSK, , 100.S85:48
BANK0                           = $0030 ; const, local, , RAMDSK, , RAMDSK.S85:981
BANK@DoneBN                     = $F4FB ; addr, local, , RAMDSK, , RAMDSK.S85:981
BANK@LoopBN                     = $F4F2 ; addr, local, , RAMDSK, , RAMDSK.S85:981
BANK                            = $F4C4 ; addr, local, , RAMDSK, , RAMDSK.S85:981
BANK@UpdateBankNum              = $F4EA ; addr, local, , RAMDSK, , RAMDSK.S85:981
BANK_CTL_OFFSET                 = $0004 ; const, local, , RAMDSK, , RAMDSK.S85:104
BEEP                            = $4229 ; const, local, , RAMDSK, , 100.S85:25
BankNumMSG                      = $F521 ; addr, local, , RAMDSK, , RAMDSK.S85:1012
BlockNum                        = $F424 ; addr, local, , RAMDSK, , RAMDSK.S85:999
CDNCT                           = $000A ; const, local, , RAMDSK, , 100.S85:51
CFNAME                          = $FC9C ; const, local, , RAMDSK, , 100.S85:44
CHGET                           = $12CB ; const, local, , RAMDSK, , 100.S85:10
CKFN                            = $4C0B ; const, local, , RAMDSK, , 100.S85:28
CMPARE                          = $5A6D ; const, local, , RAMDSK, , 100.S85:30
COFILES                         = $FBB0 ; const, local, , RAMDSK, , 100.S85:41
CR                              = $000D ; const, local, , RAMDSK, , RAMDSK.S85:52
CSRY                            = $F639 ; const, local, , RAMDSK, , 100.S85:36
CheckIsBankFormatted            = $F42C ; addr, local, , RAMDSK, , RAMDSK.S85:765
ConfirmDeleteRamFile            = $F2DD ; addr, local, , RAMDSK, , RAMDSK.S85:565
ConfirmReplace                  = $F1E9 ; addr, local, , RAMDSK, , RAMDSK.S85:425
ConfirmReplaceKill              = $F1F3 ; addr, local, , RAMDSK, , RAMDSK.S85:431
ConfirmWithPrompt               = $F448 ; addr, local, , RAMDSK, , RAMDSK.S85:788
CtlPort                         = $F500 ; addr, local, , RAMDSK, , RAMDSK.S85:990
D2H4Bup                         = $3469 ; const, local, , RAMDSK, , 100.S85:23
DEFAULT_HIMEM                   = $F5EE ; const, local, , RAMDSK, , 100.S85:52
DOFILES                         = $FBAE ; const, local, , RAMDSK, , 100.S85:40
DrawTitle                       = $F152 ; addr, local, , RAMDSK, , RAMDSK.S85:335
ESC                             = $001B ; const, local, , RAMDSK, , RAMDSK.S85:53
ESCB                            = $446E ; const, local, , RAMDSK, , 100.S85:26
ETRAP                           = $F652 ; const, local, , RAMDSK, , 100.S85:37
FF                              = $000C ; const, local, , RAMDSK, , RAMDSK.S85:51
FILES                           = $1F3A ; const, local, , RAMDSK, , 100.S85:12
FINDFN1                         = $20CC ; const, local, , RAMDSK, , 100.S85:17
FINDFN                          = $20AF ; const, local, , RAMDSK, , 100.S85:16
FNAME                           = $FC93 ; const, local, , RAMDSK, , 100.S85:42
FORMAT@NewFormat                = $F472 ; addr, local, , RAMDSK, , RAMDSK.S85:812
FORMAT                          = $F45D ; addr, local, , RAMDSK, , RAMDSK.S85:803
FORMAT@WriteFormat              = $F491 ; addr, local, , RAMDSK, , RAMDSK.S85:834
FORMAT@WriteStamp               = $F482 ; addr, local, , RAMDSK, , RAMDSK.S85:828
FORMAT@l0                       = $F492 ; addr, local, , RAMDSK, , RAMDSK.S85:836
FX1                             = $FC99 ; const, local, , RAMDSK, , 100.S85:43
FX2                             = $FCA2 ; const, local, , RAMDSK, , 100.S85:45
FattrBA                         = $0080 ; const, local, , RAMDSK, , RAMDSK.S85:80
FattrCO                         = $00A0 ; const, local, , RAMDSK, , RAMDSK.S85:82
FattrDO                         = $00C0 ; const, local, , RAMDSK, , RAMDSK.S85:81
FileAttr                        = $F3D2 ; addr, local, , RAMDSK, , RAMDSK.S85:995
FilenameMSG                     = $F5E3 ; addr, local, , RAMDSK, , RAMDSK.S85:1067
FixMSG                          = $F5D8 ; addr, local, , RAMDSK, , RAMDSK.S85:1061
FormatMSG                       = $F5B4 ; addr, local, , RAMDSK, , RAMDSK.S85:1053
FreeKB                          = $F27D ; addr, local, , RAMDSK, , RAMDSK.S85:993
FreeMSG                         = $F5AF ; addr, local, , RAMDSK, , RAMDSK.S85:1049
GETEOF                          = $6B2D ; const, local, , RAMDSK, , 100.S85:31
HIMEM                           = $F5EE ; const, local, , RAMDSK, , RAMDSK.S85:164
INLIN                           = $4644 ; const, local, , RAMDSK, , 100.S85:27
INR_A_RET                       = $2AB5 ; const, local, , RAMDSK, , 100.S85:22
InputFileNameWithPrompt         = $F384 ; addr, local, , RAMDSK, , RAMDSK.S85:661
KILASC                          = $1FBF ; const, local, , RAMDSK, , 100.S85:13
KILBAS                          = $2017 ; const, local, , RAMDSK, , 100.S85:15
KILCOM                          = $1FD9 ; const, local, , RAMDSK, , 100.S85:14
KILL                            = $F187 ; addr, local, , RAMDSK, , RAMDSK.S85:371
KILL@l0                         = $F197 ; addr, local, , RAMDSK, , RAMDSK.S85:378
KILL@l1                         = $F1A5 ; addr, local, , RAMDSK, , RAMDSK.S85:385
KYREAD                          = $7242 ; const, local, , RAMDSK, , 100.S85:33
KillMSG                         = $F572 ; addr, local, , RAMDSK, , RAMDSK.S85:1024
LC2UCA                          = $0FE9 ; const, local, , RAMDSK, , 100.S85:8
LF                              = $000A ; const, local, , RAMDSK, , RAMDSK.S85:50
LOAD                            = $F2F2 ; addr, local, , RAMDSK, , RAMDSK.S85:574
LoadMSG                         = $F57C ; addr, local, , RAMDSK, , RAMDSK.S85:1028
MAIN1                           = $F0A1 ; addr, local, , RAMDSK, , RAMDSK.S85:217
MAIN                            = $F07C ; addr, local, , RAMDSK, , RAMDSK.S85:200
MAIN@setsp                      = $F07C ; addr, local, , RAMDSK, , RAMDSK.S85:201
MAKHOL                          = $6B6D ; const, local, , RAMDSK, , 100.S85:32
MENU                            = $5797 ; const, local, , RAMDSK, , 100.S85:29
MKDIRENT                        = $2239 ; const, local, , RAMDSK, , 100.S85:21
MakeHole                        = $F31B ; addr, local, , RAMDSK, , RAMDSK.S85:591
MakeHoleBA                      = $F346 ; addr, local, , RAMDSK, , RAMDSK.S85:614
MakeHoleDO                      = $F33C ; addr, local, , RAMDSK, , RAMDSK.S85:608
NAME                            = $F1BF ; addr, local, , RAMDSK, , RAMDSK.S85:402
NAME@l0                         = $F1E0 ; addr, local, , RAMDSK, , RAMDSK.S85:417
NBANKS                          = $0004 ; const, local, , RAMDSK, , RAMDSK.S85:41
NROWS                           = $0008 ; const, local, , RAMDSK, , 100.S85:50
NameMSG                         = $F590 ; addr, local, , RAMDSK, , RAMDSK.S85:1036
POPALL                          = $14ED ; const, local, , RAMDSK, , 100.S85:11
POP_BBEP                        = $F355 ; addr, local, , RAMDSK, , RAMDSK.S85:623
PORT_CTL0                       = $0081 ; const, local, , RAMDSK, , RAMDSK.S85:102
PORT_DATA                       = $0083 ; const, local, , RAMDSK, , RAMDSK.S85:103
PRGEND                          = $F5EE ; addr, local, , RAMDSK, , RAMDSK.S85:1098
PRGEXE                          = $F076 ; addr, local, , RAMDSK, , RAMDSK.S85:178
PRGLEN                          = $0578 ; const, local, , RAMDSK, , RAMDSK.S85:0
PRGTOP                          = $F076 ; addr, local, , RAMDSK, , RAMDSK.S85:177
PRTASC                          = $39D4 ; const, local, , RAMDSK, , 100.S85:24
PRTSP                           = $001E ; const, local, , RAMDSK, , 100.S85:6
PTILL0                          = $11A2 ; const, local, , RAMDSK, , 100.S85:9
RESETFPS                        = $2146 ; const, local, , RAMDSK, , 100.S85:20
RST_4                           = $0020 ; const, local, , RAMDSK, , RAMDSK.S85:85
ReadDataW                       = $F442 ; addr, local, , RAMDSK, , RAMDSK.S85:782
ReadKeyboard                    = $F0A4 ; addr, local, , RAMDSK, , RAMDSK.S85:224
ReadKeyboard@end                = $F0D3 ; addr, local, , RAMDSK, , RAMDSK.S85:259
ReplaceMSG                      = $F5A2 ; addr, local, , RAMDSK, , RAMDSK.S85:1045
SAVE1                           = $F1FF ; addr, local, , RAMDSK, , RAMDSK.S85:441
SAVE1@ba                        = $F24F ; addr, local, , RAMDSK, , RAMDSK.S85:481
SAVE1@do                        = $F248 ; addr, local, , RAMDSK, , RAMDSK.S85:475
SAVE1@freekb                    = $F27C ; addr, local, , RAMDSK, , RAMDSK.S85:507
SAVE1@l0                        = $F233 ; addr, local, , RAMDSK, , RAMDSK.S85:464
SAVE1@l2                        = $F25F ; addr, local, , RAMDSK, , RAMDSK.S85:491
SAVE1@l3                        = $F26A ; addr, local, , RAMDSK, , RAMDSK.S85:496
SAVE1@l4                        = $F26D ; addr, local, , RAMDSK, , RAMDSK.S85:498
SAVE1@l5                        = $F278 ; addr, local, , RAMDSK, , RAMDSK.S85:504
SAVE1@l6                        = $F283 ; addr, local, , RAMDSK, , RAMDSK.S85:512
SAVE1@l7                        = $F288 ; addr, local, , RAMDSK, , RAMDSK.S85:515
SAVE1@l8                        = $F2A7 ; addr, local, , RAMDSK, , RAMDSK.S85:529
SAVE1@l9                        = $F2B7 ; addr, local, , RAMDSK, , RAMDSK.S85:540
SAVE1@la                        = $F2BD ; addr, local, , RAMDSK, , RAMDSK.S85:544
SAVE1@prepfn                    = $F256 ; addr, local, , RAMDSK, , RAMDSK.S85:487
SAVE                            = $F1F9 ; addr, local, , RAMDSK, , RAMDSK.S85:438
SCNEMP                          = $20EC ; const, local, , RAMDSK, , 100.S85:18
SPACE                           = $0020 ; const, local, , RAMDSK, , RAMDSK.S85:54
SaveMSG                         = $F586 ; addr, local, , RAMDSK, , RAMDSK.S85:1032
SelectBlock                     = $F4FF ; addr, local, , RAMDSK, , RAMDSK.S85:981
SkipCWords                      = $F43A ; addr, local, , RAMDSK, , RAMDSK.S85:775
StampByte0                      = $0040 ; const, local, , RAMDSK, , RAMDSK.S85:147
StampByte1                      = $0004 ; const, local, , RAMDSK, , RAMDSK.S85:148
SureMSG                         = $F5D0 ; addr, local, , RAMDSK, , RAMDSK.S85:1056
TestHardware                    = $F49D ; addr, local, , RAMDSK, , RAMDSK.S85:851
TitleMSG                        = $F502 ; addr, local, , RAMDSK, , RAMDSK.S85:1005
TmpBlockNum                     = $F2BE ; addr, local, , RAMDSK, , RAMDSK.S85:996
UBLNAS                          = $05F0 ; const, local, , RAMDSK, , 100.S85:7
UNSAVBA                         = $F99A ; const, local, , RAMDSK, , 100.S85:39
UPDOFILES                       = $213E ; const, local, , RAMDSK, , 100.S85:19
UpdateFreeKB                    = $F158 ; addr, local, , RAMDSK, , RAMDSK.S85:339
UpdateFreeKB@l0                 = $F163 ; addr, local, , RAMDSK, , RAMDSK.S85:349
UpdateFreeKB@l1                 = $F16B ; addr, local, , RAMDSK, , RAMDSK.S85:354
WriteFilename                   = $F2C5 ; addr, local, , RAMDSK, , RAMDSK.S85:551
WriteFilename@l0                = $F2D0 ; addr, local, , RAMDSK, , RAMDSK.S85:556
__head                          = $F070 ; const, public, def, , ,
__size                          = $057E ; const, public, def, , ,
__tail                          = $F5EE ; const, public, def, , ,
bB                              = $F0F8 ; addr, local, , RAMDSK, , RAMDSK.S85:992
bD                              = $F41A ; addr, local, , RAMDSK, , RAMDSK.S85:1000
bE                              = $F2A8 ; addr, local, , RAMDSK, , RAMDSK.S85:1001
bI                              = $F143 ; addr, local, , RAMDSK, , RAMDSK.S85:991
j01                             = $F0D9 ; addr, local, , RAMDSK, , RAMDSK.S85:264
j01@bb                          = $F0F7 ; addr, local, , RAMDSK, , RAMDSK.S85:284
j01@l0                          = $F0DE ; addr, local, , RAMDSK, , RAMDSK.S85:267
j01@l1                          = $F0EB ; addr, local, , RAMDSK, , RAMDSK.S85:275
j01@l2                          = $F0F4 ; addr, local, , RAMDSK, , RAMDSK.S85:281
j01@l3                          = $F104 ; addr, local, , RAMDSK, , RAMDSK.S85:293
j03                             = $F12D ; addr, local, , RAMDSK, , RAMDSK.S85:315
j03@l0                          = $F13D ; addr, local, , RAMDSK, , RAMDSK.S85:322
j05                             = $F142 ; addr, local, , RAMDSK, , RAMDSK.S85:326
j27                             = $F359 ; addr, local, , RAMDSK, , RAMDSK.S85:627
j27@l0                          = $F35B ; addr, local, , RAMDSK, , RAMDSK.S85:629
j27@l1                          = $F367 ; addr, local, , RAMDSK, , RAMDSK.S85:634
j27@l2                          = $F36A ; addr, local, , RAMDSK, , RAMDSK.S85:636
j27@l3                          = $F36B ; addr, local, , RAMDSK, , RAMDSK.S85:638
j27@wc                          = $F374 ; addr, local, , RAMDSK, , RAMDSK.S85:650
j29                             = $F392 ; addr, local, , RAMDSK, , RAMDSK.S85:671
j30                             = $F39F ; addr, local, , RAMDSK, , RAMDSK.S85:682
j40                             = $F454 ; addr, local, , RAMDSK, , RAMDSK.S85:795
j41                             = $F3A2 ; addr, local, , RAMDSK, , RAMDSK.S85:684
j41@l0                          = $F3C0 ; addr, local, , RAMDSK, , RAMDSK.S85:700
j41@l1                          = $F3D1 ; addr, local, , RAMDSK, , RAMDSK.S85:708
j41@l2                          = $F3E1 ; addr, local, , RAMDSK, , RAMDSK.S85:715
j42                             = $F404 ; addr, local, , RAMDSK, , RAMDSK.S85:732
j43                             = $F40F ; addr, local, , RAMDSK, , RAMDSK.S85:740
j43@bd                          = $F419 ; addr, local, , RAMDSK, , RAMDSK.S85:748
j43@bn                          = $F423 ; addr, local, , RAMDSK, , RAMDSK.S85:758
j44                             = $F407 ; addr, local, , RAMDSK, , RAMDSK.S85:735
opcode_IN                       = $00DB ; const, local, , RAMDSK, , RAMDSK.S85:45
opcode_OUT                      = $00D3 ; const, local, , RAMDSK, , RAMDSK.S85:46
padding                         = $F5ED ; addr, local, , RAMDSK, , RAMDSK.S85:1089
rPRTA                           = $0020 ; const, local, , RAMDSK, , RAMDSK.S85:86
wA                              = $F5EB ; addr, local, , RAMDSK, , RAMDSK.S85:1070
wC                              = $F375 ; addr, local, , RAMDSK, , RAMDSK.S85:1002
wF                              = $F368 ; addr, local, , RAMDSK, , RAMDSK.S85:994
wSP                             = $F07D ; addr, local, , RAMDSK, , RAMDSK.S85:989
