AsMSG                           = $EE5A ; addr, local, , RAMDSK, , RAMDSK.S85:1040
BAFILES                         = $EF67 ; const, local, , RAMDSK, , 200.S85:49
BANK0                           = $0030 ; const, local, , RAMDSK, , RAMDSK.S85:981
BANK@DoneBN                     = $EDBB ; addr, local, , RAMDSK, , RAMDSK.S85:981
BANK@LoopBN                     = $EDB2 ; addr, local, , RAMDSK, , RAMDSK.S85:981
BANK                            = $ED84 ; addr, local, , RAMDSK, , RAMDSK.S85:981
BANK@UpdateBankNum              = $EDAA ; addr, local, , RAMDSK, , RAMDSK.S85:981
BANK_CTL_OFFSET                 = $0004 ; const, local, , RAMDSK, , RAMDSK.S85:104
BEEP                            = $4F45 ; const, local, , RAMDSK, , 200.S85:26
BankNumMSG                      = $EDE1 ; addr, local, , RAMDSK, , RAMDSK.S85:1012
BlockNum                        = $ECE4 ; addr, local, , RAMDSK, , RAMDSK.S85:999
CDNCT                           = $001A ; const, local, , RAMDSK, , 200.S85:52
CFNAME                          = $F74F ; const, local, , RAMDSK, , 200.S85:45
CHGET                           = $12F7 ; const, local, , RAMDSK, , 200.S85:10
CKFN                            = $5ACA ; const, local, , RAMDSK, , 200.S85:29
CMPARE                          = $6E11 ; const, local, , RAMDSK, , 200.S85:31
COFILES                         = $F663 ; const, local, , RAMDSK, , 200.S85:42
CR                              = $000D ; const, local, , RAMDSK, , RAMDSK.S85:52
CSRY                            = $EF06 ; const, local, , RAMDSK, , 200.S85:37
CURBAS                          = $EF67 ; const, local, , RAMDSK, , 200.S85:39
CheckIsBankFormatted            = $ECEC ; addr, local, , RAMDSK, , RAMDSK.S85:765
ConfirmDeleteRamFile            = $EBAA ; addr, local, , RAMDSK, , RAMDSK.S85:565
ConfirmReplace                  = $EAB6 ; addr, local, , RAMDSK, , RAMDSK.S85:425
ConfirmReplaceKill              = $EAC0 ; addr, local, , RAMDSK, , RAMDSK.S85:431
ConfirmWithPrompt               = $ED08 ; addr, local, , RAMDSK, , RAMDSK.S85:788
CtlPort                         = $EDC0 ; addr, local, , RAMDSK, , RAMDSK.S85:990
D2H4Bup                         = $41BA ; const, local, , RAMDSK, , 200.S85:24
DEFAULT_HIMEM                   = $EEAE ; const, local, , RAMDSK, , 200.S85:53
DOFILES                         = $F661 ; const, local, , RAMDSK, , 200.S85:41
DrawTitle                       = $EA1F ; addr, local, , RAMDSK, , RAMDSK.S85:335
ESC                             = $001B ; const, local, , RAMDSK, , RAMDSK.S85:53
ESCB                            = $519D ; const, local, , RAMDSK, , 200.S85:27
ETRAP                           = $EF34 ; const, local, , RAMDSK, , 200.S85:38
FF                              = $000C ; const, local, , RAMDSK, , RAMDSK.S85:51
FILES                           = $2A2C ; const, local, , RAMDSK, , 200.S85:12
FINDFN                          = $2BCC ; const, local, , RAMDSK, , 200.S85:17
FNAME                           = $F746 ; const, local, , RAMDSK, , 200.S85:43
FORMAT@NewFormat                = $ED32 ; addr, local, , RAMDSK, , RAMDSK.S85:812
FORMAT                          = $ED1D ; addr, local, , RAMDSK, , RAMDSK.S85:803
FORMAT@WriteFormat              = $ED51 ; addr, local, , RAMDSK, , RAMDSK.S85:834
FORMAT@WriteStamp               = $ED42 ; addr, local, , RAMDSK, , RAMDSK.S85:828
FORMAT@l0                       = $ED52 ; addr, local, , RAMDSK, , RAMDSK.S85:836
FX1                             = $F74C ; const, local, , RAMDSK, , 200.S85:44
FX2                             = $F755 ; const, local, , RAMDSK, , 200.S85:46
FattrBA                         = $0080 ; const, local, , RAMDSK, , RAMDSK.S85:80
FattrCO                         = $00A0 ; const, local, , RAMDSK, , RAMDSK.S85:82
FattrDO                         = $00C0 ; const, local, , RAMDSK, , RAMDSK.S85:81
FileAttr                        = $EC92 ; addr, local, , RAMDSK, , RAMDSK.S85:995
FilenameMSG                     = $EEA3 ; addr, local, , RAMDSK, , RAMDSK.S85:1067
FixMSG                          = $EE98 ; addr, local, , RAMDSK, , RAMDSK.S85:1061
FormatMSG                       = $EE74 ; addr, local, , RAMDSK, , RAMDSK.S85:1053
FreeKB                          = $EB4A ; addr, local, , RAMDSK, , RAMDSK.S85:993
FreeMSG                         = $EE6F ; addr, local, , RAMDSK, , RAMDSK.S85:1049
GETEOF                          = $8268 ; const, local, , RAMDSK, , 200.S85:32
HIMEM                           = $EEAE ; const, local, , RAMDSK, , RAMDSK.S85:164
INLIN                           = $54F6 ; const, local, , RAMDSK, , 200.S85:28
INR_A_RET                       = $2459 ; const, local, , RAMDSK, , 200.S85:23
InputFileNameWithPrompt         = $EC44 ; addr, local, , RAMDSK, , RAMDSK.S85:661
KIL200                          = $2B2C ; const, local, , RAMDSK, , 200.S85:16
KILL                            = $EA54 ; addr, local, , RAMDSK, , RAMDSK.S85:371
KILL@l0                         = $EA64 ; addr, local, , RAMDSK, , RAMDSK.S85:378
KILL@l1                         = $EA72 ; addr, local, , RAMDSK, , RAMDSK.S85:385
KYREAD                          = $8B03 ; const, local, , RAMDSK, , 200.S85:34
KillMSG                         = $EE32 ; addr, local, , RAMDSK, , RAMDSK.S85:1024
LC2UCA                          = $1014 ; const, local, , RAMDSK, , 200.S85:8
LF                              = $000A ; const, local, , RAMDSK, , RAMDSK.S85:50
LOAD                            = $EBB2 ; addr, local, , RAMDSK, , RAMDSK.S85:574
LoadMSG                         = $EE3C ; addr, local, , RAMDSK, , RAMDSK.S85:1028
MAIN1                           = $E96E ; addr, local, , RAMDSK, , RAMDSK.S85:217
MAIN                            = $E949 ; addr, local, , RAMDSK, , RAMDSK.S85:200
MAIN@setsp                      = $E949 ; addr, local, , RAMDSK, , RAMDSK.S85:201
MAKHOL                          = $82A8 ; const, local, , RAMDSK, , 200.S85:33
MENU                            = $67A4 ; const, local, , RAMDSK, , 200.S85:30
MKDIRENT                        = $2DAC ; const, local, , RAMDSK, , 200.S85:22
MODEL_200                       = $0001 ; const, local, , RAMDSK, , RAMDSK.S85:0
MakeHole                        = $EBDB ; addr, local, , RAMDSK, , RAMDSK.S85:591
MakeHoleBA                      = $EC06 ; addr, local, , RAMDSK, , RAMDSK.S85:614
MakeHoleDO                      = $EBFC ; addr, local, , RAMDSK, , RAMDSK.S85:608
NAME                            = $EA8C ; addr, local, , RAMDSK, , RAMDSK.S85:402
NAME@l0                         = $EAAD ; addr, local, , RAMDSK, , RAMDSK.S85:417
NBANKS                          = $0004 ; const, local, , RAMDSK, , RAMDSK.S85:41
NROWS                           = $0010 ; const, local, , RAMDSK, , 200.S85:51
NameMSG                         = $EE50 ; addr, local, , RAMDSK, , RAMDSK.S85:1036
POPALL                          = $1604 ; const, local, , RAMDSK, , 200.S85:11
POP_BBEP                        = $EC15 ; addr, local, , RAMDSK, , RAMDSK.S85:623
PORT_CTL0                       = $0081 ; const, local, , RAMDSK, , RAMDSK.S85:102
PORT_DATA                       = $0083 ; const, local, , RAMDSK, , RAMDSK.S85:103
PRGEND                          = $EEAE ; addr, local, , RAMDSK, , RAMDSK.S85:1098
PRGEXE                          = $E943 ; addr, local, , RAMDSK, , RAMDSK.S85:178
PRGLEN                          = $056B ; const, local, , RAMDSK, , RAMDSK.S85:0
PRGTOP                          = $E943 ; addr, local, , RAMDSK, , RAMDSK.S85:177
PRTASC                          = $470B ; const, local, , RAMDSK, , 200.S85:25
PRTSP                           = $001E ; const, local, , RAMDSK, , 200.S85:6
PTILL0                          = $11CC ; const, local, , RAMDSK, , 200.S85:9
RESETFPS                        = $2C62 ; const, local, , RAMDSK, , 200.S85:21
RST_4                           = $0020 ; const, local, , RAMDSK, , RAMDSK.S85:85
ReadDataW                       = $ED02 ; addr, local, , RAMDSK, , RAMDSK.S85:782
ReadKeyboard                    = $E971 ; addr, local, , RAMDSK, , RAMDSK.S85:224
ReadKeyboard@end                = $E9A0 ; addr, local, , RAMDSK, , RAMDSK.S85:259
ReplaceMSG                      = $EE62 ; addr, local, , RAMDSK, , RAMDSK.S85:1045
SAVE1                           = $EACC ; addr, local, , RAMDSK, , RAMDSK.S85:441
SAVE1@ba                        = $EB1C ; addr, local, , RAMDSK, , RAMDSK.S85:481
SAVE1@do                        = $EB15 ; addr, local, , RAMDSK, , RAMDSK.S85:475
SAVE1@freekb                    = $EB49 ; addr, local, , RAMDSK, , RAMDSK.S85:507
SAVE1@l0                        = $EB00 ; addr, local, , RAMDSK, , RAMDSK.S85:464
SAVE1@l2                        = $EB2C ; addr, local, , RAMDSK, , RAMDSK.S85:491
SAVE1@l3                        = $EB37 ; addr, local, , RAMDSK, , RAMDSK.S85:496
SAVE1@l4                        = $EB3A ; addr, local, , RAMDSK, , RAMDSK.S85:498
SAVE1@l5                        = $EB45 ; addr, local, , RAMDSK, , RAMDSK.S85:504
SAVE1@l6                        = $EB50 ; addr, local, , RAMDSK, , RAMDSK.S85:512
SAVE1@l7                        = $EB55 ; addr, local, , RAMDSK, , RAMDSK.S85:515
SAVE1@l8                        = $EB74 ; addr, local, , RAMDSK, , RAMDSK.S85:529
SAVE1@l9                        = $EB84 ; addr, local, , RAMDSK, , RAMDSK.S85:540
SAVE1@la                        = $EB8A ; addr, local, , RAMDSK, , RAMDSK.S85:544
SAVE1@prepfn                    = $EB23 ; addr, local, , RAMDSK, , RAMDSK.S85:487
SAVE                            = $EAC6 ; addr, local, , RAMDSK, , RAMDSK.S85:438
SCNEMP                          = $2C09 ; const, local, , RAMDSK, , 200.S85:19
SPACE                           = $0020 ; const, local, , RAMDSK, , RAMDSK.S85:54
SaveMSG                         = $EE46 ; addr, local, , RAMDSK, , RAMDSK.S85:1032
SelectBlock                     = $EDBF ; addr, local, , RAMDSK, , RAMDSK.S85:981
SkipCWords                      = $ECFA ; addr, local, , RAMDSK, , RAMDSK.S85:775
StampByte0                      = $0040 ; const, local, , RAMDSK, , RAMDSK.S85:147
StampByte1                      = $0004 ; const, local, , RAMDSK, , RAMDSK.S85:148
SureMSG                         = $EE90 ; addr, local, , RAMDSK, , RAMDSK.S85:1056
TestHardware                    = $ED5D ; addr, local, , RAMDSK, , RAMDSK.S85:851
TitleMSG                        = $EDC2 ; addr, local, , RAMDSK, , RAMDSK.S85:1005
TmpBlockNum                     = $EB8B ; addr, local, , RAMDSK, , RAMDSK.S85:996
UBLNAS                          = $061B ; const, local, , RAMDSK, , 200.S85:7
UPDOFILES                       = $2C5A ; const, local, , RAMDSK, , 200.S85:20
UpdateFreeKB                    = $EA25 ; addr, local, , RAMDSK, , RAMDSK.S85:339
UpdateFreeKB@l0                 = $EA30 ; addr, local, , RAMDSK, , RAMDSK.S85:349
UpdateFreeKB@l1                 = $EA38 ; addr, local, , RAMDSK, , RAMDSK.S85:354
WriteFilename                   = $EB92 ; addr, local, , RAMDSK, , RAMDSK.S85:551
WriteFilename@l0                = $EB9D ; addr, local, , RAMDSK, , RAMDSK.S85:556
__head                          = $E93D ; const, public, def, , ,
__size                          = $0571 ; const, public, def, , ,
__tail                          = $EEAE ; const, public, def, , ,
bB                              = $E9C5 ; addr, local, , RAMDSK, , RAMDSK.S85:992
bD                              = $ECDA ; addr, local, , RAMDSK, , RAMDSK.S85:1000
bE                              = $EB75 ; addr, local, , RAMDSK, , RAMDSK.S85:1001
bI                              = $EA10 ; addr, local, , RAMDSK, , RAMDSK.S85:991
j01                             = $E9A6 ; addr, local, , RAMDSK, , RAMDSK.S85:264
j01@bb                          = $E9C4 ; addr, local, , RAMDSK, , RAMDSK.S85:284
j01@l0                          = $E9AB ; addr, local, , RAMDSK, , RAMDSK.S85:267
j01@l1                          = $E9B8 ; addr, local, , RAMDSK, , RAMDSK.S85:275
j01@l2                          = $E9C1 ; addr, local, , RAMDSK, , RAMDSK.S85:281
j01@l3                          = $E9D1 ; addr, local, , RAMDSK, , RAMDSK.S85:293
j03                             = $E9FA ; addr, local, , RAMDSK, , RAMDSK.S85:315
j03@l0                          = $EA0A ; addr, local, , RAMDSK, , RAMDSK.S85:322
j05                             = $EA0F ; addr, local, , RAMDSK, , RAMDSK.S85:326
j27                             = $EC19 ; addr, local, , RAMDSK, , RAMDSK.S85:627
j27@l0                          = $EC1B ; addr, local, , RAMDSK, , RAMDSK.S85:629
j27@l1                          = $EC27 ; addr, local, , RAMDSK, , RAMDSK.S85:634
j27@l2                          = $EC2A ; addr, local, , RAMDSK, , RAMDSK.S85:636
j27@l3                          = $EC2B ; addr, local, , RAMDSK, , RAMDSK.S85:638
j27@wc                          = $EC34 ; addr, local, , RAMDSK, , RAMDSK.S85:650
j29                             = $EC52 ; addr, local, , RAMDSK, , RAMDSK.S85:671
j30                             = $EC5F ; addr, local, , RAMDSK, , RAMDSK.S85:682
j40                             = $ED14 ; addr, local, , RAMDSK, , RAMDSK.S85:795
j41                             = $EC62 ; addr, local, , RAMDSK, , RAMDSK.S85:684
j41@l0                          = $EC80 ; addr, local, , RAMDSK, , RAMDSK.S85:700
j41@l1                          = $EC91 ; addr, local, , RAMDSK, , RAMDSK.S85:708
j41@l2                          = $ECA1 ; addr, local, , RAMDSK, , RAMDSK.S85:715
j42                             = $ECC4 ; addr, local, , RAMDSK, , RAMDSK.S85:732
j43                             = $ECCF ; addr, local, , RAMDSK, , RAMDSK.S85:740
j43@bd                          = $ECD9 ; addr, local, , RAMDSK, , RAMDSK.S85:748
j43@bn                          = $ECE3 ; addr, local, , RAMDSK, , RAMDSK.S85:758
j44                             = $ECC7 ; addr, local, , RAMDSK, , RAMDSK.S85:735
opcode_IN                       = $00DB ; const, local, , RAMDSK, , RAMDSK.S85:45
opcode_OUT                      = $00D3 ; const, local, , RAMDSK, , RAMDSK.S85:46
padding                         = $EEAD ; addr, local, , RAMDSK, , RAMDSK.S85:1089
rPRTA                           = $0020 ; const, local, , RAMDSK, , RAMDSK.S85:86
wA                              = $EEAB ; addr, local, , RAMDSK, , RAMDSK.S85:1070
wC                              = $EC35 ; addr, local, , RAMDSK, , RAMDSK.S85:1002
wF                              = $EC28 ; addr, local, , RAMDSK, , RAMDSK.S85:994
wSP                             = $E94A ; addr, local, , RAMDSK, , RAMDSK.S85:989
