AsMSG                           = $EE27 ; addr, local, , RAMDSK, , RAMDSK.S85:904
BAFILES                         = $EF67 ; const, local, , RAMDSK, , 200.S85:49
BANK                            = $EE7F ; addr, local, , RAMDSK, , RAMDSK.S85:952
BANK_CTL_OFFSET                 = $0004 ; const, local, , RAMDSK, , RAMDSK.S85:97
BEEP                            = $4F45 ; const, local, , RAMDSK, , 200.S85:26
BankNumMSG                      = $EDAE ; addr, local, , RAMDSK, , RAMDSK.S85:876
Beep                            = $EC1E ; addr, local, , RAMDSK, , RAMDSK.S85:609
BlockNum                        = $EE7A ; addr, local, , RAMDSK, , RAMDSK.S85:937
CDNCT                           = $001A ; const, local, , RAMDSK, , 200.S85:52
CFNAME                          = $F74F ; const, local, , RAMDSK, , 200.S85:45
CHGET                           = $12F7 ; const, local, , RAMDSK, , 200.S85:10
CKFN                            = $5ACA ; const, local, , RAMDSK, , 200.S85:29
CMPARE                          = $6E11 ; const, local, , RAMDSK, , 200.S85:31
COFILES                         = $F663 ; const, local, , RAMDSK, , 200.S85:42
CR                              = $000D ; const, local, , RAMDSK, , RAMDSK.S85:45
CURBAS                          = $EF67 ; const, local, , RAMDSK, , 200.S85:39
CURSOR_ROW                      = $EF06 ; const, local, , RAMDSK, , 200.S85:37
CheckIsBankFormatted            = $ECF7 ; addr, local, , RAMDSK, , RAMDSK.S85:736
ConfirmDeleteRamFile            = $EBB3 ; addr, local, , RAMDSK, , RAMDSK.S85:551
ConfirmReplace                  = $EABE ; addr, local, , RAMDSK, , RAMDSK.S85:415
ConfirmReplaceKill              = $EAC8 ; addr, local, , RAMDSK, , RAMDSK.S85:421
ConfirmWithPrompt               = $ED13 ; addr, local, , RAMDSK, , RAMDSK.S85:759
CtlPort                         = $EEAC ; addr, local, , RAMDSK, , RAMDSK.S85:861
D2H4Bup                         = $41BA ; const, local, , RAMDSK, , 200.S85:24
DEFAULT_HIMEM                   = $EEAE ; const, local, , RAMDSK, , 200.S85:53
DOFILES                         = $F661 ; const, local, , RAMDSK, , 200.S85:41
DrawTitle                       = $EA27 ; addr, local, , RAMDSK, , RAMDSK.S85:325
ESC                             = $001B ; const, local, , RAMDSK, , RAMDSK.S85:46
ESCB                            = $519D ; const, local, , RAMDSK, , 200.S85:27
ETRAP                           = $EF34 ; const, local, , RAMDSK, , 200.S85:38
FF                              = $000C ; const, local, , RAMDSK, , RAMDSK.S85:44
FILES                           = $2A2C ; const, local, , RAMDSK, , 200.S85:12
FINDFN                          = $2BCC ; const, local, , RAMDSK, , 200.S85:17
FNAME                           = $F746 ; const, local, , RAMDSK, , 200.S85:43
FORMAT@NewFormat                = $ED3D ; addr, local, , RAMDSK, , RAMDSK.S85:783
FORMAT                          = $ED28 ; addr, local, , RAMDSK, , RAMDSK.S85:774
FORMAT@WriteFormat              = $ED5C ; addr, local, , RAMDSK, , RAMDSK.S85:805
FORMAT@WriteStamp               = $ED4D ; addr, local, , RAMDSK, , RAMDSK.S85:799
FORMAT@l0                       = $ED5D ; addr, local, , RAMDSK, , RAMDSK.S85:807
FX1                             = $F74C ; const, local, , RAMDSK, , 200.S85:44
FX2                             = $F755 ; const, local, , RAMDSK, , 200.S85:46
FattrBA                         = $0080 ; const, local, , RAMDSK, , RAMDSK.S85:73
FattrCO                         = $00A0 ; const, local, , RAMDSK, , RAMDSK.S85:75
FattrDO                         = $00C0 ; const, local, , RAMDSK, , RAMDSK.S85:74
FileAttr                        = $EC9B ; addr, local, , RAMDSK, , RAMDSK.S85:866
FilenameMSG                     = $EE70 ; addr, local, , RAMDSK, , RAMDSK.S85:931
FixMSG                          = $EE65 ; addr, local, , RAMDSK, , RAMDSK.S85:925
FormatMSG                       = $EE41 ; addr, local, , RAMDSK, , RAMDSK.S85:917
FreeKB                          = $EB52 ; addr, local, , RAMDSK, , RAMDSK.S85:864
FreeMSG                         = $EE3C ; addr, local, , RAMDSK, , RAMDSK.S85:913
GETEOF                          = $8268 ; const, local, , RAMDSK, , 200.S85:32
HIMEM                           = $EEAE ; const, local, , RAMDSK, , RAMDSK.S85:157
INLIN                           = $54F6 ; const, local, , RAMDSK, , 200.S85:28
INSTR_X1                        = $2459 ; const, local, , RAMDSK, , 200.S85:23
InputFileNameWithPrompt         = $EC4D ; addr, local, , RAMDSK, , RAMDSK.S85:642
KC7                             = $FD0B ; const, local, , RAMDSK, , 200.S85:47
KIL200                          = $2B2C ; const, local, , RAMDSK, , 200.S85:16
KILL                            = $EA5C ; addr, local, , RAMDSK, , RAMDSK.S85:361
KILL@l0                         = $EA6C ; addr, local, , RAMDSK, , RAMDSK.S85:368
KILL@l1                         = $EA7A ; addr, local, , RAMDSK, , RAMDSK.S85:375
KYREAD                          = $8B03 ; const, local, , RAMDSK, , 200.S85:34
KillMSG                         = $EDFF ; addr, local, , RAMDSK, , RAMDSK.S85:888
LC2UCA                          = $1014 ; const, local, , RAMDSK, , 200.S85:8
LF                              = $000A ; const, local, , RAMDSK, , RAMDSK.S85:43
LOAD                            = $EBBB ; addr, local, , RAMDSK, , RAMDSK.S85:560
LoadMSG                         = $EE09 ; addr, local, , RAMDSK, , RAMDSK.S85:892
MAIN1                           = $E976 ; addr, local, , RAMDSK, , RAMDSK.S85:207
MAIN                            = $E951 ; addr, local, , RAMDSK, , RAMDSK.S85:190
MAIN@setsp                      = $E951 ; addr, local, , RAMDSK, , RAMDSK.S85:191
MAKHOL                          = $82A8 ; const, local, , RAMDSK, , 200.S85:33
MENU                            = $67A4 ; const, local, , RAMDSK, , 200.S85:30
MKDIRENT                        = $2DAC ; const, local, , RAMDSK, , 200.S85:22
MODEL_200                       = $0001 ; const, local, , RAMDSK, , RAMDSK.S85:0
MakeHole                        = $EBE4 ; addr, local, , RAMDSK, , RAMDSK.S85:577
MakeHoleBA                      = $EC0F ; addr, local, , RAMDSK, , RAMDSK.S85:600
MakeHoleDO                      = $EC05 ; addr, local, , RAMDSK, , RAMDSK.S85:594
NAME                            = $EA94 ; addr, local, , RAMDSK, , RAMDSK.S85:392
NAME@l0                         = $EAB5 ; addr, local, , RAMDSK, , RAMDSK.S85:407
NROWS                           = $0010 ; const, local, , RAMDSK, , 200.S85:51
NameMSG                         = $EE1D ; addr, local, , RAMDSK, , RAMDSK.S85:900
POPALL                          = $1604 ; const, local, , RAMDSK, , 200.S85:11
PORT_CTL0                       = $0081 ; const, local, , RAMDSK, , RAMDSK.S85:95
PORT_DATA                       = $0083 ; const, local, , RAMDSK, , RAMDSK.S85:96
PRGEND                          = $EEAE ; addr, local, , RAMDSK, , RAMDSK.S85:998
PRGEXE                          = $E943 ; addr, local, , RAMDSK, , RAMDSK.S85:171
PRGLEN                          = $056B ; const, local, , RAMDSK, , RAMDSK.S85:0
PRGTOP                          = $E943 ; addr, local, , RAMDSK, , RAMDSK.S85:170
PRTASC                          = $470B ; const, local, , RAMDSK, , 200.S85:25
PRTSP                           = $001E ; const, local, , RAMDSK, , 200.S85:6
PTILL0                          = $11CC ; const, local, , RAMDSK, , 200.S85:9
RESETFPS                        = $2C62 ; const, local, , RAMDSK, , 200.S85:21
RST_4                           = $0020 ; const, local, , RAMDSK, , RAMDSK.S85:78
ReadDataW                       = $ED0D ; addr, local, , RAMDSK, , RAMDSK.S85:753
ReadKeyboard                    = $E979 ; addr, local, , RAMDSK, , RAMDSK.S85:214
ReadKeyboard@end                = $E9A8 ; addr, local, , RAMDSK, , RAMDSK.S85:249
ReplaceMSG                      = $EE2F ; addr, local, , RAMDSK, , RAMDSK.S85:909
SAVE1                           = $EAD4 ; addr, local, , RAMDSK, , RAMDSK.S85:431
SAVE1@ba                        = $EB24 ; addr, local, , RAMDSK, , RAMDSK.S85:471
SAVE1@do                        = $EB1D ; addr, local, , RAMDSK, , RAMDSK.S85:465
SAVE1@freekb                    = $EB51 ; addr, local, , RAMDSK, , RAMDSK.S85:497
SAVE1@l0                        = $EB08 ; addr, local, , RAMDSK, , RAMDSK.S85:454
SAVE1@l2                        = $EB34 ; addr, local, , RAMDSK, , RAMDSK.S85:481
SAVE1@l3                        = $EB3F ; addr, local, , RAMDSK, , RAMDSK.S85:486
SAVE1@l4                        = $EB42 ; addr, local, , RAMDSK, , RAMDSK.S85:488
SAVE1@l5                        = $EB4D ; addr, local, , RAMDSK, , RAMDSK.S85:494
SAVE1@l6                        = $EB58 ; addr, local, , RAMDSK, , RAMDSK.S85:502
SAVE1@l7                        = $EB5D ; addr, local, , RAMDSK, , RAMDSK.S85:505
SAVE1@l8                        = $EB7C ; addr, local, , RAMDSK, , RAMDSK.S85:519
SAVE1@l9                        = $EB8D ; addr, local, , RAMDSK, , RAMDSK.S85:526
SAVE1@la                        = $EB93 ; addr, local, , RAMDSK, , RAMDSK.S85:530
SAVE1@prepfn                    = $EB2B ; addr, local, , RAMDSK, , RAMDSK.S85:477
SAVE                            = $EACE ; addr, local, , RAMDSK, , RAMDSK.S85:428
SCNEMP                          = $2C09 ; const, local, , RAMDSK, , 200.S85:19
SPACE                           = $0020 ; const, local, , RAMDSK, , RAMDSK.S85:47
SaveMSG                         = $EE13 ; addr, local, , RAMDSK, , RAMDSK.S85:896
SelectBlock                     = $EEAB ; addr, local, , RAMDSK, , RAMDSK.S85:994
SkipCWords                      = $ED05 ; addr, local, , RAMDSK, , RAMDSK.S85:746
StampByte0                      = $0040 ; const, local, , RAMDSK, , RAMDSK.S85:140
StampByte1                      = $0004 ; const, local, , RAMDSK, , RAMDSK.S85:141
SureMSG                         = $EE5D ; addr, local, , RAMDSK, , RAMDSK.S85:920
TestHardware                    = $ED68 ; addr, local, , RAMDSK, , RAMDSK.S85:822
TitleMSG                        = $ED8F ; addr, local, , RAMDSK, , RAMDSK.S85:869
UBLNAS                          = $061B ; const, local, , RAMDSK, , 200.S85:7
UPDOFILES                       = $2C5A ; const, local, , RAMDSK, , 200.S85:20
UpdateFreeKB                    = $EA2D ; addr, local, , RAMDSK, , RAMDSK.S85:329
UpdateFreeKB@l0                 = $EA38 ; addr, local, , RAMDSK, , RAMDSK.S85:339
UpdateFreeKB@l1                 = $EA40 ; addr, local, , RAMDSK, , RAMDSK.S85:344
WriteFilename                   = $EB9B ; addr, local, , RAMDSK, , RAMDSK.S85:537
WriteFilename@l0                = $EBA6 ; addr, local, , RAMDSK, , RAMDSK.S85:542
_BlockNum                       = $EB94 ; addr, local, , RAMDSK, , RAMDSK.S85:867
__head                          = $E93D ; const, public, def, , ,
__size                          = $0571 ; const, public, def, , ,
__tail                          = $EEAE ; const, public, def, , ,
bB                              = $E9CD ; addr, local, , RAMDSK, , RAMDSK.S85:863
bD                              = $EE7D ; addr, local, , RAMDSK, , RAMDSK.S85:943
bE                              = $EE7E ; addr, local, , RAMDSK, , RAMDSK.S85:946
bI                              = $EA18 ; addr, local, , RAMDSK, , RAMDSK.S85:862
j01                             = $E9AE ; addr, local, , RAMDSK, , RAMDSK.S85:254
j01@bb                          = $E9CC ; addr, local, , RAMDSK, , RAMDSK.S85:274
j01@l0                          = $E9B3 ; addr, local, , RAMDSK, , RAMDSK.S85:257
j01@l1                          = $E9C0 ; addr, local, , RAMDSK, , RAMDSK.S85:265
j01@l2                          = $E9C9 ; addr, local, , RAMDSK, , RAMDSK.S85:271
j01@l3                          = $E9D9 ; addr, local, , RAMDSK, , RAMDSK.S85:283
j03                             = $EA02 ; addr, local, , RAMDSK, , RAMDSK.S85:305
j03@l0                          = $EA12 ; addr, local, , RAMDSK, , RAMDSK.S85:312
j05                             = $EA17 ; addr, local, , RAMDSK, , RAMDSK.S85:316
j27                             = $EC22 ; addr, local, , RAMDSK, , RAMDSK.S85:613
j27@l0                          = $EC24 ; addr, local, , RAMDSK, , RAMDSK.S85:615
j27@l1                          = $EC30 ; addr, local, , RAMDSK, , RAMDSK.S85:620
j27@l2                          = $EC33 ; addr, local, , RAMDSK, , RAMDSK.S85:622
j27@l3                          = $EC34 ; addr, local, , RAMDSK, , RAMDSK.S85:624
j29                             = $EC5B ; addr, local, , RAMDSK, , RAMDSK.S85:652
j30                             = $EC68 ; addr, local, , RAMDSK, , RAMDSK.S85:663
j40                             = $ED1F ; addr, local, , RAMDSK, , RAMDSK.S85:766
j41                             = $EC6B ; addr, local, , RAMDSK, , RAMDSK.S85:665
j41@l0                          = $EC89 ; addr, local, , RAMDSK, , RAMDSK.S85:681
j41@l1                          = $EC9A ; addr, local, , RAMDSK, , RAMDSK.S85:689
j41@l2                          = $ECAA ; addr, local, , RAMDSK, , RAMDSK.S85:696
j42                             = $ECCD ; addr, local, , RAMDSK, , RAMDSK.S85:713
j43                             = $ECD8 ; addr, local, , RAMDSK, , RAMDSK.S85:721
j44                             = $ECD0 ; addr, local, , RAMDSK, , RAMDSK.S85:716
opcode_IN                       = $00DB ; const, local, , RAMDSK, , RAMDSK.S85:38
opcode_OUT                      = $00D3 ; const, local, , RAMDSK, , RAMDSK.S85:39
rPRTA                           = $0020 ; const, local, , RAMDSK, , RAMDSK.S85:79
wA                              = $EE78 ; addr, local, , RAMDSK, , RAMDSK.S85:934
wC                              = $EE7B ; addr, local, , RAMDSK, , RAMDSK.S85:940
wF                              = $EC31 ; addr, local, , RAMDSK, , RAMDSK.S85:865
wSP                             = $E952 ; addr, local, , RAMDSK, , RAMDSK.S85:860
