AsMSG                           = $EE27 ; addr, local, , RAMDSK, , RAMDSK.S85:905
BAFILES                         = $EF67 ; const, local, , RAMDSK, , 200.S85:49
BANK                            = $EE7F ; addr, local, , RAMDSK, , RAMDSK.S85:953
BANK_CTL_OFFSET                 = $0004 ; const, local, , RAMDSK, , RAMDSK.S85:98
BEEP                            = $4F45 ; const, local, , RAMDSK, , 200.S85:26
BankNumMSG                      = $EDAE ; addr, local, , RAMDSK, , RAMDSK.S85:877
BlockNum                        = $EE7A ; addr, local, , RAMDSK, , RAMDSK.S85:938
CDNCT                           = $001A ; const, local, , RAMDSK, , 200.S85:52
CFNAME                          = $F74F ; const, local, , RAMDSK, , 200.S85:45
CHGET                           = $12F7 ; const, local, , RAMDSK, , 200.S85:10
CKFN                            = $5ACA ; const, local, , RAMDSK, , 200.S85:29
CMPARE                          = $6E11 ; const, local, , RAMDSK, , 200.S85:31
COFILES                         = $F663 ; const, local, , RAMDSK, , 200.S85:42
CR                              = $000D ; const, local, , RAMDSK, , RAMDSK.S85:46
CSRY                            = $EF06 ; const, local, , RAMDSK, , 200.S85:37
CURBAS                          = $EF67 ; const, local, , RAMDSK, , 200.S85:39
CheckIsBankFormatted            = $ECF7 ; addr, local, , RAMDSK, , RAMDSK.S85:737
ConfirmDeleteRamFile            = $EBB3 ; addr, local, , RAMDSK, , RAMDSK.S85:552
ConfirmReplace                  = $EABE ; addr, local, , RAMDSK, , RAMDSK.S85:416
ConfirmReplaceKill              = $EAC8 ; addr, local, , RAMDSK, , RAMDSK.S85:422
ConfirmWithPrompt               = $ED13 ; addr, local, , RAMDSK, , RAMDSK.S85:760
CtlPort                         = $EEAC ; addr, local, , RAMDSK, , RAMDSK.S85:862
D2H4Bup                         = $41BA ; const, local, , RAMDSK, , 200.S85:24
DEFAULT_HIMEM                   = $EEAE ; const, local, , RAMDSK, , 200.S85:53
DOFILES                         = $F661 ; const, local, , RAMDSK, , 200.S85:41
DrawTitle                       = $EA27 ; addr, local, , RAMDSK, , RAMDSK.S85:326
ESC                             = $001B ; const, local, , RAMDSK, , RAMDSK.S85:47
ESCB                            = $519D ; const, local, , RAMDSK, , 200.S85:27
ETRAP                           = $EF34 ; const, local, , RAMDSK, , 200.S85:38
FF                              = $000C ; const, local, , RAMDSK, , RAMDSK.S85:45
FILES                           = $2A2C ; const, local, , RAMDSK, , 200.S85:12
FINDFN                          = $2BCC ; const, local, , RAMDSK, , 200.S85:17
FNAME                           = $F746 ; const, local, , RAMDSK, , 200.S85:43
FORMAT@NewFormat                = $ED3D ; addr, local, , RAMDSK, , RAMDSK.S85:784
FORMAT                          = $ED28 ; addr, local, , RAMDSK, , RAMDSK.S85:775
FORMAT@WriteFormat              = $ED5C ; addr, local, , RAMDSK, , RAMDSK.S85:806
FORMAT@WriteStamp               = $ED4D ; addr, local, , RAMDSK, , RAMDSK.S85:800
FORMAT@l0                       = $ED5D ; addr, local, , RAMDSK, , RAMDSK.S85:808
FX1                             = $F74C ; const, local, , RAMDSK, , 200.S85:44
FX2                             = $F755 ; const, local, , RAMDSK, , 200.S85:46
FattrBA                         = $0080 ; const, local, , RAMDSK, , RAMDSK.S85:74
FattrCO                         = $00A0 ; const, local, , RAMDSK, , RAMDSK.S85:76
FattrDO                         = $00C0 ; const, local, , RAMDSK, , RAMDSK.S85:75
FileAttr                        = $EC9B ; addr, local, , RAMDSK, , RAMDSK.S85:867
FilenameMSG                     = $EE70 ; addr, local, , RAMDSK, , RAMDSK.S85:932
FixMSG                          = $EE65 ; addr, local, , RAMDSK, , RAMDSK.S85:926
FormatMSG                       = $EE41 ; addr, local, , RAMDSK, , RAMDSK.S85:918
FreeKB                          = $EB52 ; addr, local, , RAMDSK, , RAMDSK.S85:865
FreeMSG                         = $EE3C ; addr, local, , RAMDSK, , RAMDSK.S85:914
GETEOF                          = $8268 ; const, local, , RAMDSK, , 200.S85:32
HIMEM                           = $EEAE ; const, local, , RAMDSK, , RAMDSK.S85:158
INLIN                           = $54F6 ; const, local, , RAMDSK, , 200.S85:28
INR_A_RET                       = $2459 ; const, local, , RAMDSK, , 200.S85:23
InputFileNameWithPrompt         = $EC4D ; addr, local, , RAMDSK, , RAMDSK.S85:643
KC7                             = $FD0B ; const, local, , RAMDSK, , 200.S85:47
KIL200                          = $2B2C ; const, local, , RAMDSK, , 200.S85:16
KILL                            = $EA5C ; addr, local, , RAMDSK, , RAMDSK.S85:362
KILL@l0                         = $EA6C ; addr, local, , RAMDSK, , RAMDSK.S85:369
KILL@l1                         = $EA7A ; addr, local, , RAMDSK, , RAMDSK.S85:376
KYREAD                          = $8B03 ; const, local, , RAMDSK, , 200.S85:34
KillMSG                         = $EDFF ; addr, local, , RAMDSK, , RAMDSK.S85:889
LC2UCA                          = $1014 ; const, local, , RAMDSK, , 200.S85:8
LF                              = $000A ; const, local, , RAMDSK, , RAMDSK.S85:44
LOAD                            = $EBBB ; addr, local, , RAMDSK, , RAMDSK.S85:561
LoadMSG                         = $EE09 ; addr, local, , RAMDSK, , RAMDSK.S85:893
MAIN1                           = $E976 ; addr, local, , RAMDSK, , RAMDSK.S85:208
MAIN                            = $E951 ; addr, local, , RAMDSK, , RAMDSK.S85:191
MAIN@setsp                      = $E951 ; addr, local, , RAMDSK, , RAMDSK.S85:192
MAKHOL                          = $82A8 ; const, local, , RAMDSK, , 200.S85:33
MENU                            = $67A4 ; const, local, , RAMDSK, , 200.S85:30
MKDIRENT                        = $2DAC ; const, local, , RAMDSK, , 200.S85:22
MODEL_200                       = $0001 ; const, local, , RAMDSK, , RAMDSK.S85:0
MakeHole                        = $EBE4 ; addr, local, , RAMDSK, , RAMDSK.S85:578
MakeHoleBA                      = $EC0F ; addr, local, , RAMDSK, , RAMDSK.S85:601
MakeHoleDO                      = $EC05 ; addr, local, , RAMDSK, , RAMDSK.S85:595
NAME                            = $EA94 ; addr, local, , RAMDSK, , RAMDSK.S85:393
NAME@l0                         = $EAB5 ; addr, local, , RAMDSK, , RAMDSK.S85:408
NROWS                           = $0010 ; const, local, , RAMDSK, , 200.S85:51
NameMSG                         = $EE1D ; addr, local, , RAMDSK, , RAMDSK.S85:901
POPALL                          = $1604 ; const, local, , RAMDSK, , 200.S85:11
POP_BBEP                        = $EC1E ; addr, local, , RAMDSK, , RAMDSK.S85:610
PORT_CTL0                       = $0081 ; const, local, , RAMDSK, , RAMDSK.S85:96
PORT_DATA                       = $0083 ; const, local, , RAMDSK, , RAMDSK.S85:97
PRGEND                          = $EEAE ; addr, local, , RAMDSK, , RAMDSK.S85:999
PRGEXE                          = $E943 ; addr, local, , RAMDSK, , RAMDSK.S85:172
PRGLEN                          = $056B ; const, local, , RAMDSK, , RAMDSK.S85:0
PRGTOP                          = $E943 ; addr, local, , RAMDSK, , RAMDSK.S85:171
PRTASC                          = $470B ; const, local, , RAMDSK, , 200.S85:25
PRTSP                           = $001E ; const, local, , RAMDSK, , 200.S85:6
PTILL0                          = $11CC ; const, local, , RAMDSK, , 200.S85:9
RESETFPS                        = $2C62 ; const, local, , RAMDSK, , 200.S85:21
RST_4                           = $0020 ; const, local, , RAMDSK, , RAMDSK.S85:79
ReadDataW                       = $ED0D ; addr, local, , RAMDSK, , RAMDSK.S85:754
ReadKeyboard                    = $E979 ; addr, local, , RAMDSK, , RAMDSK.S85:215
ReadKeyboard@end                = $E9A8 ; addr, local, , RAMDSK, , RAMDSK.S85:250
ReplaceMSG                      = $EE2F ; addr, local, , RAMDSK, , RAMDSK.S85:910
SAVE1                           = $EAD4 ; addr, local, , RAMDSK, , RAMDSK.S85:432
SAVE1@ba                        = $EB24 ; addr, local, , RAMDSK, , RAMDSK.S85:472
SAVE1@do                        = $EB1D ; addr, local, , RAMDSK, , RAMDSK.S85:466
SAVE1@freekb                    = $EB51 ; addr, local, , RAMDSK, , RAMDSK.S85:498
SAVE1@l0                        = $EB08 ; addr, local, , RAMDSK, , RAMDSK.S85:455
SAVE1@l2                        = $EB34 ; addr, local, , RAMDSK, , RAMDSK.S85:482
SAVE1@l3                        = $EB3F ; addr, local, , RAMDSK, , RAMDSK.S85:487
SAVE1@l4                        = $EB42 ; addr, local, , RAMDSK, , RAMDSK.S85:489
SAVE1@l5                        = $EB4D ; addr, local, , RAMDSK, , RAMDSK.S85:495
SAVE1@l6                        = $EB58 ; addr, local, , RAMDSK, , RAMDSK.S85:503
SAVE1@l7                        = $EB5D ; addr, local, , RAMDSK, , RAMDSK.S85:506
SAVE1@l8                        = $EB7C ; addr, local, , RAMDSK, , RAMDSK.S85:520
SAVE1@l9                        = $EB8D ; addr, local, , RAMDSK, , RAMDSK.S85:527
SAVE1@la                        = $EB93 ; addr, local, , RAMDSK, , RAMDSK.S85:531
SAVE1@prepfn                    = $EB2B ; addr, local, , RAMDSK, , RAMDSK.S85:478
SAVE                            = $EACE ; addr, local, , RAMDSK, , RAMDSK.S85:429
SCNEMP                          = $2C09 ; const, local, , RAMDSK, , 200.S85:19
SPACE                           = $0020 ; const, local, , RAMDSK, , RAMDSK.S85:48
SaveMSG                         = $EE13 ; addr, local, , RAMDSK, , RAMDSK.S85:897
SelectBlock                     = $EEAB ; addr, local, , RAMDSK, , RAMDSK.S85:995
SkipCWords                      = $ED05 ; addr, local, , RAMDSK, , RAMDSK.S85:747
StampByte0                      = $0040 ; const, local, , RAMDSK, , RAMDSK.S85:141
StampByte1                      = $0004 ; const, local, , RAMDSK, , RAMDSK.S85:142
SureMSG                         = $EE5D ; addr, local, , RAMDSK, , RAMDSK.S85:921
TestHardware                    = $ED68 ; addr, local, , RAMDSK, , RAMDSK.S85:823
TitleMSG                        = $ED8F ; addr, local, , RAMDSK, , RAMDSK.S85:870
TmpBlockNum                     = $EB94 ; addr, local, , RAMDSK, , RAMDSK.S85:868
UBLNAS                          = $061B ; const, local, , RAMDSK, , 200.S85:7
UPDOFILES                       = $2C5A ; const, local, , RAMDSK, , 200.S85:20
UpdateFreeKB                    = $EA2D ; addr, local, , RAMDSK, , RAMDSK.S85:330
UpdateFreeKB@l0                 = $EA38 ; addr, local, , RAMDSK, , RAMDSK.S85:340
UpdateFreeKB@l1                 = $EA40 ; addr, local, , RAMDSK, , RAMDSK.S85:345
WriteFilename                   = $EB9B ; addr, local, , RAMDSK, , RAMDSK.S85:538
WriteFilename@l0                = $EBA6 ; addr, local, , RAMDSK, , RAMDSK.S85:543
__head                          = $E93D ; const, public, def, , ,
__size                          = $0571 ; const, public, def, , ,
__tail                          = $EEAE ; const, public, def, , ,
bB                              = $E9CD ; addr, local, , RAMDSK, , RAMDSK.S85:864
bD                              = $EE7D ; addr, local, , RAMDSK, , RAMDSK.S85:944
bE                              = $EE7E ; addr, local, , RAMDSK, , RAMDSK.S85:947
bI                              = $EA18 ; addr, local, , RAMDSK, , RAMDSK.S85:863
j01                             = $E9AE ; addr, local, , RAMDSK, , RAMDSK.S85:255
j01@bb                          = $E9CC ; addr, local, , RAMDSK, , RAMDSK.S85:275
j01@l0                          = $E9B3 ; addr, local, , RAMDSK, , RAMDSK.S85:258
j01@l1                          = $E9C0 ; addr, local, , RAMDSK, , RAMDSK.S85:266
j01@l2                          = $E9C9 ; addr, local, , RAMDSK, , RAMDSK.S85:272
j01@l3                          = $E9D9 ; addr, local, , RAMDSK, , RAMDSK.S85:284
j03                             = $EA02 ; addr, local, , RAMDSK, , RAMDSK.S85:306
j03@l0                          = $EA12 ; addr, local, , RAMDSK, , RAMDSK.S85:313
j05                             = $EA17 ; addr, local, , RAMDSK, , RAMDSK.S85:317
j27                             = $EC22 ; addr, local, , RAMDSK, , RAMDSK.S85:614
j27@l0                          = $EC24 ; addr, local, , RAMDSK, , RAMDSK.S85:616
j27@l1                          = $EC30 ; addr, local, , RAMDSK, , RAMDSK.S85:621
j27@l2                          = $EC33 ; addr, local, , RAMDSK, , RAMDSK.S85:623
j27@l3                          = $EC34 ; addr, local, , RAMDSK, , RAMDSK.S85:625
j29                             = $EC5B ; addr, local, , RAMDSK, , RAMDSK.S85:653
j30                             = $EC68 ; addr, local, , RAMDSK, , RAMDSK.S85:664
j40                             = $ED1F ; addr, local, , RAMDSK, , RAMDSK.S85:767
j41                             = $EC6B ; addr, local, , RAMDSK, , RAMDSK.S85:666
j41@l0                          = $EC89 ; addr, local, , RAMDSK, , RAMDSK.S85:682
j41@l1                          = $EC9A ; addr, local, , RAMDSK, , RAMDSK.S85:690
j41@l2                          = $ECAA ; addr, local, , RAMDSK, , RAMDSK.S85:697
j42                             = $ECCD ; addr, local, , RAMDSK, , RAMDSK.S85:714
j43                             = $ECD8 ; addr, local, , RAMDSK, , RAMDSK.S85:722
j44                             = $ECD0 ; addr, local, , RAMDSK, , RAMDSK.S85:717
opcode_IN                       = $00DB ; const, local, , RAMDSK, , RAMDSK.S85:39
opcode_OUT                      = $00D3 ; const, local, , RAMDSK, , RAMDSK.S85:40
rPRTA                           = $0020 ; const, local, , RAMDSK, , RAMDSK.S85:80
wA                              = $EE78 ; addr, local, , RAMDSK, , RAMDSK.S85:935
wC                              = $EE7B ; addr, local, , RAMDSK, , RAMDSK.S85:941
wF                              = $EC31 ; addr, local, , RAMDSK, , RAMDSK.S85:866
wSP                             = $E952 ; addr, local, , RAMDSK, , RAMDSK.S85:861
