AsMSG                           = $F59A ; addr, local, , RAMDSK, , RAMDSK.S85:1023
Ask_From_Filename               = $F39F ; addr, local, , RAMDSK, , RAMDSK.S85:683
Ask_To_Filename                 = $F454 ; addr, local, , RAMDSK, , RAMDSK.S85:788
BAFILES                         = $F98B ; const, local, , RAMDSK, , K85.S85:48
BANK0                           = $0030 ; const, local, , RAMDSK, , RAMDSK.S85:109
BANK@DoneBN                     = $F4FB ; addr, local, , RAMDSK, , RAMDSK.S85:931
BANK@LoopBN                     = $F4F2 ; addr, local, , RAMDSK, , RAMDSK.S85:926
BANK                            = $F4C4 ; addr, local, , RAMDSK, , RAMDSK.S85:881
BANK@UpdateBankNum              = $F4EA ; addr, local, , RAMDSK, , RAMDSK.S85:921
BANK_CTL_OFFSET                 = $0004 ; const, local, , RAMDSK, , RAMDSK.S85:104
BEEP                            = $4205 ; const, local, , RAMDSK, , K85.S85:25
BankNumMSG                      = $F521 ; addr, local, , RAMDSK, , RAMDSK.S85:995
BlockNum                        = $F424 ; addr, local, , RAMDSK, , RAMDSK.S85:980
CDNCT                           = $000A ; const, local, , RAMDSK, , K85.S85:51
CFNAME                          = $FCAE ; const, local, , RAMDSK, , K85.S85:44
CHGET                           = $12D4 ; const, local, , RAMDSK, , K85.S85:10
CKFN                            = $4BC1 ; const, local, , RAMDSK, , K85.S85:28
CMPARE                          = $5778 ; const, local, , RAMDSK, , K85.S85:30
COFILES                         = $FBC2 ; const, local, , RAMDSK, , K85.S85:41
CR                              = $000D ; const, local, , RAMDSK, , RAMDSK.S85:52
CSRY                            = $F640 ; const, local, , RAMDSK, , K85.S85:36
CheckIsBankFormatted            = $F42C ; addr, local, , RAMDSK, , RAMDSK.S85:758
ConfirmDeleteRamFile            = $F2DD ; addr, local, , RAMDSK, , RAMDSK.S85:567
ConfirmReplace                  = $F1E9 ; addr, local, , RAMDSK, , RAMDSK.S85:430
ConfirmReplaceKill              = $F1F3 ; addr, local, , RAMDSK, , RAMDSK.S85:436
ConfirmWithPrompt               = $F448 ; addr, local, , RAMDSK, , RAMDSK.S85:781
CtlPort                         = $F500 ; addr, local, , RAMDSK, , RAMDSK.S85:973
D2H4Bup                         = $3442 ; const, local, , RAMDSK, , K85.S85:23
DEFAULT_HIMEM                   = $F5EE ; const, local, , RAMDSK, , K85.S85:53
DOFILES                         = $FBC0 ; const, local, , RAMDSK, , K85.S85:40
DrawTitle                       = $F152 ; addr, local, , RAMDSK, , RAMDSK.S85:337
ESC                             = $001B ; const, local, , RAMDSK, , RAMDSK.S85:53
ESCB                            = $444E ; const, local, , RAMDSK, , K85.S85:26
ETRAP                           = $F659 ; const, local, , RAMDSK, , K85.S85:37
FF                              = $000C ; const, local, , RAMDSK, , RAMDSK.S85:51
FILES                           = $1F07 ; const, local, , RAMDSK, , K85.S85:12
FINDFN1                         = $209D ; const, local, , RAMDSK, , K85.S85:17
FINDFN                          = $2080 ; const, local, , RAMDSK, , K85.S85:16
FNAME                           = $FCA5 ; const, local, , RAMDSK, , K85.S85:42
FORMAT@NewFormat                = $F472 ; addr, local, , RAMDSK, , RAMDSK.S85:805
FORMAT                          = $F45D ; addr, local, , RAMDSK, , RAMDSK.S85:796
FORMAT@WriteStamp               = $F482 ; addr, local, , RAMDSK, , RAMDSK.S85:821
FREE                            = $F158 ; addr, local, , RAMDSK, , RAMDSK.S85:344
FREE@l0                         = $F163 ; addr, local, , RAMDSK, , RAMDSK.S85:354
FREE@l1                         = $F16B ; addr, local, , RAMDSK, , RAMDSK.S85:359
FX1                             = $FCAB ; const, local, , RAMDSK, , K85.S85:43
FX2                             = $FCB4 ; const, local, , RAMDSK, , K85.S85:45
FattrBA                         = $0080 ; const, local, , RAMDSK, , RAMDSK.S85:80
FattrCO                         = $00A0 ; const, local, , RAMDSK, , RAMDSK.S85:82
FattrDO                         = $00C0 ; const, local, , RAMDSK, , RAMDSK.S85:81
FileAttr                        = $F3D2 ; addr, local, , RAMDSK, , RAMDSK.S85:978
FilenameMSG                     = $F5E3 ; addr, local, , RAMDSK, , RAMDSK.S85:1050
FixMSG                          = $F5D8 ; addr, local, , RAMDSK, , RAMDSK.S85:1044
FormatMSG                       = $F5B4 ; addr, local, , RAMDSK, , RAMDSK.S85:1036
FreeKB                          = $F27D ; addr, local, , RAMDSK, , RAMDSK.S85:976
FreeMSG                         = $F5AF ; addr, local, , RAMDSK, , RAMDSK.S85:1032
GETEOF                          = $6835 ; const, local, , RAMDSK, , K85.S85:31
HIMEM                           = $F5EE ; const, local, , RAMDSK, , RAMDSK.S85:171
INLIN                           = $45F8 ; const, local, , RAMDSK, , K85.S85:27
INR_A_RET                       = $2A8E ; const, local, , RAMDSK, , K85.S85:22
InputFilenameWithPrompt         = $F384 ; addr, local, , RAMDSK, , RAMDSK.S85:662
KILASC                          = $1F90 ; const, local, , RAMDSK, , K85.S85:13
KILBAS                          = $1FE8 ; const, local, , RAMDSK, , K85.S85:15
KILCOM                          = $1FAA ; const, local, , RAMDSK, , K85.S85:14
KILL                            = $F187 ; addr, local, , RAMDSK, , RAMDSK.S85:376
KILL@l0                         = $F197 ; addr, local, , RAMDSK, , RAMDSK.S85:383
KILL@l1                         = $F1A5 ; addr, local, , RAMDSK, , RAMDSK.S85:390
KYREAD                          = $6EF2 ; const, local, , RAMDSK, , K85.S85:33
KillMSG                         = $F572 ; addr, local, , RAMDSK, , RAMDSK.S85:1007
LC2UCA                          = $0FF0 ; const, local, , RAMDSK, , K85.S85:8
LF                              = $000A ; const, local, , RAMDSK, , RAMDSK.S85:50
LOAD                            = $F2F2 ; addr, local, , RAMDSK, , RAMDSK.S85:576
LoadMSG                         = $F57C ; addr, local, , RAMDSK, , RAMDSK.S85:1011
MAIN                            = $F07C ; addr, local, , RAMDSK, , RAMDSK.S85:202
MAIN@end                        = $F0A1 ; addr, local, , RAMDSK, , RAMDSK.S85:219
MAIN@setsp                      = $F07C ; addr, local, , RAMDSK, , RAMDSK.S85:203
MAKHOL                          = $6875 ; const, local, , RAMDSK, , K85.S85:32
MATCH_LEGACY_CO_HEADER          = $0001 ; const, local, , RAMDSK, , RAMDSK.S85:0
MENU                            = $54A4 ; const, local, , RAMDSK, , K85.S85:29
MKDIRENT                        = $2211 ; const, local, , RAMDSK, , K85.S85:21
MODEL_K85                       = $0001 ; const, local, , RAMDSK, , RAMDSK.S85:0
MakeHole                        = $F31B ; addr, local, , RAMDSK, , RAMDSK.S85:593
MakeHoleBA                      = $F346 ; addr, local, , RAMDSK, , RAMDSK.S85:617
MakeHoleDO                      = $F33C ; addr, local, , RAMDSK, , RAMDSK.S85:611
NAME                            = $F1BF ; addr, local, , RAMDSK, , RAMDSK.S85:407
NAME@l0                         = $F1E0 ; addr, local, , RAMDSK, , RAMDSK.S85:422
NBANKS                          = $0004 ; const, local, , RAMDSK, , RAMDSK.S85:41
NROWS                           = $0008 ; const, local, , RAMDSK, , K85.S85:50
NameMSG                         = $F590 ; addr, local, , RAMDSK, , RAMDSK.S85:1019
POPALL                          = $14F8 ; const, local, , RAMDSK, , K85.S85:11
POP_BBEP                        = $F355 ; addr, local, , RAMDSK, , RAMDSK.S85:626
PORT_CTL0                       = $0081 ; const, local, , RAMDSK, , RAMDSK.S85:102
PORT_DATA                       = $0083 ; const, local, , RAMDSK, , RAMDSK.S85:103
PRGEND                          = $F5EE ; addr, local, , RAMDSK, , RAMDSK.S85:1061
PRGEXE                          = $F076 ; addr, local, , RAMDSK, , RAMDSK.S85:188
PRGLEN                          = $0578 ; const, local, , RAMDSK, , RAMDSK.S85:0
PRGTOP                          = $F076 ; addr, local, , RAMDSK, , RAMDSK.S85:187
PRTASC                          = $39AD ; const, local, , RAMDSK, , K85.S85:24
PRTSP                           = $001E ; const, local, , RAMDSK, , K85.S85:6
PTILL0                          = $11A9 ; const, local, , RAMDSK, , K85.S85:9
RESETFPS                        = $2119 ; const, local, , RAMDSK, , K85.S85:20
RST_4                           = $0020 ; const, local, , RAMDSK, , RAMDSK.S85:85
ReadDataW                       = $F442 ; addr, local, , RAMDSK, , RAMDSK.S85:775
ReadKeyboard                    = $F0A4 ; addr, local, , RAMDSK, , RAMDSK.S85:226
ReadKeyboard@end                = $F0D3 ; addr, local, , RAMDSK, , RAMDSK.S85:261
ReplaceMSG                      = $F5A2 ; addr, local, , RAMDSK, , RAMDSK.S85:1028
SAVE1                           = $F1FF ; addr, local, , RAMDSK, , RAMDSK.S85:446
SAVE1@ba                        = $F24F ; addr, local, , RAMDSK, , RAMDSK.S85:486
SAVE1@bn                        = $F2BD ; addr, local, , RAMDSK, , RAMDSK.S85:546
SAVE1@do                        = $F248 ; addr, local, , RAMDSK, , RAMDSK.S85:480
SAVE1@freekb                    = $F27C ; addr, local, , RAMDSK, , RAMDSK.S85:513
SAVE1@l0                        = $F233 ; addr, local, , RAMDSK, , RAMDSK.S85:469
SAVE1@l2                        = $F25F ; addr, local, , RAMDSK, , RAMDSK.S85:496
SAVE1@l3                        = $F26A ; addr, local, , RAMDSK, , RAMDSK.S85:502
SAVE1@l4                        = $F26D ; addr, local, , RAMDSK, , RAMDSK.S85:504
SAVE1@l5                        = $F278 ; addr, local, , RAMDSK, , RAMDSK.S85:510
SAVE1@l6                        = $F283 ; addr, local, , RAMDSK, , RAMDSK.S85:518
SAVE1@l7                        = $F288 ; addr, local, , RAMDSK, , RAMDSK.S85:521
SAVE1@l8                        = $F2A7 ; addr, local, , RAMDSK, , RAMDSK.S85:535
SAVE1@l9                        = $F2B7 ; addr, local, , RAMDSK, , RAMDSK.S85:542
SAVE1@prepfn                    = $F256 ; addr, local, , RAMDSK, , RAMDSK.S85:492
SAVE                            = $F1F9 ; addr, local, , RAMDSK, , RAMDSK.S85:443
SCNEMP                          = $20BD ; const, local, , RAMDSK, , K85.S85:18
SPACE                           = $0020 ; const, local, , RAMDSK, , RAMDSK.S85:54
SaveMSG                         = $F586 ; addr, local, , RAMDSK, , RAMDSK.S85:1015
SelectBlock                     = $F4FF ; addr, local, , RAMDSK, , RAMDSK.S85:962
SkipCWords                      = $F43A ; addr, local, , RAMDSK, , RAMDSK.S85:768
StampByte0                      = $0040 ; const, local, , RAMDSK, , RAMDSK.S85:153
StampByte1                      = $0004 ; const, local, , RAMDSK, , RAMDSK.S85:154
SureMSG                         = $F5D0 ; addr, local, , RAMDSK, , RAMDSK.S85:1039
TestHardware                    = $F49D ; addr, local, , RAMDSK, , RAMDSK.S85:845
TitleMSG                        = $F502 ; addr, local, , RAMDSK, , RAMDSK.S85:989
TmpBlockNum                     = $F2BE ; addr, local, , RAMDSK, , RAMDSK.S85:979
UBLNAS                          = $05F7 ; const, local, , RAMDSK, , K85.S85:7
UNSAVBA                         = $F98B ; const, local, , RAMDSK, , K85.S85:39
UPDOFILES                       = $210E ; const, local, , RAMDSK, , K85.S85:19
WriteFilename                   = $F2C5 ; addr, local, , RAMDSK, , RAMDSK.S85:553
WriteFilename@l0                = $F2D0 ; addr, local, , RAMDSK, , RAMDSK.S85:558
WriteFormat                     = $F491 ; addr, local, , RAMDSK, , RAMDSK.S85:828
WriteFormat@l0                  = $F492 ; addr, local, , RAMDSK, , RAMDSK.S85:830
__head                          = $F070 ; const, public, def, , ,
__size                          = $057E ; const, public, def, , ,
__tail                          = $F5EE ; const, public, def, , ,
bB                              = $F0F8 ; addr, local, , RAMDSK, , RAMDSK.S85:975
bD                              = $F41A ; addr, local, , RAMDSK, , RAMDSK.S85:981
bE                              = $F2A8 ; addr, local, , RAMDSK, , RAMDSK.S85:982
bI                              = $F143 ; addr, local, , RAMDSK, , RAMDSK.S85:974
j01                             = $F0D9 ; addr, local, , RAMDSK, , RAMDSK.S85:266
j01@bb                          = $F0F7 ; addr, local, , RAMDSK, , RAMDSK.S85:286
j01@l0                          = $F0DE ; addr, local, , RAMDSK, , RAMDSK.S85:269
j01@l1                          = $F0EB ; addr, local, , RAMDSK, , RAMDSK.S85:277
j01@l2                          = $F0F4 ; addr, local, , RAMDSK, , RAMDSK.S85:283
j01@l3                          = $F104 ; addr, local, , RAMDSK, , RAMDSK.S85:295
j03                             = $F12D ; addr, local, , RAMDSK, , RAMDSK.S85:317
j03@l0                          = $F13D ; addr, local, , RAMDSK, , RAMDSK.S85:324
j05                             = $F142 ; addr, local, , RAMDSK, , RAMDSK.S85:328
j27                             = $F359 ; addr, local, , RAMDSK, , RAMDSK.S85:630
j27@l0                          = $F35B ; addr, local, , RAMDSK, , RAMDSK.S85:632
j27@l1                          = $F367 ; addr, local, , RAMDSK, , RAMDSK.S85:639
j27@l2                          = $F36A ; addr, local, , RAMDSK, , RAMDSK.S85:641
j27@l3                          = $F36B ; addr, local, , RAMDSK, , RAMDSK.S85:643
j27@wc                          = $F374 ; addr, local, , RAMDSK, , RAMDSK.S85:652
j29                             = $F392 ; addr, local, , RAMDSK, , RAMDSK.S85:672
j41                             = $F3A2 ; addr, local, , RAMDSK, , RAMDSK.S85:685
j41@fileattr                    = $F3D1 ; addr, local, , RAMDSK, , RAMDSK.S85:709
j41@l0                          = $F3C0 ; addr, local, , RAMDSK, , RAMDSK.S85:701
j41@l2                          = $F3E1 ; addr, local, , RAMDSK, , RAMDSK.S85:716
j42                             = $F404 ; addr, local, , RAMDSK, , RAMDSK.S85:733
j43                             = $F40F ; addr, local, , RAMDSK, , RAMDSK.S85:741
j43@bd                          = $F419 ; addr, local, , RAMDSK, , RAMDSK.S85:746
j43@bn                          = $F423 ; addr, local, , RAMDSK, , RAMDSK.S85:752
j44                             = $F407 ; addr, local, , RAMDSK, , RAMDSK.S85:736
opcode_IN                       = $00DB ; const, local, , RAMDSK, , RAMDSK.S85:45
opcode_OUT                      = $00D3 ; const, local, , RAMDSK, , RAMDSK.S85:46
padding                         = $F5ED ; addr, local, , RAMDSK, , RAMDSK.S85:1057
rPRTA                           = $0020 ; const, local, , RAMDSK, , RAMDSK.S85:86
wA                              = $F5EB ; addr, local, , RAMDSK, , RAMDSK.S85:1053
wC                              = $F375 ; addr, local, , RAMDSK, , RAMDSK.S85:983
wF                              = $F368 ; addr, local, , RAMDSK, , RAMDSK.S85:977
wSP                             = $F07D ; addr, local, , RAMDSK, , RAMDSK.S85:972
