ALT_BANK_LOGIC                  = $0001 ; const, local, , RAM100, , RAM100.S85:0
AsMSG                           = $F59A ; addr, local, , RAM100, , RAM100.S85:1077
BANK0                           = $0030 ; const, local, , RAM100, , RAM100.S85:959
BANK@DoneBN                     = $F4FB ; addr, local, , RAM100, , RAM100.S85:981
BANK@LoopBN                     = $F4F2 ; addr, local, , RAM100, , RAM100.S85:976
BANK                            = $F4C4 ; addr, local, , RAM100, , RAM100.S85:916
BANK@UpdateBankNum              = $F4EA ; addr, local, , RAM100, , RAM100.S85:971
BANK_CTL_OFFSET                 = $0004 ; const, local, , RAM100, , RAM100.S85:133
BEEP                            = $4229 ; const, local, , RAM100, , RAM100.S85:89
BankNumMSG                      = $F521 ; addr, local, , RAM100, , RAM100.S85:1049
Beep                            = $F355 ; addr, local, , RAM100, , RAM100.S85:662
BlockNum                        = $F427 ; addr, local, , RAM100, , RAM100.S85:1032
CFNAME                          = $FC9C ; const, local, , RAM100, , RAM100.S85:119
CHGET                           = $12CB ; const, local, , RAM100, , RAM100.S85:74
CKFN                            = $4C0B ; const, local, , RAM100, , RAM100.S85:92
CMPARE                          = $5A6D ; const, local, , RAM100, , RAM100.S85:94
COFILES                         = $FBB0 ; const, local, , RAM100, , RAM100.S85:115
CR                              = $000D ; const, local, , RAM100, , RAM100.S85:34
CURSOR_ROW                      = $F639 ; const, local, , RAM100, , RAM100.S85:111
CheckIsBankFormatted            = $F42C ; addr, local, , RAM100, , RAM100.S85:794
ConfirmReplace                  = $F1E9 ; addr, local, , RAM100, , RAM100.S85:461
ConfirmReplaceKill              = $F1F3 ; addr, local, , RAM100, , RAM100.S85:467
ConfirmWithPrompt               = $F448 ; addr, local, , RAM100, , RAM100.S85:817
CtlPort                         = $F500 ; addr, local, , RAM100, , RAM100.S85:1030
D2H4Bup                         = $3469 ; const, local, , RAM100, , RAM100.S85:87
DOFILES                         = $FBAE ; const, local, , RAM100, , RAM100.S85:114
DeleteRamFile                   = $F2DD ; addr, local, , RAM100, , RAM100.S85:598
DrawTitle                       = $F152 ; addr, local, , RAM100, , RAM100.S85:371
ESC                             = $001B ; const, local, , RAM100, , RAM100.S85:35
ESCB                            = $446E ; const, local, , RAM100, , RAM100.S85:90
ETRAP                           = $F652 ; const, local, , RAM100, , RAM100.S85:112
FF                              = $000C ; const, local, , RAM100, , RAM100.S85:33
FILES                           = $1F3A ; const, local, , RAM100, , RAM100.S85:76
FINDFN1                         = $20CC ; const, local, , RAM100, , RAM100.S85:81
FINDFN                          = $20AF ; const, local, , RAM100, , RAM100.S85:80
FNAME                           = $FC93 ; const, local, , RAM100, , RAM100.S85:116
FORMAT@NewFormat                = $F472 ; addr, local, , RAM100, , RAM100.S85:841
FORMAT                          = $F45D ; addr, local, , RAM100, , RAM100.S85:832
FORMAT@WriteFormat              = $F491 ; addr, local, , RAM100, , RAM100.S85:863
FORMAT@WriteStamp               = $F482 ; addr, local, , RAM100, , RAM100.S85:857
FORMAT@l0                       = $F492 ; addr, local, , RAM100, , RAM100.S85:865
FattrBA                         = $0080 ; const, local, , RAM100, , RAM100.S85:124
FattrCO                         = $00A0 ; const, local, , RAM100, , RAM100.S85:126
FattrDO                         = $00C0 ; const, local, , RAM100, , RAM100.S85:125
FileAttr                        = $F3D2 ; addr, local, , RAM100, , RAM100.S85:1028
FilenameMSG                     = $F5E3 ; addr, local, , RAM100, , RAM100.S85:1104
FixMSG                          = $F5D8 ; addr, local, , RAM100, , RAM100.S85:1098
FormatMSG                       = $F5B4 ; addr, local, , RAM100, , RAM100.S85:1090
FreeKB                          = $F27D ; addr, local, , RAM100, , RAM100.S85:1026
FreeMSG                         = $F5AF ; addr, local, , RAM100, , RAM100.S85:1086
GETEOF                          = $6B2D ; const, local, , RAM100, , RAM100.S85:95
HIMEM                           = $F5EE ; const, local, , RAM100, , RAM100.S85:0
INLIN                           = $4644 ; const, local, , RAM100, , RAM100.S85:91
INSTR_2AB5                      = $2AB5 ; const, local, , RAM100, , RAM100.S85:86
InputFileNameWithPrompt         = $F384 ; addr, local, , RAM100, , RAM100.S85:698
KILL                            = $F187 ; addr, local, , RAM100, , RAM100.S85:407
KILL@l0                         = $F197 ; addr, local, , RAM100, , RAM100.S85:414
KILL@l1                         = $F1A5 ; addr, local, , RAM100, , RAM100.S85:421
KILLDO1                         = $1FD9 ; const, local, , RAM100, , RAM100.S85:78
KILLDO4                         = $2017 ; const, local, , RAM100, , RAM100.S85:79
KILLDO                          = $1FBF ; const, local, , RAM100, , RAM100.S85:77
KYREAD                          = $7242 ; const, local, , RAM100, , RAM100.S85:97
KillMSG                         = $F572 ; addr, local, , RAM100, , RAM100.S85:1061
LC2UCA                          = $0FE9 ; const, local, , RAM100, , RAM100.S85:72
LF                              = $000A ; const, local, , RAM100, , RAM100.S85:32
LOAD                            = $F2F2 ; addr, local, , RAM100, , RAM100.S85:612
LoadMSG                         = $F57C ; addr, local, , RAM100, , RAM100.S85:1065
MAIN1                           = $F0A1 ; addr, local, , RAM100, , RAM100.S85:251
MAIN                            = $F07C ; addr, local, , RAM100, , RAM100.S85:234
MAIN@setsp                      = $F07C ; addr, local, , RAM100, , RAM100.S85:235
MAKHOL                          = $6B6D ; const, local, , RAM100, , RAM100.S85:96
MENU                            = $5797 ; const, local, , RAM100, , RAM100.S85:93
MKDIRENT                        = $2239 ; const, local, , RAM100, , RAM100.S85:85
MYSTERY_20EC                    = $20EC ; const, local, , RAM100, , RAM100.S85:82
MYSTERY_FC99                    = $FC99 ; const, local, , RAM100, , RAM100.S85:118
MYSTERY_FCA2                    = $FCA2 ; const, local, , RAM100, , RAM100.S85:120
MakeHole                        = $F31B ; addr, local, , RAM100, , RAM100.S85:629
MakeHoleBA                      = $F346 ; addr, local, , RAM100, , RAM100.S85:653
MakeHoleDO                      = $F33C ; addr, local, , RAM100, , RAM100.S85:647
NAME                            = $F1BF ; addr, local, , RAM100, , RAM100.S85:438
NAME@l0                         = $F1E0 ; addr, local, , RAM100, , RAM100.S85:453
NBANKS                          = $0004 ; const, local, , RAM100, , RAM100.S85:134
NameMSG                         = $F590 ; addr, local, , RAM100, , RAM100.S85:1073
POPALL                          = $14ED ; const, local, , RAM100, , RAM100.S85:75
PORT_CTL0                       = $0081 ; const, local, , RAM100, , RAM100.S85:131
PORT_DATA                       = $0083 ; const, local, , RAM100, , RAM100.S85:132
PRGEND                          = $F5EE ; addr, local, , RAM100, , RAM100.S85:1119
PRGEXE                          = $F076 ; addr, local, , RAM100, , RAM100.S85:212
PRGLEN                          = $0578 ; const, local, , RAM100, , RAM100.S85:0
PRGTOP                          = $F076 ; addr, local, , RAM100, , RAM100.S85:211
PRTASC                          = $39D4 ; const, local, , RAM100, , RAM100.S85:88
PRTSP                           = $001E ; const, local, , RAM100, , RAM100.S85:70
PTILL0                          = $11A2 ; const, local, , RAM100, , RAM100.S85:73
RESETFPS                        = $2146 ; const, local, , RAM100, , RAM100.S85:84
RST_4                           = $0020 ; const, local, , RAM100, , RAM100.S85:66
ReadDataW                       = $F442 ; addr, local, , RAM100, , RAM100.S85:811
ReadKeyboard                    = $F0A4 ; addr, local, , RAM100, , RAM100.S85:258
ReadKeyboard@end                = $F0D3 ; addr, local, , RAM100, , RAM100.S85:293
ReplaceMSG                      = $F5A2 ; addr, local, , RAM100, , RAM100.S85:1082
SAVE1                           = $F1FF ; addr, local, , RAM100, , RAM100.S85:477
SAVE1@ba                        = $F24F ; addr, local, , RAM100, , RAM100.S85:517
SAVE1@do                        = $F248 ; addr, local, , RAM100, , RAM100.S85:511
SAVE1@freekb                    = $F27C ; addr, local, , RAM100, , RAM100.S85:544
SAVE1@l0                        = $F233 ; addr, local, , RAM100, , RAM100.S85:500
SAVE1@l2                        = $F25F ; addr, local, , RAM100, , RAM100.S85:527
SAVE1@l3                        = $F26A ; addr, local, , RAM100, , RAM100.S85:533
SAVE1@l4                        = $F26D ; addr, local, , RAM100, , RAM100.S85:535
SAVE1@l5                        = $F278 ; addr, local, , RAM100, , RAM100.S85:541
SAVE1@l6                        = $F283 ; addr, local, , RAM100, , RAM100.S85:549
SAVE1@l7                        = $F288 ; addr, local, , RAM100, , RAM100.S85:552
SAVE1@l8                        = $F2A7 ; addr, local, , RAM100, , RAM100.S85:566
SAVE1@l9                        = $F2B7 ; addr, local, , RAM100, , RAM100.S85:573
SAVE1@la                        = $F2BD ; addr, local, , RAM100, , RAM100.S85:577
SAVE1@prepfn                    = $F256 ; addr, local, , RAM100, , RAM100.S85:523
SAVE                            = $F1F9 ; addr, local, , RAM100, , RAM100.S85:474
SPACE                           = $0020 ; const, local, , RAM100, , RAM100.S85:36
SaveMSG                         = $F586 ; addr, local, , RAM100, , RAM100.S85:1069
SelectBlock                     = $F4FF ; addr, local, , RAM100, , RAM100.S85:1014
SkipCWords                      = $F43A ; addr, local, , RAM100, , RAM100.S85:804
StampByte0                      = $0040 ; const, local, , RAM100, , RAM100.S85:178
StampByte1                      = $0004 ; const, local, , RAM100, , RAM100.S85:179
SureMSG                         = $F5D0 ; addr, local, , RAM100, , RAM100.S85:1093
TestHardware                    = $F49D ; addr, local, , RAM100, , RAM100.S85:880
TitleMSG                        = $F502 ; addr, local, , RAM100, , RAM100.S85:1042
UBLNAS                          = $05F0 ; const, local, , RAM100, , RAM100.S85:71
UNSBA                           = $F99A ; const, local, , RAM100, , RAM100.S85:113
UPDOFILES                       = $213E ; const, local, , RAM100, , RAM100.S85:83
UpdateFreeKB                    = $F158 ; addr, local, , RAM100, , RAM100.S85:375
UpdateFreeKB@l0                 = $F163 ; addr, local, , RAM100, , RAM100.S85:385
UpdateFreeKB@l1                 = $F16B ; addr, local, , RAM100, , RAM100.S85:390
WriteFilename                   = $F2C5 ; addr, local, , RAM100, , RAM100.S85:584
WriteFilename@l0                = $F2D0 ; addr, local, , RAM100, , RAM100.S85:589
_BlockNum                       = $F2BE ; addr, local, , RAM100, , RAM100.S85:1029
__head                          = $F070 ; const, public, def, , ,
__size                          = $057E ; const, public, def, , ,
__tail                          = $F5EE ; const, public, def, , ,
bB                              = $F0F8 ; addr, local, , RAM100, , RAM100.S85:1025
bD                              = $F41A ; addr, local, , RAM100, , RAM100.S85:1033
bE                              = $F2A8 ; addr, local, , RAM100, , RAM100.S85:1034
bI                              = $F143 ; addr, local, , RAM100, , RAM100.S85:1024
j01                             = $F0D9 ; addr, local, , RAM100, , RAM100.S85:298
j02                             = $F0EB ; addr, local, , RAM100, , RAM100.S85:310
j03                             = $F12D ; addr, local, , RAM100, , RAM100.S85:350
j04                             = $F13D ; addr, local, , RAM100, , RAM100.S85:358
j05                             = $F142 ; addr, local, , RAM100, , RAM100.S85:362
j27                             = $F359 ; addr, local, , RAM100, , RAM100.S85:666
j27@l0                          = $F35B ; addr, local, , RAM100, , RAM100.S85:668
j27@l1                          = $F367 ; addr, local, , RAM100, , RAM100.S85:675
j27@l2                          = $F36A ; addr, local, , RAM100, , RAM100.S85:677
j27@l3                          = $F36B ; addr, local, , RAM100, , RAM100.S85:679
j27@wc                          = $F374 ; addr, local, , RAM100, , RAM100.S85:688
j29                             = $F392 ; addr, local, , RAM100, , RAM100.S85:708
j30                             = $F39F ; addr, local, , RAM100, , RAM100.S85:719
j33                             = $F0DE ; addr, local, , RAM100, , RAM100.S85:301
j34                             = $F0F4 ; addr, local, , RAM100, , RAM100.S85:316
j34@l0                          = $F0F7 ; addr, local, , RAM100, , RAM100.S85:319
j39                             = $F104 ; addr, local, , RAM100, , RAM100.S85:328
j40                             = $F454 ; addr, local, , RAM100, , RAM100.S85:824
j41                             = $F3A2 ; addr, local, , RAM100, , RAM100.S85:721
j41@l0                          = $F3C0 ; addr, local, , RAM100, , RAM100.S85:737
j41@l1                          = $F3D1 ; addr, local, , RAM100, , RAM100.S85:745
j41@l2                          = $F3E1 ; addr, local, , RAM100, , RAM100.S85:752
j42                             = $F404 ; addr, local, , RAM100, , RAM100.S85:769
j43                             = $F40F ; addr, local, , RAM100, , RAM100.S85:777
j43@bd                          = $F419 ; addr, local, , RAM100, , RAM100.S85:782
j43@bn                          = $F426 ; addr, local, , RAM100, , RAM100.S85:789
j44                             = $F407 ; addr, local, , RAM100, , RAM100.S85:772
opcode_IN                       = $00DB ; const, local, , RAM100, , RAM100.S85:39
opcode_OUT                      = $00D3 ; const, local, , RAM100, , RAM100.S85:40
padding                         = $F5ED ; addr, local, , RAM100, , RAM100.S85:1112
rPRTA                           = $0020 ; const, local, , RAM100, , RAM100.S85:67
wA                              = $F5EB ; addr, local, , RAM100, , RAM100.S85:1108
wC                              = $F375 ; addr, local, , RAM100, , RAM100.S85:1035
wF                              = $F368 ; addr, local, , RAM100, , RAM100.S85:1027
wSP                             = $F07D ; addr, local, , RAM100, , RAM100.S85:1023
