AsMSG                           = $F598 ; addr, local, , RAM100, , RAM100.S85:1022
BANK                            = $F4C4 ; addr, local, , RAM100, , RAM100.S85:903
BANK@SaveCtlPort                = $F4EB ; addr, local, , RAM100, , RAM100.S85:936
BANK@UpdateBankNum              = $F4F9 ; addr, local, , RAM100, , RAM100.S85:943
BANK_CTL_OFFSET                 = $0004 ; const, local, , RAM100, , RAM100.S85:129
BEEP                            = $4229 ; const, local, , RAM100, , RAM100.S85:84
BankNumMSG                      = $F51F ; addr, local, , RAM100, , RAM100.S85:995
Beep                            = $F355 ; addr, local, , RAM100, , RAM100.S85:649
BlockNum                        = $F427 ; addr, local, , RAM100, , RAM100.S85:971
CFNAME                          = $FC9C ; const, local, , RAM100, , RAM100.S85:116
CHGET                           = $12CB ; const, local, , RAM100, , RAM100.S85:69
CKFN                            = $4C0B ; const, local, , RAM100, , RAM100.S85:87
CMPARE                          = $5A6D ; const, local, , RAM100, , RAM100.S85:88
COFILES                         = $FBB0 ; const, local, , RAM100, , RAM100.S85:113
CR                              = $000D ; const, local, , RAM100, , RAM100.S85:29
CURSOR_ROW                      = $F639 ; const, local, , RAM100, , RAM100.S85:107
CheckIsBankFormatted            = $F42C ; addr, local, , RAM100, , RAM100.S85:781
ConfirmReplace                  = $F1E9 ; addr, local, , RAM100, , RAM100.S85:448
ConfirmReplaceKill              = $F1F3 ; addr, local, , RAM100, , RAM100.S85:454
ConfirmWithPrompt               = $F448 ; addr, local, , RAM100, , RAM100.S85:804
CtlPort                         = $F4FE ; addr, local, , RAM100, , RAM100.S85:969
D2H4Bup                         = $3469 ; const, local, , RAM100, , RAM100.S85:82
DOFILES                         = $FBAE ; const, local, , RAM100, , RAM100.S85:112
DeleteRamFile                   = $F2DD ; addr, local, , RAM100, , RAM100.S85:585
DrawTitle                       = $F152 ; addr, local, , RAM100, , RAM100.S85:358
ESC                             = $001B ; const, local, , RAM100, , RAM100.S85:30
ESCB                            = $446E ; const, local, , RAM100, , RAM100.S85:85
ETRAP                           = $F652 ; const, local, , RAM100, , RAM100.S85:106
FF                              = $000C ; const, local, , RAM100, , RAM100.S85:28
FILES                           = $1F3A ; const, local, , RAM100, , RAM100.S85:71
FINDFN1                         = $20CC ; const, local, , RAM100, , RAM100.S85:76
FINDFN                          = $20AF ; const, local, , RAM100, , RAM100.S85:75
FNAME                           = $FC93 ; const, local, , RAM100, , RAM100.S85:110
FORMAT@NewFormat                = $F472 ; addr, local, , RAM100, , RAM100.S85:828
FORMAT                          = $F45D ; addr, local, , RAM100, , RAM100.S85:819
FORMAT@WriteFormat              = $F491 ; addr, local, , RAM100, , RAM100.S85:850
FORMAT@WriteStamp               = $F482 ; addr, local, , RAM100, , RAM100.S85:844
FORMAT@l0                       = $F492 ; addr, local, , RAM100, , RAM100.S85:852
FattrBA                         = $0080 ; const, local, , RAM100, , RAM100.S85:120
FattrCO                         = $00A0 ; const, local, , RAM100, , RAM100.S85:122
FattrDO                         = $00C0 ; const, local, , RAM100, , RAM100.S85:121
FileAttr                        = $F3D2 ; addr, local, , RAM100, , RAM100.S85:967
FilenameMSG                     = $F5E1 ; addr, local, , RAM100, , RAM100.S85:1049
FixMSG                          = $F5D6 ; addr, local, , RAM100, , RAM100.S85:1043
FormatMSG                       = $F5B2 ; addr, local, , RAM100, , RAM100.S85:1035
FreeKB                          = $F27D ; addr, local, , RAM100, , RAM100.S85:965
FreeMSG                         = $F5AD ; addr, local, , RAM100, , RAM100.S85:1031
GETEOF                          = $6B2D ; const, local, , RAM100, , RAM100.S85:89
HIMEM                           = $F5EE ; const, local, , RAM100, , RAM100.S85:0
INLIN                           = $4644 ; const, local, , RAM100, , RAM100.S85:86
INSTR_2AB5                      = $2AB5 ; const, local, , RAM100, , RAM100.S85:81
InputFileNameWithPrompt         = $F384 ; addr, local, , RAM100, , RAM100.S85:685
KILL                            = $F187 ; addr, local, , RAM100, , RAM100.S85:394
KILL@l0                         = $F197 ; addr, local, , RAM100, , RAM100.S85:401
KILL@l1                         = $F1A5 ; addr, local, , RAM100, , RAM100.S85:408
KILLDO1                         = $1FD9 ; const, local, , RAM100, , RAM100.S85:73
KILLDO4                         = $2017 ; const, local, , RAM100, , RAM100.S85:74
KILLDO                          = $1FBF ; const, local, , RAM100, , RAM100.S85:72
KYREAD                          = $7242 ; const, local, , RAM100, , RAM100.S85:91
KillMSG                         = $F570 ; addr, local, , RAM100, , RAM100.S85:1006
LC2UCA                          = $0FE9 ; const, local, , RAM100, , RAM100.S85:67
LF                              = $000A ; const, local, , RAM100, , RAM100.S85:27
LOAD                            = $F2F2 ; addr, local, , RAM100, , RAM100.S85:599
LoadMSG                         = $F57A ; addr, local, , RAM100, , RAM100.S85:1010
MAIN1                           = $F0A1 ; addr, local, , RAM100, , RAM100.S85:251
MAIN                            = $F07C ; addr, local, , RAM100, , RAM100.S85:234
MAIN@setsp                      = $F07C ; addr, local, , RAM100, , RAM100.S85:235
MAKHOL                          = $6B6D ; const, local, , RAM100, , RAM100.S85:90
MENU                            = $5797 ; const, local, , RAM100, , RAM100.S85:92
MKDIRENT                        = $2239 ; const, local, , RAM100, , RAM100.S85:80
MYSTERY_20EC                    = $20EC ; const, local, , RAM100, , RAM100.S85:77
MYSTERY_FC99                    = $FC99 ; const, local, , RAM100, , RAM100.S85:114
MYSTERY_FCA2                    = $FCA2 ; const, local, , RAM100, , RAM100.S85:115
MakeHole                        = $F31B ; addr, local, , RAM100, , RAM100.S85:616
MakeHoleBA                      = $F346 ; addr, local, , RAM100, , RAM100.S85:640
MakeHoleDO                      = $F33C ; addr, local, , RAM100, , RAM100.S85:634
NAME                            = $F1BF ; addr, local, , RAM100, , RAM100.S85:425
NAME@l0                         = $F1E0 ; addr, local, , RAM100, , RAM100.S85:440
NBANKS                          = $0004 ; const, local, , RAM100, , RAM100.S85:130
NameMSG                         = $F58E ; addr, local, , RAM100, , RAM100.S85:1018
POPALL                          = $14ED ; const, local, , RAM100, , RAM100.S85:70
PORT_CTL0                       = $0081 ; const, local, , RAM100, , RAM100.S85:127
PORT_DATA                       = $0083 ; const, local, , RAM100, , RAM100.S85:128
PRGEND                          = $F5EE ; addr, local, , RAM100, , RAM100.S85:1061
PRGEXE                          = $F076 ; addr, local, , RAM100, , RAM100.S85:211
PRGLEN                          = $0578 ; const, local, , RAM100, , RAM100.S85:0
PRGTOP                          = $F076 ; addr, local, , RAM100, , RAM100.S85:210
PRTASC                          = $39D4 ; const, local, , RAM100, , RAM100.S85:83
PRTSP                           = $001E ; const, local, , RAM100, , RAM100.S85:65
PTILL0                          = $11A2 ; const, local, , RAM100, , RAM100.S85:68
RESETFPS                        = $2146 ; const, local, , RAM100, , RAM100.S85:79
RST_4                           = $0020 ; const, local, , RAM100, , RAM100.S85:61
ReadDataW                       = $F442 ; addr, local, , RAM100, , RAM100.S85:798
ReadKeyboard                    = $F0A4 ; addr, local, , RAM100, , RAM100.S85:258
ReadKeyboard@end                = $F0D3 ; addr, local, , RAM100, , RAM100.S85:280
ReplaceMSG                      = $F5A0 ; addr, local, , RAM100, , RAM100.S85:1027
SAVE1                           = $F1FF ; addr, local, , RAM100, , RAM100.S85:464
SAVE1@ba                        = $F24F ; addr, local, , RAM100, , RAM100.S85:504
SAVE1@do                        = $F248 ; addr, local, , RAM100, , RAM100.S85:498
SAVE1@freekb                    = $F27C ; addr, local, , RAM100, , RAM100.S85:531
SAVE1@l0                        = $F233 ; addr, local, , RAM100, , RAM100.S85:487
SAVE1@l2                        = $F25F ; addr, local, , RAM100, , RAM100.S85:514
SAVE1@l3                        = $F26A ; addr, local, , RAM100, , RAM100.S85:520
SAVE1@l4                        = $F26D ; addr, local, , RAM100, , RAM100.S85:522
SAVE1@l5                        = $F278 ; addr, local, , RAM100, , RAM100.S85:528
SAVE1@l6                        = $F283 ; addr, local, , RAM100, , RAM100.S85:536
SAVE1@l7                        = $F288 ; addr, local, , RAM100, , RAM100.S85:539
SAVE1@l8                        = $F2A7 ; addr, local, , RAM100, , RAM100.S85:553
SAVE1@l9                        = $F2B7 ; addr, local, , RAM100, , RAM100.S85:560
SAVE1@la                        = $F2BD ; addr, local, , RAM100, , RAM100.S85:564
SAVE1@prepfn                    = $F256 ; addr, local, , RAM100, , RAM100.S85:510
SAVE                            = $F1F9 ; addr, local, , RAM100, , RAM100.S85:461
SPACE                           = $0020 ; const, local, , RAM100, , RAM100.S85:31
SaveMSG                         = $F584 ; addr, local, , RAM100, , RAM100.S85:1014
SelectBlock                     = $F4FD ; addr, local, , RAM100, , RAM100.S85:953
SkipCWords                      = $F43A ; addr, local, , RAM100, , RAM100.S85:791
StampByte0                      = $0040 ; const, local, , RAM100, , RAM100.S85:174
StampByte1                      = $0004 ; const, local, , RAM100, , RAM100.S85:175
SureMSG                         = $F5CE ; addr, local, , RAM100, , RAM100.S85:1038
TestHardware                    = $F49D ; addr, local, , RAM100, , RAM100.S85:867
TitleMSG                        = $F500 ; addr, local, , RAM100, , RAM100.S85:988
UBLNAS                          = $05F0 ; const, local, , RAM100, , RAM100.S85:66
UNSBA                           = $F99A ; const, local, , RAM100, , RAM100.S85:109
UPDOFILES                       = $213E ; const, local, , RAM100, , RAM100.S85:78
UpdateFreeKB                    = $F158 ; addr, local, , RAM100, , RAM100.S85:362
UpdateFreeKB@l0                 = $F163 ; addr, local, , RAM100, , RAM100.S85:372
UpdateFreeKB@l1                 = $F16B ; addr, local, , RAM100, , RAM100.S85:377
WriteFilename                   = $F2C5 ; addr, local, , RAM100, , RAM100.S85:571
WriteFilename@l0                = $F2D0 ; addr, local, , RAM100, , RAM100.S85:576
_BlockNum                       = $F2BE ; addr, local, , RAM100, , RAM100.S85:968
__head                          = $F070 ; const, public, def, , ,
__size                          = $057E ; const, public, def, , ,
__tail                          = $F5EE ; const, public, def, , ,
bB                              = $F0F8 ; addr, local, , RAM100, , RAM100.S85:964
bD                              = $F41A ; addr, local, , RAM100, , RAM100.S85:972
bE                              = $F2A8 ; addr, local, , RAM100, , RAM100.S85:973
bI                              = $F143 ; addr, local, , RAM100, , RAM100.S85:963
bkw                             = $F5EB ; addr, local, , RAM100, , RAM100.S85:1058
j01                             = $F0D9 ; addr, local, , RAM100, , RAM100.S85:285
j02                             = $F0EB ; addr, local, , RAM100, , RAM100.S85:297
j03                             = $F12D ; addr, local, , RAM100, , RAM100.S85:337
j04                             = $F13D ; addr, local, , RAM100, , RAM100.S85:345
j05                             = $F142 ; addr, local, , RAM100, , RAM100.S85:349
j27                             = $F359 ; addr, local, , RAM100, , RAM100.S85:653
j27@l0                          = $F35B ; addr, local, , RAM100, , RAM100.S85:655
j27@l1                          = $F367 ; addr, local, , RAM100, , RAM100.S85:662
j27@l2                          = $F36A ; addr, local, , RAM100, , RAM100.S85:664
j27@l3                          = $F36B ; addr, local, , RAM100, , RAM100.S85:666
j27@wc                          = $F374 ; addr, local, , RAM100, , RAM100.S85:675
j29                             = $F392 ; addr, local, , RAM100, , RAM100.S85:695
j30                             = $F39F ; addr, local, , RAM100, , RAM100.S85:706
j33                             = $F0DE ; addr, local, , RAM100, , RAM100.S85:288
j34                             = $F0F4 ; addr, local, , RAM100, , RAM100.S85:303
j34@l0                          = $F0F7 ; addr, local, , RAM100, , RAM100.S85:306
j39                             = $F104 ; addr, local, , RAM100, , RAM100.S85:315
j40                             = $F454 ; addr, local, , RAM100, , RAM100.S85:811
j41                             = $F3A2 ; addr, local, , RAM100, , RAM100.S85:708
j41@l0                          = $F3C0 ; addr, local, , RAM100, , RAM100.S85:724
j41@l1                          = $F3D1 ; addr, local, , RAM100, , RAM100.S85:732
j41@l2                          = $F3E1 ; addr, local, , RAM100, , RAM100.S85:739
j42                             = $F404 ; addr, local, , RAM100, , RAM100.S85:756
j43                             = $F40F ; addr, local, , RAM100, , RAM100.S85:764
j43@bd                          = $F419 ; addr, local, , RAM100, , RAM100.S85:769
j43@bn                          = $F426 ; addr, local, , RAM100, , RAM100.S85:776
j44                             = $F407 ; addr, local, , RAM100, , RAM100.S85:759
opcode_IN                       = $00DB ; const, local, , RAM100, , RAM100.S85:22
opcode_OUT                      = $00D3 ; const, local, , RAM100, , RAM100.S85:23
rPRTA                           = $0020 ; const, local, , RAM100, , RAM100.S85:62
wA                              = $F5E9 ; addr, local, , RAM100, , RAM100.S85:1053
wC                              = $F375 ; addr, local, , RAM100, , RAM100.S85:974
wF                              = $F368 ; addr, local, , RAM100, , RAM100.S85:966
wSP                             = $F07D ; addr, local, , RAM100, , RAM100.S85:962
