AsMSG                           = $F598 ; addr, local, , RAM100, , RAM100.S85:1028
BANK                            = $F4C4 ; addr, local, , RAM100, , RAM100.S85:908
BANK@SaveCtlPort                = $F4EB ; addr, local, , RAM100, , RAM100.S85:943
BANK@UpdateBankNum              = $F4F9 ; addr, local, , RAM100, , RAM100.S85:950
BANK_CTL_OFFSET                 = $0004 ; const, local, , RAM100, , RAM100.S85:134
BEEP                            = $4229 ; const, local, , RAM100, , RAM100.S85:87
BankNumMSG                      = $F51F ; addr, local, , RAM100, , RAM100.S85:1001
Beep                            = $F355 ; addr, local, , RAM100, , RAM100.S85:654
BlockNum                        = $F427 ; addr, local, , RAM100, , RAM100.S85:977
CFNAME                          = $FC9C ; const, local, , RAM100, , RAM100.S85:119
CHGET                           = $12CB ; const, local, , RAM100, , RAM100.S85:72
CKFN                            = $4C0B ; const, local, , RAM100, , RAM100.S85:90
CMPARE                          = $5A6D ; const, local, , RAM100, , RAM100.S85:91
COFILES                         = $FBB0 ; const, local, , RAM100, , RAM100.S85:116
CR                              = $000D ; const, local, , RAM100, , RAM100.S85:32
CURSOR_ROW                      = $F639 ; const, local, , RAM100, , RAM100.S85:110
CheckIsBankFormatted            = $F42C ; addr, local, , RAM100, , RAM100.S85:786
ConfirmReplace                  = $F1E9 ; addr, local, , RAM100, , RAM100.S85:453
ConfirmReplaceKill              = $F1F3 ; addr, local, , RAM100, , RAM100.S85:459
ConfirmWithPrompt               = $F448 ; addr, local, , RAM100, , RAM100.S85:809
D2H4Bup                         = $3469 ; const, local, , RAM100, , RAM100.S85:85
DOFILES                         = $FBAE ; const, local, , RAM100, , RAM100.S85:115
DeleteRamFile                   = $F2DD ; addr, local, , RAM100, , RAM100.S85:590
DrawTitle                       = $F152 ; addr, local, , RAM100, , RAM100.S85:363
ESC                             = $001B ; const, local, , RAM100, , RAM100.S85:33
ESCB                            = $446E ; const, local, , RAM100, , RAM100.S85:88
ETRAP                           = $F652 ; const, local, , RAM100, , RAM100.S85:109
FF                              = $000C ; const, local, , RAM100, , RAM100.S85:31
FILES                           = $1F3A ; const, local, , RAM100, , RAM100.S85:74
FINDFN1                         = $20CC ; const, local, , RAM100, , RAM100.S85:79
FINDFN                          = $20AF ; const, local, , RAM100, , RAM100.S85:78
FNAME                           = $FC93 ; const, local, , RAM100, , RAM100.S85:113
FORMAT@NewFormat                = $F472 ; addr, local, , RAM100, , RAM100.S85:833
FORMAT                          = $F45D ; addr, local, , RAM100, , RAM100.S85:824
FORMAT@WriteFormat              = $F491 ; addr, local, , RAM100, , RAM100.S85:855
FORMAT@WriteStamp               = $F482 ; addr, local, , RAM100, , RAM100.S85:849
FORMAT@l0                       = $F492 ; addr, local, , RAM100, , RAM100.S85:857
FattrBA                         = $0080 ; const, local, , RAM100, , RAM100.S85:123
FattrCO                         = $00A0 ; const, local, , RAM100, , RAM100.S85:125
FattrDO                         = $00C0 ; const, local, , RAM100, , RAM100.S85:124
FileAttr                        = $F3D2 ; addr, local, , RAM100, , RAM100.S85:974
FilenameMSG                     = $F5E1 ; addr, local, , RAM100, , RAM100.S85:1055
FixMSG                          = $F5D6 ; addr, local, , RAM100, , RAM100.S85:1049
FormatMSG                       = $F5B2 ; addr, local, , RAM100, , RAM100.S85:1041
FreeKB                          = $F27D ; addr, local, , RAM100, , RAM100.S85:972
FreeMSG                         = $F5AD ; addr, local, , RAM100, , RAM100.S85:1037
GETEOF                          = $6B2D ; const, local, , RAM100, , RAM100.S85:92
HIMEM                           = $F5EE ; const, local, , RAM100, , RAM100.S85:0
INLIN                           = $4644 ; const, local, , RAM100, , RAM100.S85:89
INSTR_2AB5                      = $2AB5 ; const, local, , RAM100, , RAM100.S85:84
InputFileNameWithPrompt         = $F384 ; addr, local, , RAM100, , RAM100.S85:690
KILL                            = $F187 ; addr, local, , RAM100, , RAM100.S85:399
KILL@l0                         = $F197 ; addr, local, , RAM100, , RAM100.S85:406
KILL@l1                         = $F1A5 ; addr, local, , RAM100, , RAM100.S85:413
KILLDO1                         = $1FD9 ; const, local, , RAM100, , RAM100.S85:76
KILLDO4                         = $2017 ; const, local, , RAM100, , RAM100.S85:77
KILLDO                          = $1FBF ; const, local, , RAM100, , RAM100.S85:75
KYREAD                          = $7242 ; const, local, , RAM100, , RAM100.S85:94
KillMSG                         = $F570 ; addr, local, , RAM100, , RAM100.S85:1012
LC2UCA                          = $0FE9 ; const, local, , RAM100, , RAM100.S85:70
LF                              = $000A ; const, local, , RAM100, , RAM100.S85:30
LOAD                            = $F2F2 ; addr, local, , RAM100, , RAM100.S85:604
LoadMSG                         = $F57A ; addr, local, , RAM100, , RAM100.S85:1016
MAIN1                           = $F0A1 ; addr, local, , RAM100, , RAM100.S85:256
MAIN                            = $F07C ; addr, local, , RAM100, , RAM100.S85:239
MAIN@setsp                      = $F07C ; addr, local, , RAM100, , RAM100.S85:240
MAKHOL                          = $6B6D ; const, local, , RAM100, , RAM100.S85:93
MENU                            = $5797 ; const, local, , RAM100, , RAM100.S85:95
MKDIRENT                        = $2239 ; const, local, , RAM100, , RAM100.S85:83
MYSTERY_20EC                    = $20EC ; const, local, , RAM100, , RAM100.S85:80
MYSTERY_FC99                    = $FC99 ; const, local, , RAM100, , RAM100.S85:117
MYSTERY_FCA2                    = $FCA2 ; const, local, , RAM100, , RAM100.S85:118
MakeHole                        = $F31B ; addr, local, , RAM100, , RAM100.S85:621
MakeHoleBA                      = $F346 ; addr, local, , RAM100, , RAM100.S85:645
MakeHoleDO                      = $F33C ; addr, local, , RAM100, , RAM100.S85:639
NAME                            = $F1BF ; addr, local, , RAM100, , RAM100.S85:430
NAME@l0                         = $F1E0 ; addr, local, , RAM100, , RAM100.S85:445
NBANKS                          = $0004 ; const, local, , RAM100, , RAM100.S85:135
NameMSG                         = $F58E ; addr, local, , RAM100, , RAM100.S85:1024
POPALL                          = $14ED ; const, local, , RAM100, , RAM100.S85:73
PORT_CTL0                       = $0081 ; const, local, , RAM100, , RAM100.S85:132
PORT_DATA                       = $0083 ; const, local, , RAM100, , RAM100.S85:133
PRGEND                          = $F5EE ; addr, local, , RAM100, , RAM100.S85:1067
PRGEXE                          = $F076 ; addr, local, , RAM100, , RAM100.S85:216
PRGLEN                          = $0578 ; const, local, , RAM100, , RAM100.S85:0
PRGTOP                          = $F076 ; addr, local, , RAM100, , RAM100.S85:215
PRTASC                          = $39D4 ; const, local, , RAM100, , RAM100.S85:86
PRTSP                           = $001E ; const, local, , RAM100, , RAM100.S85:68
PTILL0                          = $11A2 ; const, local, , RAM100, , RAM100.S85:71
RESETFPS                        = $2146 ; const, local, , RAM100, , RAM100.S85:82
RST_4                           = $0020 ; const, local, , RAM100, , RAM100.S85:64
ReadDataW                       = $F442 ; addr, local, , RAM100, , RAM100.S85:803
ReadKeyboard                    = $F0A4 ; addr, local, , RAM100, , RAM100.S85:263
ReadKeyboard@end                = $F0D3 ; addr, local, , RAM100, , RAM100.S85:285
ReplaceMSG                      = $F5A0 ; addr, local, , RAM100, , RAM100.S85:1033
SAVE1                           = $F1FF ; addr, local, , RAM100, , RAM100.S85:469
SAVE1@ba                        = $F24F ; addr, local, , RAM100, , RAM100.S85:509
SAVE1@do                        = $F248 ; addr, local, , RAM100, , RAM100.S85:503
SAVE1@freekb                    = $F27C ; addr, local, , RAM100, , RAM100.S85:536
SAVE1@l0                        = $F233 ; addr, local, , RAM100, , RAM100.S85:492
SAVE1@l2                        = $F25F ; addr, local, , RAM100, , RAM100.S85:519
SAVE1@l3                        = $F26A ; addr, local, , RAM100, , RAM100.S85:525
SAVE1@l4                        = $F26D ; addr, local, , RAM100, , RAM100.S85:527
SAVE1@l5                        = $F278 ; addr, local, , RAM100, , RAM100.S85:533
SAVE1@l6                        = $F283 ; addr, local, , RAM100, , RAM100.S85:541
SAVE1@l7                        = $F288 ; addr, local, , RAM100, , RAM100.S85:544
SAVE1@l8                        = $F2A7 ; addr, local, , RAM100, , RAM100.S85:558
SAVE1@l9                        = $F2B7 ; addr, local, , RAM100, , RAM100.S85:565
SAVE1@la                        = $F2BD ; addr, local, , RAM100, , RAM100.S85:569
SAVE1@prepfn                    = $F256 ; addr, local, , RAM100, , RAM100.S85:515
SAVE                            = $F1F9 ; addr, local, , RAM100, , RAM100.S85:466
SPACE                           = $0020 ; const, local, , RAM100, , RAM100.S85:34
SaveMSG                         = $F584 ; addr, local, , RAM100, , RAM100.S85:1020
SelectBlock                     = $F4FD ; addr, local, , RAM100, , RAM100.S85:960
SkipCWords                      = $F43A ; addr, local, , RAM100, , RAM100.S85:796
StampByte0                      = $0040 ; const, local, , RAM100, , RAM100.S85:179
StampByte1                      = $0004 ; const, local, , RAM100, , RAM100.S85:180
SureMSG                         = $F5CE ; addr, local, , RAM100, , RAM100.S85:1044
TestHardware                    = $F49D ; addr, local, , RAM100, , RAM100.S85:872
TitleMSG                        = $F500 ; addr, local, , RAM100, , RAM100.S85:994
UBLNAS                          = $05F0 ; const, local, , RAM100, , RAM100.S85:69
UNSBA                           = $F99A ; const, local, , RAM100, , RAM100.S85:112
UPDOFILES                       = $213E ; const, local, , RAM100, , RAM100.S85:81
UpdateFreeKB                    = $F158 ; addr, local, , RAM100, , RAM100.S85:367
UpdateFreeKB@l0                 = $F163 ; addr, local, , RAM100, , RAM100.S85:377
UpdateFreeKB@l1                 = $F16B ; addr, local, , RAM100, , RAM100.S85:382
WriteFilename                   = $F2C5 ; addr, local, , RAM100, , RAM100.S85:576
WriteFilename@l0                = $F2D0 ; addr, local, , RAM100, , RAM100.S85:581
_BlockNum                       = $F2BE ; addr, local, , RAM100, , RAM100.S85:975
__head                          = $F070 ; const, public, def, , ,
__size                          = $057E ; const, public, def, , ,
__tail                          = $F5EE ; const, public, def, , ,
addrCtlPort                     = $F4FE ; addr, local, , RAM100, , RAM100.S85:936
bB                              = $F0F8 ; addr, local, , RAM100, , RAM100.S85:971
bD                              = $F41A ; addr, local, , RAM100, , RAM100.S85:978
bE                              = $F2A8 ; addr, local, , RAM100, , RAM100.S85:979
bI                              = $F143 ; addr, local, , RAM100, , RAM100.S85:970
bkw                             = $F5EB ; addr, local, , RAM100, , RAM100.S85:1064
j01                             = $F0D9 ; addr, local, , RAM100, , RAM100.S85:290
j02                             = $F0EB ; addr, local, , RAM100, , RAM100.S85:302
j03                             = $F12D ; addr, local, , RAM100, , RAM100.S85:342
j04                             = $F13D ; addr, local, , RAM100, , RAM100.S85:350
j05                             = $F142 ; addr, local, , RAM100, , RAM100.S85:354
j27                             = $F359 ; addr, local, , RAM100, , RAM100.S85:658
j27@l0                          = $F35B ; addr, local, , RAM100, , RAM100.S85:660
j27@l1                          = $F367 ; addr, local, , RAM100, , RAM100.S85:667
j27@l2                          = $F36A ; addr, local, , RAM100, , RAM100.S85:669
j27@l3                          = $F36B ; addr, local, , RAM100, , RAM100.S85:671
j27@wc                          = $F374 ; addr, local, , RAM100, , RAM100.S85:680
j29                             = $F392 ; addr, local, , RAM100, , RAM100.S85:700
j30                             = $F39F ; addr, local, , RAM100, , RAM100.S85:711
j33                             = $F0DE ; addr, local, , RAM100, , RAM100.S85:293
j34                             = $F0F4 ; addr, local, , RAM100, , RAM100.S85:308
j34@l0                          = $F0F7 ; addr, local, , RAM100, , RAM100.S85:311
j39                             = $F104 ; addr, local, , RAM100, , RAM100.S85:320
j40                             = $F454 ; addr, local, , RAM100, , RAM100.S85:816
j41                             = $F3A2 ; addr, local, , RAM100, , RAM100.S85:713
j41@l0                          = $F3C0 ; addr, local, , RAM100, , RAM100.S85:729
j41@l1                          = $F3D1 ; addr, local, , RAM100, , RAM100.S85:737
j41@l2                          = $F3E1 ; addr, local, , RAM100, , RAM100.S85:744
j42                             = $F404 ; addr, local, , RAM100, , RAM100.S85:761
j43                             = $F40F ; addr, local, , RAM100, , RAM100.S85:769
j43@bd                          = $F419 ; addr, local, , RAM100, , RAM100.S85:774
j43@bn                          = $F426 ; addr, local, , RAM100, , RAM100.S85:781
j44                             = $F407 ; addr, local, , RAM100, , RAM100.S85:764
opcode_IN                       = $00DB ; const, local, , RAM100, , RAM100.S85:25
opcode_OUT                      = $00D3 ; const, local, , RAM100, , RAM100.S85:26
rPRTA                           = $0020 ; const, local, , RAM100, , RAM100.S85:65
wA                              = $F5E9 ; addr, local, , RAM100, , RAM100.S85:1059
wC                              = $F375 ; addr, local, , RAM100, , RAM100.S85:980
wF                              = $F368 ; addr, local, , RAM100, , RAM100.S85:973
wSP                             = $F07D ; addr, local, , RAM100, , RAM100.S85:969
