AsMSG                           = $EE27 ; addr, local, , RAM200, , RAM200.S85:942
BAFILES                         = $EF67 ; const, local, , RAM200, , RAM200.S85:119
BANK                            = $EE7F ; addr, local, , RAM200, , RAM200.S85:990
BANK_CTL_OFFSET                 = $0004 ; const, local, , RAM200, , RAM200.S85:136
BEEP                            = $4F45 ; const, local, , RAM200, , RAM200.S85:84
BankNumMSG                      = $EDAE ; addr, local, , RAM200, , RAM200.S85:914
Beep                            = $EC1E ; addr, local, , RAM200, , RAM200.S85:648
BlockNum                        = $EE7A ; addr, local, , RAM200, , RAM200.S85:975
CDNCT                           = $001A ; const, local, , RAM200, , RAM200.S85:128
CFNAME                          = $F74F ; const, local, , RAM200, , RAM200.S85:114
CHGET                           = $12F7 ; const, local, , RAM200, , RAM200.S85:68
CKFN                            = $5ACA ; const, local, , RAM200, , RAM200.S85:87
CMPARE                          = $6E11 ; const, local, , RAM200, , RAM200.S85:89
COFILES                         = $F663 ; const, local, , RAM200, , RAM200.S85:111
CR                              = $000D ; const, local, , RAM200, , RAM200.S85:32
CURBAS                          = $EF67 ; const, local, , RAM200, , RAM200.S85:108
CURSOR_ROW                      = $EF06 ; const, local, , RAM200, , RAM200.S85:106
CheckIsBankFormatted            = $ECF7 ; addr, local, , RAM200, , RAM200.S85:775
ConfirmReplace                  = $EABE ; addr, local, , RAM200, , RAM200.S85:454
ConfirmReplaceKill              = $EAC8 ; addr, local, , RAM200, , RAM200.S85:460
ConfirmWithPrompt               = $ED13 ; addr, local, , RAM200, , RAM200.S85:798
CtlPort                         = $EEAC ; addr, local, , RAM200, , RAM200.S85:900
D2H4Bup                         = $41BA ; const, local, , RAM200, , RAM200.S85:82
DEFAULT_HIMEM                   = $EEAE ; const, local, , RAM200, , RAM200.S85:129
DOFILES                         = $F661 ; const, local, , RAM200, , RAM200.S85:110
DeleteRamFile                   = $EBB3 ; addr, local, , RAM200, , RAM200.S85:590
DrawTitle                       = $EA27 ; addr, local, , RAM200, , RAM200.S85:364
ESC                             = $001B ; const, local, , RAM200, , RAM200.S85:33
ESCB                            = $519D ; const, local, , RAM200, , RAM200.S85:85
ETRAP                           = $EF34 ; const, local, , RAM200, , RAM200.S85:107
FF                              = $000C ; const, local, , RAM200, , RAM200.S85:31
FILES                           = $2A2C ; const, local, , RAM200, , RAM200.S85:70
FINDFN                          = $2BCC ; const, local, , RAM200, , RAM200.S85:75
FNAME                           = $F746 ; const, local, , RAM200, , RAM200.S85:112
FORMAT@NewFormat                = $ED3D ; addr, local, , RAM200, , RAM200.S85:822
FORMAT                          = $ED28 ; addr, local, , RAM200, , RAM200.S85:813
FORMAT@WriteFormat              = $ED5C ; addr, local, , RAM200, , RAM200.S85:844
FORMAT@WriteStamp               = $ED4D ; addr, local, , RAM200, , RAM200.S85:838
FORMAT@l0                       = $ED5D ; addr, local, , RAM200, , RAM200.S85:846
FX1                             = $F74C ; const, local, , RAM200, , RAM200.S85:113
FX2                             = $F755 ; const, local, , RAM200, , RAM200.S85:115
FattrBA                         = $0080 ; const, local, , RAM200, , RAM200.S85:123
FattrCO                         = $00A0 ; const, local, , RAM200, , RAM200.S85:125
FattrDO                         = $00C0 ; const, local, , RAM200, , RAM200.S85:124
FileAttr                        = $EC9B ; addr, local, , RAM200, , RAM200.S85:905
FilenameMSG                     = $EE70 ; addr, local, , RAM200, , RAM200.S85:969
FixMSG                          = $EE65 ; addr, local, , RAM200, , RAM200.S85:963
FormatMSG                       = $EE41 ; addr, local, , RAM200, , RAM200.S85:955
FreeKB                          = $EB52 ; addr, local, , RAM200, , RAM200.S85:903
FreeMSG                         = $EE3C ; addr, local, , RAM200, , RAM200.S85:951
GETEOF                          = $8268 ; const, local, , RAM200, , RAM200.S85:90
HIMEM                           = $EEAE ; const, local, , RAM200, , RAM200.S85:196
INLIN                           = $54F6 ; const, local, , RAM200, , RAM200.S85:86
INSTR_X1                        = $2459 ; const, local, , RAM200, , RAM200.S85:81
InputFileNameWithPrompt         = $EC4D ; addr, local, , RAM200, , RAM200.S85:681
KC7                             = $FD0B ; const, local, , RAM200, , RAM200.S85:116
KIL200                          = $2B2C ; const, local, , RAM200, , RAM200.S85:74
KILL                            = $EA5C ; addr, local, , RAM200, , RAM200.S85:400
KILL@l0                         = $EA6C ; addr, local, , RAM200, , RAM200.S85:407
KILL@l1                         = $EA7A ; addr, local, , RAM200, , RAM200.S85:414
KYREAD                          = $8B03 ; const, local, , RAM200, , RAM200.S85:92
KillMSG                         = $EDFF ; addr, local, , RAM200, , RAM200.S85:926
LC2UCA                          = $1014 ; const, local, , RAM200, , RAM200.S85:66
LF                              = $000A ; const, local, , RAM200, , RAM200.S85:30
LOAD                            = $EBBB ; addr, local, , RAM200, , RAM200.S85:599
LoadMSG                         = $EE09 ; addr, local, , RAM200, , RAM200.S85:930
MAIN1                           = $E976 ; addr, local, , RAM200, , RAM200.S85:246
MAIN                            = $E951 ; addr, local, , RAM200, , RAM200.S85:229
MAIN@setsp                      = $E951 ; addr, local, , RAM200, , RAM200.S85:230
MAKHOL                          = $82A8 ; const, local, , RAM200, , RAM200.S85:91
MENU                            = $67A4 ; const, local, , RAM200, , RAM200.S85:88
MKDIRENT                        = $2DAC ; const, local, , RAM200, , RAM200.S85:80
MakeHole                        = $EBE4 ; addr, local, , RAM200, , RAM200.S85:616
MakeHoleBA                      = $EC0F ; addr, local, , RAM200, , RAM200.S85:639
MakeHoleDO                      = $EC05 ; addr, local, , RAM200, , RAM200.S85:633
NAME                            = $EA94 ; addr, local, , RAM200, , RAM200.S85:431
NAME@l0                         = $EAB5 ; addr, local, , RAM200, , RAM200.S85:446
NROWS                           = $0010 ; const, local, , RAM200, , RAM200.S85:127
NameMSG                         = $EE1D ; addr, local, , RAM200, , RAM200.S85:938
POPALL                          = $1604 ; const, local, , RAM200, , RAM200.S85:69
PORT_CTL0                       = $0081 ; const, local, , RAM200, , RAM200.S85:134
PORT_DATA                       = $0083 ; const, local, , RAM200, , RAM200.S85:135
PRGEND                          = $EEAE ; addr, local, , RAM200, , RAM200.S85:1036
PRGEXE                          = $E943 ; addr, local, , RAM200, , RAM200.S85:210
PRGLEN                          = $056B ; const, local, , RAM200, , RAM200.S85:0
PRGTOP                          = $E943 ; addr, local, , RAM200, , RAM200.S85:209
PRTASC                          = $470B ; const, local, , RAM200, , RAM200.S85:83
PRTSP                           = $001E ; const, local, , RAM200, , RAM200.S85:64
PTILL0                          = $11CC ; const, local, , RAM200, , RAM200.S85:67
RESETFPS                        = $2C62 ; const, local, , RAM200, , RAM200.S85:79
RST_4                           = $0020 ; const, local, , RAM200, , RAM200.S85:60
ReadDataW                       = $ED0D ; addr, local, , RAM200, , RAM200.S85:792
ReadKeyboard                    = $E979 ; addr, local, , RAM200, , RAM200.S85:253
ReadKeyboard@end                = $E9A8 ; addr, local, , RAM200, , RAM200.S85:288
ReplaceMSG                      = $EE2F ; addr, local, , RAM200, , RAM200.S85:947
SAVE1                           = $EAD4 ; addr, local, , RAM200, , RAM200.S85:470
SAVE1@ba                        = $EB24 ; addr, local, , RAM200, , RAM200.S85:510
SAVE1@do                        = $EB1D ; addr, local, , RAM200, , RAM200.S85:504
SAVE1@freekb                    = $EB51 ; addr, local, , RAM200, , RAM200.S85:536
SAVE1@l0                        = $EB08 ; addr, local, , RAM200, , RAM200.S85:493
SAVE1@l2                        = $EB34 ; addr, local, , RAM200, , RAM200.S85:520
SAVE1@l3                        = $EB3F ; addr, local, , RAM200, , RAM200.S85:525
SAVE1@l4                        = $EB42 ; addr, local, , RAM200, , RAM200.S85:527
SAVE1@l5                        = $EB4D ; addr, local, , RAM200, , RAM200.S85:533
SAVE1@l6                        = $EB58 ; addr, local, , RAM200, , RAM200.S85:541
SAVE1@l7                        = $EB5D ; addr, local, , RAM200, , RAM200.S85:544
SAVE1@l8                        = $EB7C ; addr, local, , RAM200, , RAM200.S85:558
SAVE1@l9                        = $EB8D ; addr, local, , RAM200, , RAM200.S85:565
SAVE1@la                        = $EB93 ; addr, local, , RAM200, , RAM200.S85:569
SAVE1@prepfn                    = $EB2B ; addr, local, , RAM200, , RAM200.S85:516
SAVE                            = $EACE ; addr, local, , RAM200, , RAM200.S85:467
SCNEMP                          = $2C09 ; const, local, , RAM200, , RAM200.S85:77
SPACE                           = $0020 ; const, local, , RAM200, , RAM200.S85:34
SaveMSG                         = $EE13 ; addr, local, , RAM200, , RAM200.S85:934
SelectBlock                     = $EEAB ; addr, local, , RAM200, , RAM200.S85:1032
SkipCWords                      = $ED05 ; addr, local, , RAM200, , RAM200.S85:785
StampByte0                      = $0040 ; const, local, , RAM200, , RAM200.S85:179
StampByte1                      = $0004 ; const, local, , RAM200, , RAM200.S85:180
SureMSG                         = $EE5D ; addr, local, , RAM200, , RAM200.S85:958
TestHardware                    = $ED68 ; addr, local, , RAM200, , RAM200.S85:861
TitleMSG                        = $ED8F ; addr, local, , RAM200, , RAM200.S85:908
UBLNAS                          = $061B ; const, local, , RAM200, , RAM200.S85:65
UPDOFILES                       = $2C5A ; const, local, , RAM200, , RAM200.S85:78
UpdateFreeKB                    = $EA2D ; addr, local, , RAM200, , RAM200.S85:368
UpdateFreeKB@l0                 = $EA38 ; addr, local, , RAM200, , RAM200.S85:378
UpdateFreeKB@l1                 = $EA40 ; addr, local, , RAM200, , RAM200.S85:383
WriteFilename                   = $EB9B ; addr, local, , RAM200, , RAM200.S85:576
WriteFilename@l0                = $EBA6 ; addr, local, , RAM200, , RAM200.S85:581
_BlockNum                       = $EB94 ; addr, local, , RAM200, , RAM200.S85:906
__head                          = $E93D ; const, public, def, , ,
__size                          = $0571 ; const, public, def, , ,
__tail                          = $EEAE ; const, public, def, , ,
bB                              = $E9CD ; addr, local, , RAM200, , RAM200.S85:902
bD                              = $EE7D ; addr, local, , RAM200, , RAM200.S85:981
bE                              = $EE7E ; addr, local, , RAM200, , RAM200.S85:984
bI                              = $EA18 ; addr, local, , RAM200, , RAM200.S85:901
j01                             = $E9AE ; addr, local, , RAM200, , RAM200.S85:293
j01@bb                          = $E9CC ; addr, local, , RAM200, , RAM200.S85:313
j01@l0                          = $E9B3 ; addr, local, , RAM200, , RAM200.S85:296
j01@l1                          = $E9C0 ; addr, local, , RAM200, , RAM200.S85:304
j01@l2                          = $E9C9 ; addr, local, , RAM200, , RAM200.S85:310
j01@l3                          = $E9D9 ; addr, local, , RAM200, , RAM200.S85:322
j03                             = $EA02 ; addr, local, , RAM200, , RAM200.S85:344
j03@l0                          = $EA12 ; addr, local, , RAM200, , RAM200.S85:351
j05                             = $EA17 ; addr, local, , RAM200, , RAM200.S85:355
j27                             = $EC22 ; addr, local, , RAM200, , RAM200.S85:652
j27@l0                          = $EC24 ; addr, local, , RAM200, , RAM200.S85:654
j27@l1                          = $EC30 ; addr, local, , RAM200, , RAM200.S85:659
j27@l2                          = $EC33 ; addr, local, , RAM200, , RAM200.S85:661
j27@l3                          = $EC34 ; addr, local, , RAM200, , RAM200.S85:663
j29                             = $EC5B ; addr, local, , RAM200, , RAM200.S85:691
j30                             = $EC68 ; addr, local, , RAM200, , RAM200.S85:702
j40                             = $ED1F ; addr, local, , RAM200, , RAM200.S85:805
j41                             = $EC6B ; addr, local, , RAM200, , RAM200.S85:704
j41@l0                          = $EC89 ; addr, local, , RAM200, , RAM200.S85:720
j41@l1                          = $EC9A ; addr, local, , RAM200, , RAM200.S85:728
j41@l2                          = $ECAA ; addr, local, , RAM200, , RAM200.S85:735
j42                             = $ECCD ; addr, local, , RAM200, , RAM200.S85:752
j43                             = $ECD8 ; addr, local, , RAM200, , RAM200.S85:760
j44                             = $ECD0 ; addr, local, , RAM200, , RAM200.S85:755
opcode_IN                       = $00DB ; const, local, , RAM200, , RAM200.S85:25
opcode_OUT                      = $00D3 ; const, local, , RAM200, , RAM200.S85:26
rPRTA                           = $0020 ; const, local, , RAM200, , RAM200.S85:61
wA                              = $EE78 ; addr, local, , RAM200, , RAM200.S85:972
wC                              = $EE7B ; addr, local, , RAM200, , RAM200.S85:978
wF                              = $EC31 ; addr, local, , RAM200, , RAM200.S85:904
wSP                             = $E952 ; addr, local, , RAM200, , RAM200.S85:899
