AsMSG                           = $EE63 ; addr, local, , RAM200v1, , RAM200v1.S85:776
Ask_From_Filename               = $ECC9 ; addr, local, , RAM200v1, , RAM200v1.S85:580
Ask_To_Filename                 = $ED7C ; addr, local, , RAM200v1, , RAM200v1.S85:678
BAFILES                         = $EF67 ; const, local, , RAM200v1, , RAM200v1.S85:64
BEEP                            = $4F45 ; const, local, , RAM200v1, , RAM200v1.S85:41
BEEP_MENU                       = $32D2 ; const, local, , RAM200v1, , RAM200v1.S85:40
BYTE_ram_eeae                   = $EEAE ; addr, local, , RAM200v1, , RAM200v1.S85:805
BYTE_ram_eeaf                   = $EEAF ; addr, local, , RAM200v1, , RAM200v1.S85:807
BlockNum                        = $EEAB ; addr, local, , RAM200v1, , RAM200v1.S85:801
CFNAME                          = $F74F ; const, local, , RAM200v1, , RAM200v1.S85:60
CHGET                           = $12F7 ; const, local, , RAM200v1, , RAM200v1.S85:24
CKFN                            = $5ACA ; const, local, , RAM200v1, , RAM200v1.S85:44
CMPARE                          = $6E11 ; const, local, , RAM200v1, , RAM200v1.S85:46
COFILES                         = $F663 ; const, local, , RAM200v1, , RAM200v1.S85:57
CR                              = $000D ; const, local, , RAM200v1, , RAM200v1.S85:79
CSRY                            = $EF06 ; const, local, , RAM200v1, , RAM200v1.S85:52
CURBAS                          = $EF67 ; const, local, , RAM200v1, , RAM200v1.S85:54
CheckFormatStamp                = $ED55 ; addr, local, , RAM200v1, , RAM200v1.S85:650
ConfirmDeleteRamFile            = $EC14 ; addr, local, , RAM200v1, , RAM200v1.S85:471
ConfirmReplace                  = $EB24 ; addr, local, , RAM200v1, , RAM200v1.S85:340
ConfirmReplaceKill              = $EB2E ; addr, local, , RAM200v1, , RAM200v1.S85:345
ConfirmWithPrompt               = $ED70 ; addr, local, , RAM200v1, , RAM200v1.S85:671
D2H4Bup                         = $41BA ; const, local, , RAM200v1, , RAM200v1.S85:38
DOFILES                         = $F661 ; const, local, , RAM200v1, , RAM200v1.S85:56
DrawTitle                       = $EA8F ; addr, local, , RAM200v1, , RAM200v1.S85:259
ESC                             = $001B ; const, local, , RAM200v1, , RAM200v1.S85:80
ESCB                            = $519D ; const, local, , RAM200v1, , RAM200v1.S85:42
ETRAP                           = $EF34 ; const, local, , RAM200v1, , RAM200v1.S85:53
FF                              = $000C ; const, local, , RAM200v1, , RAM200v1.S85:78
FILES                           = $2A2C ; const, local, , RAM200v1, , RAM200v1.S85:26
FINDFN                          = $2BCC ; const, local, , RAM200v1, , RAM200v1.S85:31
FNAME                           = $F746 ; const, local, , RAM200v1, , RAM200v1.S85:58
FORMAT                          = $ED85 ; addr, local, , RAM200v1, , RAM200v1.S85:683
FREE                            = $EA95 ; addr, local, , RAM200v1, , RAM200v1.S85:262
FUN_ram_ea17                    = $EA17 ; addr, local, , RAM200v1, , RAM200v1.S85:187
FUN_ram_ea29                    = $EA29 ; addr, local, , RAM200v1, , RAM200v1.S85:198
FUN_ram_ea6a                    = $EA6A ; addr, local, , RAM200v1, , RAM200v1.S85:238
FUN_ram_ea6a@l0                 = $EA7A ; addr, local, , RAM200v1, , RAM200v1.S85:245
FUN_ram_ea7f                    = $EA7F ; addr, local, , RAM200v1, , RAM200v1.S85:249
FUN_ram_eb8e                    = $EB8E ; addr, local, , RAM200v1, , RAM200v1.S85:398
FUN_ram_eb97                    = $EB97 ; addr, local, , RAM200v1, , RAM200v1.S85:402
FUN_ram_ebbb                    = $EBBB ; addr, local, , RAM200v1, , RAM200v1.S85:423
FUN_ram_ebde                    = $EBDE ; addr, local, , RAM200v1, , RAM200v1.S85:440
FUN_ram_ebfd                    = $EBFD ; addr, local, , RAM200v1, , RAM200v1.S85:457
FUN_ram_ec45                    = $EC45 ; addr, local, , RAM200v1, , RAM200v1.S85:494
FUN_ram_ec83                    = $EC83 ; addr, local, , RAM200v1, , RAM200v1.S85:530
FUN_ram_ecbc                    = $ECBC ; addr, local, , RAM200v1, , RAM200v1.S85:569
FUN_ram_eccc                    = $ECCC ; addr, local, , RAM200v1, , RAM200v1.S85:582
FUN_ram_ed2d                    = $ED2D ; addr, local, , RAM200v1, , RAM200v1.S85:629
FUN_ram_ed38                    = $ED38 ; addr, local, , RAM200v1, , RAM200v1.S85:635
FX1                             = $F74C ; const, local, , RAM200v1, , RAM200v1.S85:59
FX2                             = $F755 ; const, local, , RAM200v1, , RAM200v1.S85:61
FattrBA                         = $0080 ; const, local, , RAM200v1, , RAM200v1.S85:107
FattrCO                         = $00A0 ; const, local, , RAM200v1, , RAM200v1.S85:109
FattrDO                         = $00C0 ; const, local, , RAM200v1, , RAM200v1.S85:108
FileAttr                        = $ECFC ; addr, local, , RAM200v1, , RAM200v1.S85:816
FilenameMSG                     = $EEA1 ; addr, local, , RAM200v1, , RAM200v1.S85:797
FormatMSG                       = $EE7D ; addr, local, , RAM200v1, , RAM200v1.S85:789
FreeMSG                         = $EE78 ; addr, local, , RAM200v1, , RAM200v1.S85:785
GETEOF                          = $8268 ; const, local, , RAM200v1, , RAM200v1.S85:47
HIMEM                           = $EEB0 ; const, local, , RAM200v1, , RAM200v1.S85:126
INLIN                           = $54F6 ; const, local, , RAM200v1, , RAM200v1.S85:43
INR_A_RET                       = $2459 ; const, local, , RAM200v1, , RAM200v1.S85:37
InputFilenameWithPrompt         = $ECAE ; addr, local, , RAM200v1, , RAM200v1.S85:559
KILL                            = $EAC3 ; addr, local, , RAM200v1, , RAM200v1.S85:291
KILLFILE                        = $2B2C ; const, local, , RAM200v1, , RAM200v1.S85:30
KYREAD                          = $8B03 ; const, local, , RAM200v1, , RAM200v1.S85:49
KillMSG                         = $EE3B ; addr, local, , RAM200v1, , RAM200v1.S85:760
LAB_ram_ea1c                    = $EA1C ; addr, local, , RAM200v1, , RAM200v1.S85:190
LAB_ram_ea31                    = $EA31 ; addr, local, , RAM200v1, , RAM200v1.S85:204
LAB_ram_ea34                    = $EA34 ; addr, local, , RAM200v1, , RAM200v1.S85:207
LAB_ram_ea41                    = $EA41 ; addr, local, , RAM200v1, , RAM200v1.S85:216
LAB_ram_ea9f                    = $EA9F ; addr, local, , RAM200v1, , RAM200v1.S85:272
LAB_ram_eaa7                    = $EAA7 ; addr, local, , RAM200v1, , RAM200v1.S85:277
LAB_ram_ead3                    = $EAD3 ; addr, local, , RAM200v1, , RAM200v1.S85:298
LAB_ram_eae1                    = $EAE1 ; addr, local, , RAM200v1, , RAM200v1.S85:305
LAB_ram_eb1b                    = $EB1B ; addr, local, , RAM200v1, , RAM200v1.S85:333
LAB_ram_eba2                    = $EBA2 ; addr, local, , RAM200v1, , RAM200v1.S85:407
LAB_ram_eba5                    = $EBA5 ; addr, local, , RAM200v1, , RAM200v1.S85:409
LAB_ram_ebb0                    = $EBB0 ; addr, local, , RAM200v1, , RAM200v1.S85:415
LAB_ram_ebb4                    = $EBB4 ; addr, local, , RAM200v1, , RAM200v1.S85:418
LAB_ram_ebc0                    = $EBC0 ; addr, local, , RAM200v1, , RAM200v1.S85:426
LAB_ram_ebef                    = $EBEF ; addr, local, , RAM200v1, , RAM200v1.S85:448
LAB_ram_ebf5                    = $EBF5 ; addr, local, , RAM200v1, , RAM200v1.S85:452
LAB_ram_ec07                    = $EC07 ; addr, local, , RAM200v1, , RAM200v1.S85:462
LAB_ram_ec66                    = $EC66 ; addr, local, , RAM200v1, , RAM200v1.S85:511
LAB_ram_ec70                    = $EC70 ; addr, local, , RAM200v1, , RAM200v1.S85:517
LAB_ram_ec7f                    = $EC7F ; addr, local, , RAM200v1, , RAM200v1.S85:526
LAB_ram_ec85                    = $EC85 ; addr, local, , RAM200v1, , RAM200v1.S85:532
LAB_ram_ec91                    = $EC91 ; addr, local, , RAM200v1, , RAM200v1.S85:537
LAB_ram_ec94                    = $EC94 ; addr, local, , RAM200v1, , RAM200v1.S85:539
LAB_ram_ec95                    = $EC95 ; addr, local, , RAM200v1, , RAM200v1.S85:541
LAB_ram_ecea                    = $ECEA ; addr, local, , RAM200v1, , RAM200v1.S85:598
LAB_ram_ecea@fileattr           = $ECFB ; addr, local, , RAM200v1, , RAM200v1.S85:606
LAB_ram_ed0a                    = $ED0A ; addr, local, , RAM200v1, , RAM200v1.S85:613
LAB_ram_ed30                    = $ED30 ; addr, local, , RAM200v1, , RAM200v1.S85:631
LC2UCA                          = $1014 ; const, local, , RAM200v1, , RAM200v1.S85:22
LF                              = $000A ; const, local, , RAM200v1, , RAM200v1.S85:77
LOAD                            = $EC1C ; addr, local, , RAM200v1, , RAM200v1.S85:477
LoadMSG                         = $EE45 ; addr, local, , RAM200v1, , RAM200v1.S85:764
MAIN1                           = $E9E9 ; addr, local, , RAM200v1, , RAM200v1.S85:163
MAIN                            = $E9C4 ; addr, local, , RAM200v1, , RAM200v1.S85:147
MAKHOL                          = $82A8 ; const, local, , RAM200v1, , RAM200v1.S85:48
MAXRAM                          = $EEB0 ; const, local, , RAM200v1, , RAM200v1.S85:68
MENU                            = $67A4 ; const, local, , RAM200v1, , RAM200v1.S85:45
MKDIRENT                        = $2DAC ; const, local, , RAM200v1, , RAM200v1.S85:36
NAME                            = $EAFB ; addr, local, , RAM200v1, , RAM200v1.S85:318
NROWS                           = $0010 ; const, local, , RAM200v1, , RAM200v1.S85:66
NameMSG                         = $EE59 ; addr, local, , RAM200v1, , RAM200v1.S85:772
POPALL                          = $1604 ; const, local, , RAM200v1, , RAM200v1.S85:25
PORT_CONTROL                    = $0081 ; const, local, , RAM200v1, , RAM200v1.S85:116
PORT_DATA                       = $0083 ; const, local, , RAM200v1, , RAM200v1.S85:117
PRGEND                          = $EEB0 ; addr, local, , RAM200v1, , RAM200v1.S85:810
PRGEXE                          = $E9BE ; addr, local, , RAM200v1, , RAM200v1.S85:143
PRGLEN                          = $04F2 ; const, local, , RAM200v1, , RAM200v1.S85:0
PRGTOP                          = $E9BE ; addr, local, , RAM200v1, , RAM200v1.S85:142
PRTASC                          = $470B ; const, local, , RAM200v1, , RAM200v1.S85:39
PRTSP                           = $001E ; const, local, , RAM200v1, , RAM200v1.S85:20
PTILL0                          = $11CC ; const, local, , RAM200v1, , RAM200v1.S85:23
RESETFPS                        = $2C62 ; const, local, , RAM200v1, , RAM200v1.S85:35
RST_4                           = $0020 ; const, local, , RAM200v1, , RAM200v1.S85:112
ReadKeyboard                    = $E9EC ; addr, local, , RAM200v1, , RAM200v1.S85:165
ReadKeyboard@end                = $EA11 ; addr, local, , RAM200v1, , RAM200v1.S85:183
ReadWord_B_A                    = $ED6A ; addr, local, , RAM200v1, , RAM200v1.S85:665
ReplaceMSG                      = $EE6B ; addr, local, , RAM200v1, , RAM200v1.S85:781
SAVE1                           = $EB3A ; addr, local, , RAM200v1, , RAM200v1.S85:353
SAVE2                           = $EB6B ; addr, local, , RAM200v1, , RAM200v1.S85:375
SAVE2@ba                        = $EB87 ; addr, local, , RAM200v1, , RAM200v1.S85:392
SAVE2@do                        = $EB80 ; addr, local, , RAM200v1, , RAM200v1.S85:386
SAVE                            = $EB34 ; addr, local, , RAM200v1, , RAM200v1.S85:349
SCNEMP                          = $2C09 ; const, local, , RAM200v1, , RAM200v1.S85:33
SPACE                           = $0020 ; const, local, , RAM200v1, , RAM200v1.S85:81
SaveMSG                         = $EE4F ; addr, local, , RAM200v1, , RAM200v1.S85:768
SkipCWords                      = $ED62 ; addr, local, , RAM200v1, , RAM200v1.S85:659
StampByte0                      = $0040 ; const, local, , RAM200v1, , RAM200v1.S85:118
StampByte1                      = $0004 ; const, local, , RAM200v1, , RAM200v1.S85:119
SureMSG                         = $EE99 ; addr, local, , RAM200v1, , RAM200v1.S85:792
TestHardware                    = $EDB7 ; addr, local, , RAM200v1, , RAM200v1.S85:714
TitleMSG                        = $EDDA ; addr, local, , RAM200v1, , RAM200v1.S85:745
UBLNAS                          = $061B ; const, local, , RAM200v1, , RAM200v1.S85:21
UPDOFILES                       = $2C5A ; const, local, , RAM200v1, , RAM200v1.S85:34
WORD_ram_eea9                   = $EEA9 ; addr, local, , RAM200v1, , RAM200v1.S85:799
WORD_ram_eeac                   = $EEAC ; addr, local, , RAM200v1, , RAM200v1.S85:803
WriteFormat                     = $EDAB ; addr, local, , RAM200v1, , RAM200v1.S85:703
WriteFormat@l0                  = $EDAC ; addr, local, , RAM200v1, , RAM200v1.S85:705
__head                          = $E9B8 ; const, public, def, , ,
__size                          = $04F8 ; const, public, def, , ,
__tail                          = $EEB0 ; const, public, def, , ,
opcode_IN                       = $00DB ; const, local, , RAM200v1, , RAM200v1.S85:72
opcode_OUT                      = $00D3 ; const, local, , RAM200v1, , RAM200v1.S85:73
rPRTA                           = $0020 ; const, local, , RAM200v1, , RAM200v1.S85:113
