AsMSG                           = $F59A ; addr, local, , RAMDSK, , RAMDSK.S85:1031
Ask_From_Filename               = $F39F ; addr, local, , RAMDSK, , RAMDSK.S85:687
Ask_To_Filename                 = $F454 ; addr, local, , RAMDSK, , RAMDSK.S85:792
BAFILES                         = $F99A ; const, local, , RAMDSK, , 100.S85:49
BANK0                           = $0030 ; const, local, , RAMDSK, , RAMDSK.S85:109
BANK@DoneBN                     = $F4FB ; addr, local, , RAMDSK, , RAMDSK.S85:935
BANK@LoopBN                     = $F4F2 ; addr, local, , RAMDSK, , RAMDSK.S85:930
BANK                            = $F4C4 ; addr, local, , RAMDSK, , RAMDSK.S85:885
BANK@UpdateBankNum              = $F4EA ; addr, local, , RAMDSK, , RAMDSK.S85:925
BANK_CTL_OFFSET                 = $0004 ; const, local, , RAMDSK, , RAMDSK.S85:104
BEEP                            = $4229 ; const, local, , RAMDSK, , 100.S85:25
BankNumMSG                      = $F521 ; addr, local, , RAMDSK, , RAMDSK.S85:1003
BlockNum                        = $F424 ; addr, local, , RAMDSK, , RAMDSK.S85:988
CDNCT                           = $000A ; const, local, , RAMDSK, , 100.S85:51
CFNAME                          = $FC9C ; const, local, , RAMDSK, , 100.S85:44
CHGET                           = $12CB ; const, local, , RAMDSK, , 100.S85:10
CKFN                            = $4C0B ; const, local, , RAMDSK, , 100.S85:28
CMPARE                          = $5A6D ; const, local, , RAMDSK, , 100.S85:30
COFILES                         = $FBB0 ; const, local, , RAMDSK, , 100.S85:41
CR                              = $000D ; const, local, , RAMDSK, , RAMDSK.S85:52
CSRY                            = $F639 ; const, local, , RAMDSK, , 100.S85:36
CheckIsBankFormatted            = $F42C ; addr, local, , RAMDSK, , RAMDSK.S85:762
ConfirmDeleteRamFile            = $F2DD ; addr, local, , RAMDSK, , RAMDSK.S85:571
ConfirmReplace                  = $F1E9 ; addr, local, , RAMDSK, , RAMDSK.S85:434
ConfirmReplaceKill              = $F1F3 ; addr, local, , RAMDSK, , RAMDSK.S85:440
ConfirmWithPrompt               = $F448 ; addr, local, , RAMDSK, , RAMDSK.S85:785
CtlPort                         = $F500 ; addr, local, , RAMDSK, , RAMDSK.S85:981
D2H4Bup                         = $3469 ; const, local, , RAMDSK, , 100.S85:23
DOFILES                         = $FBAE ; const, local, , RAMDSK, , 100.S85:40
DrawTitle                       = $F152 ; addr, local, , RAMDSK, , RAMDSK.S85:340
ESC                             = $001B ; const, local, , RAMDSK, , RAMDSK.S85:53
ESCB                            = $446E ; const, local, , RAMDSK, , 100.S85:26
ETRAP                           = $F652 ; const, local, , RAMDSK, , 100.S85:37
FF                              = $000C ; const, local, , RAMDSK, , RAMDSK.S85:51
FILES                           = $1F3A ; const, local, , RAMDSK, , 100.S85:12
FINDFN1                         = $20CC ; const, local, , RAMDSK, , 100.S85:17
FINDFN                          = $20AF ; const, local, , RAMDSK, , 100.S85:16
FNAME                           = $FC93 ; const, local, , RAMDSK, , 100.S85:42
FORMAT@NewFormat                = $F472 ; addr, local, , RAMDSK, , RAMDSK.S85:809
FORMAT                          = $F45D ; addr, local, , RAMDSK, , RAMDSK.S85:800
FORMAT@WriteStamp               = $F482 ; addr, local, , RAMDSK, , RAMDSK.S85:825
FREE                            = $F158 ; addr, local, , RAMDSK, , RAMDSK.S85:347
FREE@l0                         = $F163 ; addr, local, , RAMDSK, , RAMDSK.S85:357
FREE@l1                         = $F16B ; addr, local, , RAMDSK, , RAMDSK.S85:363
FX1                             = $FC99 ; const, local, , RAMDSK, , 100.S85:43
FX2                             = $FCA2 ; const, local, , RAMDSK, , 100.S85:45
FattrBA                         = $0080 ; const, local, , RAMDSK, , RAMDSK.S85:80
FattrCO                         = $00A0 ; const, local, , RAMDSK, , RAMDSK.S85:82
FattrDO                         = $00C0 ; const, local, , RAMDSK, , RAMDSK.S85:81
FileAttr                        = $F3D2 ; addr, local, , RAMDSK, , RAMDSK.S85:986
FilenameMSG                     = $F5E3 ; addr, local, , RAMDSK, , RAMDSK.S85:1058
FixMSG                          = $F5D8 ; addr, local, , RAMDSK, , RAMDSK.S85:1052
FormatMSG                       = $F5B4 ; addr, local, , RAMDSK, , RAMDSK.S85:1044
FreeKB                          = $F27D ; addr, local, , RAMDSK, , RAMDSK.S85:984
FreeMSG                         = $F5AF ; addr, local, , RAMDSK, , RAMDSK.S85:1040
GETEOF                          = $6B2D ; const, local, , RAMDSK, , 100.S85:31
HIMEM                           = $F5EE ; const, local, , RAMDSK, , RAMDSK.S85:171
INLIN                           = $4644 ; const, local, , RAMDSK, , 100.S85:27
INR_A_RET                       = $2AB5 ; const, local, , RAMDSK, , 100.S85:22
InputFilenameWithPrompt         = $F384 ; addr, local, , RAMDSK, , RAMDSK.S85:666
KILASC                          = $1FBF ; const, local, , RAMDSK, , 100.S85:13
KILBAS                          = $2017 ; const, local, , RAMDSK, , 100.S85:15
KILCOM                          = $1FD9 ; const, local, , RAMDSK, , 100.S85:14
KILL                            = $F187 ; addr, local, , RAMDSK, , RAMDSK.S85:380
KILL@l0                         = $F197 ; addr, local, , RAMDSK, , RAMDSK.S85:387
KILL@l1                         = $F1A5 ; addr, local, , RAMDSK, , RAMDSK.S85:394
KYREAD                          = $7242 ; const, local, , RAMDSK, , 100.S85:33
KillMSG                         = $F572 ; addr, local, , RAMDSK, , RAMDSK.S85:1015
LC2UCA                          = $0FE9 ; const, local, , RAMDSK, , 100.S85:8
LEGACY_HIMEM                    = $F5EE ; const, local, , RAMDSK, , 100.S85:52
LF                              = $000A ; const, local, , RAMDSK, , RAMDSK.S85:50
LOAD                            = $F2F2 ; addr, local, , RAMDSK, , RAMDSK.S85:580
LoadMSG                         = $F57C ; addr, local, , RAMDSK, , RAMDSK.S85:1019
MAIN                            = $F07C ; addr, local, , RAMDSK, , RAMDSK.S85:205
MAIN@end                        = $F0A1 ; addr, local, , RAMDSK, , RAMDSK.S85:222
MAIN@setsp                      = $F07C ; addr, local, , RAMDSK, , RAMDSK.S85:206
MAKHOL                          = $6B6D ; const, local, , RAMDSK, , 100.S85:32
MATCH_LEGACY_CO_HEADER          = $0001 ; const, local, , RAMDSK, , RAMDSK.S85:0
MENU                            = $5797 ; const, local, , RAMDSK, , 100.S85:29
MKDIRENT                        = $2239 ; const, local, , RAMDSK, , 100.S85:21
MakeHole                        = $F31B ; addr, local, , RAMDSK, , RAMDSK.S85:597
MakeHoleBA                      = $F346 ; addr, local, , RAMDSK, , RAMDSK.S85:621
MakeHoleDO                      = $F33C ; addr, local, , RAMDSK, , RAMDSK.S85:615
NAME                            = $F1BF ; addr, local, , RAMDSK, , RAMDSK.S85:411
NAME@l0                         = $F1E0 ; addr, local, , RAMDSK, , RAMDSK.S85:426
NBANKS                          = $0004 ; const, local, , RAMDSK, , RAMDSK.S85:41
NROWS                           = $0008 ; const, local, , RAMDSK, , 100.S85:50
NameMSG                         = $F590 ; addr, local, , RAMDSK, , RAMDSK.S85:1027
POPALL                          = $14ED ; const, local, , RAMDSK, , 100.S85:11
POP_BEEP                        = $F355 ; addr, local, , RAMDSK, , RAMDSK.S85:630
PORT_CTL0                       = $0081 ; const, local, , RAMDSK, , RAMDSK.S85:102
PORT_DATA                       = $0083 ; const, local, , RAMDSK, , RAMDSK.S85:103
PRGEND                          = $F5EE ; addr, local, , RAMDSK, , RAMDSK.S85:1069
PRGEXE                          = $F076 ; addr, local, , RAMDSK, , RAMDSK.S85:188
PRGLEN                          = $0578 ; const, local, , RAMDSK, , RAMDSK.S85:0
PRGTOP                          = $F076 ; addr, local, , RAMDSK, , RAMDSK.S85:187
PRTASC                          = $39D4 ; const, local, , RAMDSK, , 100.S85:24
PRTSP                           = $001E ; const, local, , RAMDSK, , 100.S85:6
PTILL0                          = $11A2 ; const, local, , RAMDSK, , 100.S85:9
RESETFPS                        = $2146 ; const, local, , RAMDSK, , 100.S85:20
RST_4                           = $0020 ; const, local, , RAMDSK, , RAMDSK.S85:85
ReadDataW                       = $F442 ; addr, local, , RAMDSK, , RAMDSK.S85:779
ReadKeyboard                    = $F0A4 ; addr, local, , RAMDSK, , RAMDSK.S85:229
ReadKeyboard@end                = $F0D3 ; addr, local, , RAMDSK, , RAMDSK.S85:264
ReplaceMSG                      = $F5A2 ; addr, local, , RAMDSK, , RAMDSK.S85:1036
SAVE1                           = $F1FF ; addr, local, , RAMDSK, , RAMDSK.S85:450
SAVE1@ba                        = $F24F ; addr, local, , RAMDSK, , RAMDSK.S85:490
SAVE1@bn                        = $F2BD ; addr, local, , RAMDSK, , RAMDSK.S85:550
SAVE1@do                        = $F248 ; addr, local, , RAMDSK, , RAMDSK.S85:484
SAVE1@freekb                    = $F27C ; addr, local, , RAMDSK, , RAMDSK.S85:517
SAVE1@l0                        = $F233 ; addr, local, , RAMDSK, , RAMDSK.S85:473
SAVE1@l2                        = $F25F ; addr, local, , RAMDSK, , RAMDSK.S85:500
SAVE1@l3                        = $F26A ; addr, local, , RAMDSK, , RAMDSK.S85:506
SAVE1@l4                        = $F26D ; addr, local, , RAMDSK, , RAMDSK.S85:508
SAVE1@l5                        = $F278 ; addr, local, , RAMDSK, , RAMDSK.S85:514
SAVE1@l6                        = $F283 ; addr, local, , RAMDSK, , RAMDSK.S85:522
SAVE1@l7                        = $F288 ; addr, local, , RAMDSK, , RAMDSK.S85:525
SAVE1@l8                        = $F2A7 ; addr, local, , RAMDSK, , RAMDSK.S85:539
SAVE1@l9                        = $F2B7 ; addr, local, , RAMDSK, , RAMDSK.S85:546
SAVE1@prepfn                    = $F256 ; addr, local, , RAMDSK, , RAMDSK.S85:496
SAVE                            = $F1F9 ; addr, local, , RAMDSK, , RAMDSK.S85:447
SCNEMP                          = $20EC ; const, local, , RAMDSK, , 100.S85:18
SPACE                           = $0020 ; const, local, , RAMDSK, , RAMDSK.S85:54
SaveMSG                         = $F586 ; addr, local, , RAMDSK, , RAMDSK.S85:1023
SelectBlock                     = $F4FF ; addr, local, , RAMDSK, , RAMDSK.S85:970
SkipCWords                      = $F43A ; addr, local, , RAMDSK, , RAMDSK.S85:772
StampByte0                      = $0040 ; const, local, , RAMDSK, , RAMDSK.S85:153
StampByte1                      = $0004 ; const, local, , RAMDSK, , RAMDSK.S85:154
SureMSG                         = $F5D0 ; addr, local, , RAMDSK, , RAMDSK.S85:1047
TestHardware                    = $F49D ; addr, local, , RAMDSK, , RAMDSK.S85:849
TitleMSG                        = $F502 ; addr, local, , RAMDSK, , RAMDSK.S85:997
TmpBlockNum                     = $F2BE ; addr, local, , RAMDSK, , RAMDSK.S85:987
UBLNAS                          = $05F0 ; const, local, , RAMDSK, , 100.S85:7
UNSAVBA                         = $F99A ; const, local, , RAMDSK, , 100.S85:39
UPDOFILES                       = $213E ; const, local, , RAMDSK, , 100.S85:19
WriteFilename                   = $F2C5 ; addr, local, , RAMDSK, , RAMDSK.S85:557
WriteFilename@l0                = $F2D0 ; addr, local, , RAMDSK, , RAMDSK.S85:562
WriteFormat                     = $F491 ; addr, local, , RAMDSK, , RAMDSK.S85:832
WriteFormat@l0                  = $F492 ; addr, local, , RAMDSK, , RAMDSK.S85:834
__head                          = $F070 ; const, public, def, , ,
__size                          = $057E ; const, public, def, , ,
__tail                          = $F5EE ; const, public, def, , ,
bB                              = $F0F8 ; addr, local, , RAMDSK, , RAMDSK.S85:983
bD                              = $F41A ; addr, local, , RAMDSK, , RAMDSK.S85:989
bE                              = $F2A8 ; addr, local, , RAMDSK, , RAMDSK.S85:990
bI                              = $F143 ; addr, local, , RAMDSK, , RAMDSK.S85:982
j01                             = $F0D9 ; addr, local, , RAMDSK, , RAMDSK.S85:269
j01@bb                          = $F0F7 ; addr, local, , RAMDSK, , RAMDSK.S85:289
j01@l0                          = $F0DE ; addr, local, , RAMDSK, , RAMDSK.S85:272
j01@l1                          = $F0EB ; addr, local, , RAMDSK, , RAMDSK.S85:280
j01@l2                          = $F0F4 ; addr, local, , RAMDSK, , RAMDSK.S85:286
j01@l3                          = $F104 ; addr, local, , RAMDSK, , RAMDSK.S85:298
j03                             = $F12D ; addr, local, , RAMDSK, , RAMDSK.S85:320
j03@l0                          = $F13D ; addr, local, , RAMDSK, , RAMDSK.S85:327
j05                             = $F142 ; addr, local, , RAMDSK, , RAMDSK.S85:331
j27                             = $F359 ; addr, local, , RAMDSK, , RAMDSK.S85:634
j27@l0                          = $F35B ; addr, local, , RAMDSK, , RAMDSK.S85:636
j27@l1                          = $F367 ; addr, local, , RAMDSK, , RAMDSK.S85:643
j27@l2                          = $F36A ; addr, local, , RAMDSK, , RAMDSK.S85:645
j27@l3                          = $F36B ; addr, local, , RAMDSK, , RAMDSK.S85:647
j27@wc                          = $F374 ; addr, local, , RAMDSK, , RAMDSK.S85:656
j29                             = $F392 ; addr, local, , RAMDSK, , RAMDSK.S85:676
j41                             = $F3A2 ; addr, local, , RAMDSK, , RAMDSK.S85:689
j41@fileattr                    = $F3D1 ; addr, local, , RAMDSK, , RAMDSK.S85:713
j41@l0                          = $F3C0 ; addr, local, , RAMDSK, , RAMDSK.S85:705
j41@l2                          = $F3E1 ; addr, local, , RAMDSK, , RAMDSK.S85:720
j42                             = $F404 ; addr, local, , RAMDSK, , RAMDSK.S85:737
j43                             = $F40F ; addr, local, , RAMDSK, , RAMDSK.S85:745
j43@bd                          = $F419 ; addr, local, , RAMDSK, , RAMDSK.S85:750
j43@bn                          = $F423 ; addr, local, , RAMDSK, , RAMDSK.S85:756
j44                             = $F407 ; addr, local, , RAMDSK, , RAMDSK.S85:740
opcode_IN                       = $00DB ; const, local, , RAMDSK, , RAMDSK.S85:45
opcode_OUT                      = $00D3 ; const, local, , RAMDSK, , RAMDSK.S85:46
padding                         = $F5ED ; addr, local, , RAMDSK, , RAMDSK.S85:1065
rPRTA                           = $0020 ; const, local, , RAMDSK, , RAMDSK.S85:86
wA                              = $F5EB ; addr, local, , RAMDSK, , RAMDSK.S85:1061
wC                              = $F375 ; addr, local, , RAMDSK, , RAMDSK.S85:991
wF                              = $F368 ; addr, local, , RAMDSK, , RAMDSK.S85:985
wSP                             = $F07D ; addr, local, , RAMDSK, , RAMDSK.S85:980
