AsMSG                           = $F59A ; addr, local, , RAMDSK, , RAMDSK.S85:1050
BAFILES                         = $F98B ; const, local, , RAMDSK, , K85.S85:48
BANK0                           = $0030 ; const, local, , RAMDSK, , RAMDSK.S85:988
BANK@DoneBN                     = $F4FB ; addr, local, , RAMDSK, , RAMDSK.S85:988
BANK@LoopBN                     = $F4F2 ; addr, local, , RAMDSK, , RAMDSK.S85:988
BANK                            = $F4C4 ; addr, local, , RAMDSK, , RAMDSK.S85:988
BANK@UpdateBankNum              = $F4EA ; addr, local, , RAMDSK, , RAMDSK.S85:988
BANK_CTL_OFFSET                 = $0004 ; const, local, , RAMDSK, , RAMDSK.S85:111
BEEP                            = $4205 ; const, local, , RAMDSK, , K85.S85:25
BankNumMSG                      = $F521 ; addr, local, , RAMDSK, , RAMDSK.S85:1022
BlockNum                        = $F424 ; addr, local, , RAMDSK, , RAMDSK.S85:1006
CDNCT                           = $000A ; const, local, , RAMDSK, , K85.S85:51
CFNAME                          = $FCAE ; const, local, , RAMDSK, , K85.S85:44
CHGET                           = $12D4 ; const, local, , RAMDSK, , K85.S85:10
CKFN                            = $4BC1 ; const, local, , RAMDSK, , K85.S85:28
CMPARE                          = $5778 ; const, local, , RAMDSK, , K85.S85:30
COFILES                         = $FBC2 ; const, local, , RAMDSK, , K85.S85:41
CR                              = $000D ; const, local, , RAMDSK, , RAMDSK.S85:59
CSRY                            = $F640 ; const, local, , RAMDSK, , K85.S85:36
CheckIsBankFormatted            = $F42C ; addr, local, , RAMDSK, , RAMDSK.S85:772
ConfirmDeleteRamFile            = $F2DD ; addr, local, , RAMDSK, , RAMDSK.S85:572
ConfirmReplace                  = $F1E9 ; addr, local, , RAMDSK, , RAMDSK.S85:432
ConfirmReplaceKill              = $F1F3 ; addr, local, , RAMDSK, , RAMDSK.S85:438
ConfirmWithPrompt               = $F448 ; addr, local, , RAMDSK, , RAMDSK.S85:795
CtlPort                         = $F500 ; addr, local, , RAMDSK, , RAMDSK.S85:997
D2H4Bup                         = $3442 ; const, local, , RAMDSK, , K85.S85:23
DEFAULT_HIMEM                   = $F5EE ; const, local, , RAMDSK, , K85.S85:52
DOFILES                         = $FBC0 ; const, local, , RAMDSK, , K85.S85:40
DrawTitle                       = $F152 ; addr, local, , RAMDSK, , RAMDSK.S85:342
ESC                             = $001B ; const, local, , RAMDSK, , RAMDSK.S85:60
ESCB                            = $444E ; const, local, , RAMDSK, , K85.S85:26
ETRAP                           = $F659 ; const, local, , RAMDSK, , K85.S85:37
FF                              = $000C ; const, local, , RAMDSK, , RAMDSK.S85:58
FILES                           = $1F07 ; const, local, , RAMDSK, , K85.S85:12
FINDFN1                         = $209D ; const, local, , RAMDSK, , K85.S85:17
FINDFN                          = $2080 ; const, local, , RAMDSK, , K85.S85:16
FNAME                           = $FCA5 ; const, local, , RAMDSK, , K85.S85:42
FORMAT@NewFormat                = $F472 ; addr, local, , RAMDSK, , RAMDSK.S85:819
FORMAT                          = $F45D ; addr, local, , RAMDSK, , RAMDSK.S85:810
FORMAT@WriteFormat              = $F491 ; addr, local, , RAMDSK, , RAMDSK.S85:841
FORMAT@WriteStamp               = $F482 ; addr, local, , RAMDSK, , RAMDSK.S85:835
FORMAT@l0                       = $F492 ; addr, local, , RAMDSK, , RAMDSK.S85:843
FX1                             = $FCAB ; const, local, , RAMDSK, , K85.S85:43
FX2                             = $FCB4 ; const, local, , RAMDSK, , K85.S85:45
FattrBA                         = $0080 ; const, local, , RAMDSK, , RAMDSK.S85:87
FattrCO                         = $00A0 ; const, local, , RAMDSK, , RAMDSK.S85:89
FattrDO                         = $00C0 ; const, local, , RAMDSK, , RAMDSK.S85:88
FileAttr                        = $F3D2 ; addr, local, , RAMDSK, , RAMDSK.S85:1002
FilenameMSG                     = $F5E3 ; addr, local, , RAMDSK, , RAMDSK.S85:1077
FixMSG                          = $F5D8 ; addr, local, , RAMDSK, , RAMDSK.S85:1071
FormatMSG                       = $F5B4 ; addr, local, , RAMDSK, , RAMDSK.S85:1063
FreeKB                          = $F27D ; addr, local, , RAMDSK, , RAMDSK.S85:1000
FreeMSG                         = $F5AF ; addr, local, , RAMDSK, , RAMDSK.S85:1059
GETEOF                          = $6835 ; const, local, , RAMDSK, , K85.S85:31
HIMEM                           = $F5EE ; const, local, , RAMDSK, , RAMDSK.S85:171
INLIN                           = $45F8 ; const, local, , RAMDSK, , K85.S85:27
INR_A_RET                       = $2A8E ; const, local, , RAMDSK, , K85.S85:22
InputFileNameWithPrompt         = $F384 ; addr, local, , RAMDSK, , RAMDSK.S85:668
KILASC                          = $1F90 ; const, local, , RAMDSK, , K85.S85:13
KILBAS                          = $1FE8 ; const, local, , RAMDSK, , K85.S85:15
KILCOM                          = $1FAA ; const, local, , RAMDSK, , K85.S85:14
KILL                            = $F187 ; addr, local, , RAMDSK, , RAMDSK.S85:378
KILL@l0                         = $F197 ; addr, local, , RAMDSK, , RAMDSK.S85:385
KILL@l1                         = $F1A5 ; addr, local, , RAMDSK, , RAMDSK.S85:392
KYREAD                          = $6EF2 ; const, local, , RAMDSK, , K85.S85:33
KillMSG                         = $F572 ; addr, local, , RAMDSK, , RAMDSK.S85:1034
LC2UCA                          = $0FF0 ; const, local, , RAMDSK, , K85.S85:8
LF                              = $000A ; const, local, , RAMDSK, , RAMDSK.S85:57
LOAD                            = $F2F2 ; addr, local, , RAMDSK, , RAMDSK.S85:581
LoadMSG                         = $F57C ; addr, local, , RAMDSK, , RAMDSK.S85:1038
MAIN1                           = $F0A1 ; addr, local, , RAMDSK, , RAMDSK.S85:224
MAIN                            = $F07C ; addr, local, , RAMDSK, , RAMDSK.S85:207
MAIN@setsp                      = $F07C ; addr, local, , RAMDSK, , RAMDSK.S85:208
MAKHOL                          = $6875 ; const, local, , RAMDSK, , K85.S85:32
MENU                            = $54A4 ; const, local, , RAMDSK, , K85.S85:29
MKDIRENT                        = $2211 ; const, local, , RAMDSK, , K85.S85:21
MODEL_K85                       = $0001 ; const, local, , RAMDSK, , RAMDSK.S85:0
MakeHole                        = $F31B ; addr, local, , RAMDSK, , RAMDSK.S85:598
MakeHoleBA                      = $F346 ; addr, local, , RAMDSK, , RAMDSK.S85:621
MakeHoleDO                      = $F33C ; addr, local, , RAMDSK, , RAMDSK.S85:615
NAME                            = $F1BF ; addr, local, , RAMDSK, , RAMDSK.S85:409
NAME@l0                         = $F1E0 ; addr, local, , RAMDSK, , RAMDSK.S85:424
NBANKS                          = $0004 ; const, local, , RAMDSK, , RAMDSK.S85:48
NROWS                           = $0008 ; const, local, , RAMDSK, , K85.S85:50
NameMSG                         = $F590 ; addr, local, , RAMDSK, , RAMDSK.S85:1046
POPALL                          = $14F8 ; const, local, , RAMDSK, , K85.S85:11
POP_BBEP                        = $F355 ; addr, local, , RAMDSK, , RAMDSK.S85:630
PORT_CTL0                       = $0081 ; const, local, , RAMDSK, , RAMDSK.S85:109
PORT_DATA                       = $0083 ; const, local, , RAMDSK, , RAMDSK.S85:110
PRGEND                          = $F5EE ; addr, local, , RAMDSK, , RAMDSK.S85:1108
PRGEXE                          = $F076 ; addr, local, , RAMDSK, , RAMDSK.S85:185
PRGLEN                          = $0578 ; const, local, , RAMDSK, , RAMDSK.S85:0
PRGTOP                          = $F076 ; addr, local, , RAMDSK, , RAMDSK.S85:184
PRTASC                          = $39AD ; const, local, , RAMDSK, , K85.S85:24
PRTSP                           = $001E ; const, local, , RAMDSK, , K85.S85:6
PTILL0                          = $11A9 ; const, local, , RAMDSK, , K85.S85:9
RESETFPS                        = $2119 ; const, local, , RAMDSK, , K85.S85:20
RST_4                           = $0020 ; const, local, , RAMDSK, , RAMDSK.S85:92
ReadDataW                       = $F442 ; addr, local, , RAMDSK, , RAMDSK.S85:789
ReadKeyboard                    = $F0A4 ; addr, local, , RAMDSK, , RAMDSK.S85:231
ReadKeyboard@end                = $F0D3 ; addr, local, , RAMDSK, , RAMDSK.S85:266
ReplaceMSG                      = $F5A2 ; addr, local, , RAMDSK, , RAMDSK.S85:1055
SAVE1                           = $F1FF ; addr, local, , RAMDSK, , RAMDSK.S85:448
SAVE1@ba                        = $F24F ; addr, local, , RAMDSK, , RAMDSK.S85:488
SAVE1@do                        = $F248 ; addr, local, , RAMDSK, , RAMDSK.S85:482
SAVE1@freekb                    = $F27C ; addr, local, , RAMDSK, , RAMDSK.S85:514
SAVE1@l0                        = $F233 ; addr, local, , RAMDSK, , RAMDSK.S85:471
SAVE1@l2                        = $F25F ; addr, local, , RAMDSK, , RAMDSK.S85:498
SAVE1@l3                        = $F26A ; addr, local, , RAMDSK, , RAMDSK.S85:503
SAVE1@l4                        = $F26D ; addr, local, , RAMDSK, , RAMDSK.S85:505
SAVE1@l5                        = $F278 ; addr, local, , RAMDSK, , RAMDSK.S85:511
SAVE1@l6                        = $F283 ; addr, local, , RAMDSK, , RAMDSK.S85:519
SAVE1@l7                        = $F288 ; addr, local, , RAMDSK, , RAMDSK.S85:522
SAVE1@l8                        = $F2A7 ; addr, local, , RAMDSK, , RAMDSK.S85:536
SAVE1@l9                        = $F2B7 ; addr, local, , RAMDSK, , RAMDSK.S85:547
SAVE1@la                        = $F2BD ; addr, local, , RAMDSK, , RAMDSK.S85:551
SAVE1@prepfn                    = $F256 ; addr, local, , RAMDSK, , RAMDSK.S85:494
SAVE                            = $F1F9 ; addr, local, , RAMDSK, , RAMDSK.S85:445
SCNEMP                          = $20BD ; const, local, , RAMDSK, , K85.S85:18
SPACE                           = $0020 ; const, local, , RAMDSK, , RAMDSK.S85:61
SaveMSG                         = $F586 ; addr, local, , RAMDSK, , RAMDSK.S85:1042
SelectBlock                     = $F4FF ; addr, local, , RAMDSK, , RAMDSK.S85:988
SkipCWords                      = $F43A ; addr, local, , RAMDSK, , RAMDSK.S85:782
StampByte0                      = $0040 ; const, local, , RAMDSK, , RAMDSK.S85:154
StampByte1                      = $0004 ; const, local, , RAMDSK, , RAMDSK.S85:155
SureMSG                         = $F5D0 ; addr, local, , RAMDSK, , RAMDSK.S85:1066
TestHardware                    = $F49D ; addr, local, , RAMDSK, , RAMDSK.S85:858
TitleMSG                        = $F502 ; addr, local, , RAMDSK, , RAMDSK.S85:1012
TmpBlockNum                     = $F2BE ; addr, local, , RAMDSK, , RAMDSK.S85:1003
UBLNAS                          = $05F7 ; const, local, , RAMDSK, , K85.S85:7
UNSAVBA                         = $F98B ; const, local, , RAMDSK, , K85.S85:39
UPDOFILES                       = $210E ; const, local, , RAMDSK, , K85.S85:19
UpdateFreeKB                    = $F158 ; addr, local, , RAMDSK, , RAMDSK.S85:346
UpdateFreeKB@l0                 = $F163 ; addr, local, , RAMDSK, , RAMDSK.S85:356
UpdateFreeKB@l1                 = $F16B ; addr, local, , RAMDSK, , RAMDSK.S85:361
WriteFilename                   = $F2C5 ; addr, local, , RAMDSK, , RAMDSK.S85:558
WriteFilename@l0                = $F2D0 ; addr, local, , RAMDSK, , RAMDSK.S85:563
__head                          = $F070 ; const, public, def, , ,
__size                          = $057E ; const, public, def, , ,
__tail                          = $F5EE ; const, public, def, , ,
bB                              = $F0F8 ; addr, local, , RAMDSK, , RAMDSK.S85:999
bD                              = $F41A ; addr, local, , RAMDSK, , RAMDSK.S85:1007
bE                              = $F2A8 ; addr, local, , RAMDSK, , RAMDSK.S85:1008
bI                              = $F143 ; addr, local, , RAMDSK, , RAMDSK.S85:998
j01                             = $F0D9 ; addr, local, , RAMDSK, , RAMDSK.S85:271
j01@bb                          = $F0F7 ; addr, local, , RAMDSK, , RAMDSK.S85:291
j01@l0                          = $F0DE ; addr, local, , RAMDSK, , RAMDSK.S85:274
j01@l1                          = $F0EB ; addr, local, , RAMDSK, , RAMDSK.S85:282
j01@l2                          = $F0F4 ; addr, local, , RAMDSK, , RAMDSK.S85:288
j01@l3                          = $F104 ; addr, local, , RAMDSK, , RAMDSK.S85:300
j03                             = $F12D ; addr, local, , RAMDSK, , RAMDSK.S85:322
j03@l0                          = $F13D ; addr, local, , RAMDSK, , RAMDSK.S85:329
j05                             = $F142 ; addr, local, , RAMDSK, , RAMDSK.S85:333
j27                             = $F359 ; addr, local, , RAMDSK, , RAMDSK.S85:634
j27@l0                          = $F35B ; addr, local, , RAMDSK, , RAMDSK.S85:636
j27@l1                          = $F367 ; addr, local, , RAMDSK, , RAMDSK.S85:641
j27@l2                          = $F36A ; addr, local, , RAMDSK, , RAMDSK.S85:643
j27@l3                          = $F36B ; addr, local, , RAMDSK, , RAMDSK.S85:645
j27@wc                          = $F374 ; addr, local, , RAMDSK, , RAMDSK.S85:657
j29                             = $F392 ; addr, local, , RAMDSK, , RAMDSK.S85:678
j30                             = $F39F ; addr, local, , RAMDSK, , RAMDSK.S85:689
j40                             = $F454 ; addr, local, , RAMDSK, , RAMDSK.S85:802
j41                             = $F3A2 ; addr, local, , RAMDSK, , RAMDSK.S85:691
j41@l0                          = $F3C0 ; addr, local, , RAMDSK, , RAMDSK.S85:707
j41@l1                          = $F3D1 ; addr, local, , RAMDSK, , RAMDSK.S85:715
j41@l2                          = $F3E1 ; addr, local, , RAMDSK, , RAMDSK.S85:722
j42                             = $F404 ; addr, local, , RAMDSK, , RAMDSK.S85:739
j43                             = $F40F ; addr, local, , RAMDSK, , RAMDSK.S85:747
j43@bd                          = $F419 ; addr, local, , RAMDSK, , RAMDSK.S85:755
j43@bn                          = $F423 ; addr, local, , RAMDSK, , RAMDSK.S85:765
j44                             = $F407 ; addr, local, , RAMDSK, , RAMDSK.S85:742
opcode_IN                       = $00DB ; const, local, , RAMDSK, , RAMDSK.S85:52
opcode_OUT                      = $00D3 ; const, local, , RAMDSK, , RAMDSK.S85:53
padding                         = $F5ED ; addr, local, , RAMDSK, , RAMDSK.S85:1099
rPRTA                           = $0020 ; const, local, , RAMDSK, , RAMDSK.S85:93
wA                              = $F5EB ; addr, local, , RAMDSK, , RAMDSK.S85:1080
wC                              = $F375 ; addr, local, , RAMDSK, , RAMDSK.S85:1009
wF                              = $F368 ; addr, local, , RAMDSK, , RAMDSK.S85:1001
wSP                             = $F07D ; addr, local, , RAMDSK, , RAMDSK.S85:996
