AsMSG                           = $F567 ; addr, local, , RAM100, , RAM100.S85:945
BAFILES                         = $F99A ; const, local, , RAM100, , RAM100.S85:117
BANK                            = $F5BF ; addr, local, , RAM100, , RAM100.S85:993
BANK_CTL_OFFSET                 = $0004 ; const, local, , RAM100, , RAM100.S85:134
BEEP                            = $4229 ; const, local, , RAM100, , RAM100.S85:82
BankNumMSG                      = $F4EE ; addr, local, , RAM100, , RAM100.S85:917
Beep                            = $F35E ; addr, local, , RAM100, , RAM100.S85:651
BlockNum                        = $F5BA ; addr, local, , RAM100, , RAM100.S85:978
CDNCT                           = $000A ; const, local, , RAM100, , RAM100.S85:126
CFNAME                          = $FC9C ; const, local, , RAM100, , RAM100.S85:112
CHGET                           = $12CB ; const, local, , RAM100, , RAM100.S85:67
CKFN                            = $4C0B ; const, local, , RAM100, , RAM100.S85:85
CMPARE                          = $5A6D ; const, local, , RAM100, , RAM100.S85:87
COFILES                         = $FBB0 ; const, local, , RAM100, , RAM100.S85:109
CR                              = $000D ; const, local, , RAM100, , RAM100.S85:31
CURSOR_ROW                      = $F639 ; const, local, , RAM100, , RAM100.S85:104
CheckIsBankFormatted            = $F437 ; addr, local, , RAM100, , RAM100.S85:778
ConfirmReplace                  = $F1F1 ; addr, local, , RAM100, , RAM100.S85:452
ConfirmReplaceKill              = $F1FB ; addr, local, , RAM100, , RAM100.S85:458
ConfirmWithPrompt               = $F453 ; addr, local, , RAM100, , RAM100.S85:801
CtlPort                         = $F5EC ; addr, local, , RAM100, , RAM100.S85:903
D2H4Bup                         = $3469 ; const, local, , RAM100, , RAM100.S85:80
DEFAULT_HIMEM                   = $F5EE ; const, local, , RAM100, , RAM100.S85:127
DOFILES                         = $FBAE ; const, local, , RAM100, , RAM100.S85:108
DeleteRamFile                   = $F2E6 ; addr, local, , RAM100, , RAM100.S85:588
DrawTitle                       = $F15A ; addr, local, , RAM100, , RAM100.S85:362
ESC                             = $001B ; const, local, , RAM100, , RAM100.S85:32
ESCB                            = $446E ; const, local, , RAM100, , RAM100.S85:83
ETRAP                           = $F652 ; const, local, , RAM100, , RAM100.S85:105
FF                              = $000C ; const, local, , RAM100, , RAM100.S85:30
FILES                           = $1F3A ; const, local, , RAM100, , RAM100.S85:69
FINDFN1                         = $20CC ; const, local, , RAM100, , RAM100.S85:74
FINDFN                          = $20AF ; const, local, , RAM100, , RAM100.S85:73
FNAME                           = $FC93 ; const, local, , RAM100, , RAM100.S85:110
FORMAT@NewFormat                = $F47D ; addr, local, , RAM100, , RAM100.S85:825
FORMAT                          = $F468 ; addr, local, , RAM100, , RAM100.S85:816
FORMAT@WriteFormat              = $F49C ; addr, local, , RAM100, , RAM100.S85:847
FORMAT@WriteStamp               = $F48D ; addr, local, , RAM100, , RAM100.S85:841
FORMAT@l0                       = $F49D ; addr, local, , RAM100, , RAM100.S85:849
FX1                             = $FC99 ; const, local, , RAM100, , RAM100.S85:111
FX2                             = $FCA2 ; const, local, , RAM100, , RAM100.S85:113
FattrBA                         = $0080 ; const, local, , RAM100, , RAM100.S85:121
FattrCO                         = $00A0 ; const, local, , RAM100, , RAM100.S85:123
FattrDO                         = $00C0 ; const, local, , RAM100, , RAM100.S85:122
FileAttr                        = $F3DB ; addr, local, , RAM100, , RAM100.S85:908
FilenameMSG                     = $F5B0 ; addr, local, , RAM100, , RAM100.S85:972
FixMSG                          = $F5A5 ; addr, local, , RAM100, , RAM100.S85:966
FormatMSG                       = $F581 ; addr, local, , RAM100, , RAM100.S85:958
FreeKB                          = $F285 ; addr, local, , RAM100, , RAM100.S85:906
FreeMSG                         = $F57C ; addr, local, , RAM100, , RAM100.S85:954
GETEOF                          = $6B2D ; const, local, , RAM100, , RAM100.S85:88
HIMEM                           = $F5EE ; const, local, , RAM100, , RAM100.S85:194
INLIN                           = $4644 ; const, local, , RAM100, , RAM100.S85:84
INSTR_X1                        = $2AB5 ; const, local, , RAM100, , RAM100.S85:79
InputFileNameWithPrompt         = $F38D ; addr, local, , RAM100, , RAM100.S85:684
KC7                             = $FF97 ; const, local, , RAM100, , RAM100.S85:114
KILASC                          = $1FBF ; const, local, , RAM100, , RAM100.S85:70
KILBAS                          = $2017 ; const, local, , RAM100, , RAM100.S85:72
KILCOM                          = $1FD9 ; const, local, , RAM100, , RAM100.S85:71
KILL                            = $F18F ; addr, local, , RAM100, , RAM100.S85:398
KILL@l0                         = $F19F ; addr, local, , RAM100, , RAM100.S85:405
KILL@l1                         = $F1AD ; addr, local, , RAM100, , RAM100.S85:412
KYREAD                          = $7242 ; const, local, , RAM100, , RAM100.S85:90
KillMSG                         = $F53F ; addr, local, , RAM100, , RAM100.S85:929
LC2UCA                          = $0FE9 ; const, local, , RAM100, , RAM100.S85:65
LF                              = $000A ; const, local, , RAM100, , RAM100.S85:29
LOAD                            = $F2FB ; addr, local, , RAM100, , RAM100.S85:602
LoadMSG                         = $F549 ; addr, local, , RAM100, , RAM100.S85:933
MAIN1                           = $F0A9 ; addr, local, , RAM100, , RAM100.S85:244
MAIN                            = $F084 ; addr, local, , RAM100, , RAM100.S85:227
MAIN@setsp                      = $F084 ; addr, local, , RAM100, , RAM100.S85:228
MAKHOL                          = $6B6D ; const, local, , RAM100, , RAM100.S85:89
MENU                            = $5797 ; const, local, , RAM100, , RAM100.S85:86
MKDIRENT                        = $2239 ; const, local, , RAM100, , RAM100.S85:78
MakeHole                        = $F324 ; addr, local, , RAM100, , RAM100.S85:619
MakeHoleBA                      = $F34F ; addr, local, , RAM100, , RAM100.S85:642
MakeHoleDO                      = $F345 ; addr, local, , RAM100, , RAM100.S85:636
NAME                            = $F1C7 ; addr, local, , RAM100, , RAM100.S85:429
NAME@l0                         = $F1E8 ; addr, local, , RAM100, , RAM100.S85:444
NROWS                           = $0008 ; const, local, , RAM100, , RAM100.S85:125
NameMSG                         = $F55D ; addr, local, , RAM100, , RAM100.S85:941
POPALL                          = $14ED ; const, local, , RAM100, , RAM100.S85:68
PORT_CTL0                       = $0081 ; const, local, , RAM100, , RAM100.S85:132
PORT_DATA                       = $0083 ; const, local, , RAM100, , RAM100.S85:133
PRGEND                          = $F5EE ; addr, local, , RAM100, , RAM100.S85:1039
PRGEXE                          = $F076 ; addr, local, , RAM100, , RAM100.S85:208
PRGLEN                          = $0578 ; const, local, , RAM100, , RAM100.S85:0
PRGTOP                          = $F076 ; addr, local, , RAM100, , RAM100.S85:207
PRTASC                          = $39D4 ; const, local, , RAM100, , RAM100.S85:81
PRTSP                           = $001E ; const, local, , RAM100, , RAM100.S85:63
PTILL0                          = $11A2 ; const, local, , RAM100, , RAM100.S85:66
RESETFPS                        = $2146 ; const, local, , RAM100, , RAM100.S85:77
RST_4                           = $0020 ; const, local, , RAM100, , RAM100.S85:59
ReadDataW                       = $F44D ; addr, local, , RAM100, , RAM100.S85:795
ReadKeyboard                    = $F0AC ; addr, local, , RAM100, , RAM100.S85:251
ReadKeyboard@end                = $F0DB ; addr, local, , RAM100, , RAM100.S85:286
ReplaceMSG                      = $F56F ; addr, local, , RAM100, , RAM100.S85:950
SAVE1                           = $F207 ; addr, local, , RAM100, , RAM100.S85:468
SAVE1@ba                        = $F257 ; addr, local, , RAM100, , RAM100.S85:508
SAVE1@do                        = $F250 ; addr, local, , RAM100, , RAM100.S85:502
SAVE1@freekb                    = $F284 ; addr, local, , RAM100, , RAM100.S85:534
SAVE1@l0                        = $F23B ; addr, local, , RAM100, , RAM100.S85:491
SAVE1@l2                        = $F267 ; addr, local, , RAM100, , RAM100.S85:518
SAVE1@l3                        = $F272 ; addr, local, , RAM100, , RAM100.S85:523
SAVE1@l4                        = $F275 ; addr, local, , RAM100, , RAM100.S85:525
SAVE1@l5                        = $F280 ; addr, local, , RAM100, , RAM100.S85:531
SAVE1@l6                        = $F28B ; addr, local, , RAM100, , RAM100.S85:539
SAVE1@l7                        = $F290 ; addr, local, , RAM100, , RAM100.S85:542
SAVE1@l8                        = $F2AF ; addr, local, , RAM100, , RAM100.S85:556
SAVE1@l9                        = $F2C0 ; addr, local, , RAM100, , RAM100.S85:563
SAVE1@la                        = $F2C6 ; addr, local, , RAM100, , RAM100.S85:567
SAVE1@prepfn                    = $F25E ; addr, local, , RAM100, , RAM100.S85:514
SAVE                            = $F201 ; addr, local, , RAM100, , RAM100.S85:465
SCNEMP                          = $20EC ; const, local, , RAM100, , RAM100.S85:75
SPACE                           = $0020 ; const, local, , RAM100, , RAM100.S85:33
SaveMSG                         = $F553 ; addr, local, , RAM100, , RAM100.S85:937
SelectBlock                     = $F5EB ; addr, local, , RAM100, , RAM100.S85:1035
SkipCWords                      = $F445 ; addr, local, , RAM100, , RAM100.S85:788
StampByte0                      = $0040 ; const, local, , RAM100, , RAM100.S85:177
StampByte1                      = $0004 ; const, local, , RAM100, , RAM100.S85:178
SureMSG                         = $F59D ; addr, local, , RAM100, , RAM100.S85:961
TestHardware                    = $F4A8 ; addr, local, , RAM100, , RAM100.S85:864
TitleMSG                        = $F4CF ; addr, local, , RAM100, , RAM100.S85:911
UBLNAS                          = $05F0 ; const, local, , RAM100, , RAM100.S85:64
UNSBA                           = $F99A ; const, local, , RAM100, , RAM100.S85:107
UPDOFILES                       = $213E ; const, local, , RAM100, , RAM100.S85:76
UpdateFreeKB                    = $F160 ; addr, local, , RAM100, , RAM100.S85:366
UpdateFreeKB@l0                 = $F16B ; addr, local, , RAM100, , RAM100.S85:376
UpdateFreeKB@l1                 = $F173 ; addr, local, , RAM100, , RAM100.S85:381
WriteFilename                   = $F2CE ; addr, local, , RAM100, , RAM100.S85:574
WriteFilename@l0                = $F2D9 ; addr, local, , RAM100, , RAM100.S85:579
_BlockNum                       = $F2C7 ; addr, local, , RAM100, , RAM100.S85:909
__head                          = $F070 ; const, public, def, , ,
__size                          = $057E ; const, public, def, , ,
__tail                          = $F5EE ; const, public, def, , ,
bB                              = $F100 ; addr, local, , RAM100, , RAM100.S85:905
bD                              = $F5BD ; addr, local, , RAM100, , RAM100.S85:984
bE                              = $F5BE ; addr, local, , RAM100, , RAM100.S85:987
bI                              = $F14B ; addr, local, , RAM100, , RAM100.S85:904
j01                             = $F0E1 ; addr, local, , RAM100, , RAM100.S85:291
j01@bb                          = $F0FF ; addr, local, , RAM100, , RAM100.S85:311
j01@l0                          = $F0E6 ; addr, local, , RAM100, , RAM100.S85:294
j01@l1                          = $F0F3 ; addr, local, , RAM100, , RAM100.S85:302
j01@l2                          = $F0FC ; addr, local, , RAM100, , RAM100.S85:308
j01@l3                          = $F10C ; addr, local, , RAM100, , RAM100.S85:320
j03                             = $F135 ; addr, local, , RAM100, , RAM100.S85:342
j03@l0                          = $F145 ; addr, local, , RAM100, , RAM100.S85:349
j05                             = $F14A ; addr, local, , RAM100, , RAM100.S85:353
j27                             = $F362 ; addr, local, , RAM100, , RAM100.S85:655
j27@l0                          = $F364 ; addr, local, , RAM100, , RAM100.S85:657
j27@l1                          = $F370 ; addr, local, , RAM100, , RAM100.S85:662
j27@l2                          = $F373 ; addr, local, , RAM100, , RAM100.S85:664
j27@l3                          = $F374 ; addr, local, , RAM100, , RAM100.S85:666
j29                             = $F39B ; addr, local, , RAM100, , RAM100.S85:694
j30                             = $F3A8 ; addr, local, , RAM100, , RAM100.S85:705
j40                             = $F45F ; addr, local, , RAM100, , RAM100.S85:808
j41                             = $F3AB ; addr, local, , RAM100, , RAM100.S85:707
j41@l0                          = $F3C9 ; addr, local, , RAM100, , RAM100.S85:723
j41@l1                          = $F3DA ; addr, local, , RAM100, , RAM100.S85:731
j41@l2                          = $F3EA ; addr, local, , RAM100, , RAM100.S85:738
j42                             = $F40D ; addr, local, , RAM100, , RAM100.S85:755
j43                             = $F418 ; addr, local, , RAM100, , RAM100.S85:763
j44                             = $F410 ; addr, local, , RAM100, , RAM100.S85:758
opcode_IN                       = $00DB ; const, local, , RAM100, , RAM100.S85:24
opcode_OUT                      = $00D3 ; const, local, , RAM100, , RAM100.S85:25
rPRTA                           = $0020 ; const, local, , RAM100, , RAM100.S85:60
wA                              = $F5B8 ; addr, local, , RAM100, , RAM100.S85:975
wC                              = $F5BB ; addr, local, , RAM100, , RAM100.S85:981
wF                              = $F371 ; addr, local, , RAM100, , RAM100.S85:907
wSP                             = $F085 ; addr, local, , RAM100, , RAM100.S85:902
