AsMSG                           = $F567 ; addr, local, , RAM100, , RAM100.S85:955
BAFILES                         = $F99A ; const, local, , RAM100, , RAM100.S85:115
BANK                            = $F5BF ; addr, local, , RAM100, , RAM100.S85:1001
BANK_CTL_OFFSET                 = $0004 ; const, local, , RAM100, , RAM100.S85:132
BEEP                            = $4229 ; const, local, , RAM100, , RAM100.S85:91
BankNumMSG                      = $F4EE ; addr, local, , RAM100, , RAM100.S85:927
Beep                            = $F35E ; addr, local, , RAM100, , RAM100.S85:651
BlockNum                        = $F5BA ; addr, local, , RAM100, , RAM100.S85:986
CDNCT                           = $000A ; const, local, , RAM100, , RAM100.S85:124
CFNAME                          = $FC9C ; const, local, , RAM100, , RAM100.S85:110
CHGET                           = $12CB ; const, local, , RAM100, , RAM100.S85:76
CKFN                            = $4C0B ; const, local, , RAM100, , RAM100.S85:94
CMPARE                          = $5A6D ; const, local, , RAM100, , RAM100.S85:96
COFILES                         = $FBB0 ; const, local, , RAM100, , RAM100.S85:107
CR                              = $000D ; const, local, , RAM100, , RAM100.S85:32
CURSOR_ROW                      = $F639 ; const, local, , RAM100, , RAM100.S85:102
CheckIsBankFormatted            = $F437 ; addr, local, , RAM100, , RAM100.S85:778
ConfirmReplace                  = $F1F1 ; addr, local, , RAM100, , RAM100.S85:451
ConfirmReplaceKill              = $F1FB ; addr, local, , RAM100, , RAM100.S85:457
ConfirmWithPrompt               = $F453 ; addr, local, , RAM100, , RAM100.S85:801
CtlPort                         = $F5EC ; addr, local, , RAM100, , RAM100.S85:913
D2H4Bup                         = $3469 ; const, local, , RAM100, , RAM100.S85:89
DEFAULT_HIMEM                   = $F5EE ; const, local, , RAM100, , RAM100.S85:125
DFHDR                           = $F5B0 ; addr, local, , RAM100, , RAM100.S85:982
DFSZ                            = $F5B8 ; addr, local, , RAM100, , RAM100.S85:984
DOFILES                         = $FBAE ; const, local, , RAM100, , RAM100.S85:106
DeleteRamFile                   = $F2E6 ; addr, local, , RAM100, , RAM100.S85:588
DrawTitle                       = $F15A ; addr, local, , RAM100, , RAM100.S85:361
ESC                             = $001B ; const, local, , RAM100, , RAM100.S85:33
ESCB                            = $446E ; const, local, , RAM100, , RAM100.S85:92
ETRAP                           = $F652 ; const, local, , RAM100, , RAM100.S85:103
FF                              = $000C ; const, local, , RAM100, , RAM100.S85:31
FILES                           = $1F3A ; const, local, , RAM100, , RAM100.S85:78
FINDFN1                         = $20CC ; const, local, , RAM100, , RAM100.S85:83
FINDFN                          = $20AF ; const, local, , RAM100, , RAM100.S85:82
FNAME                           = $FC93 ; const, local, , RAM100, , RAM100.S85:108
FORMAT@NewFormat                = $F47D ; addr, local, , RAM100, , RAM100.S85:825
FORMAT                          = $F468 ; addr, local, , RAM100, , RAM100.S85:816
FORMAT@WriteFormat              = $F49C ; addr, local, , RAM100, , RAM100.S85:847
FORMAT@WriteStamp               = $F48D ; addr, local, , RAM100, , RAM100.S85:841
FORMAT@l0                       = $F49D ; addr, local, , RAM100, , RAM100.S85:849
FX1                             = $FC99 ; const, local, , RAM100, , RAM100.S85:109
FX2                             = $FCA2 ; const, local, , RAM100, , RAM100.S85:111
FileAttr                        = $F3DB ; addr, local, , RAM100, , RAM100.S85:918
FixMSG                          = $F5A5 ; addr, local, , RAM100, , RAM100.S85:976
FormatMSG                       = $F581 ; addr, local, , RAM100, , RAM100.S85:968
FreeKB                          = $F285 ; addr, local, , RAM100, , RAM100.S85:916
FreeMSG                         = $F57C ; addr, local, , RAM100, , RAM100.S85:964
GETEOF                          = $6B2D ; const, local, , RAM100, , RAM100.S85:97
HIMEM                           = $F5EE ; const, local, , RAM100, , RAM100.S85:193
INLIN                           = $4644 ; const, local, , RAM100, , RAM100.S85:93
INSTR_X1                        = $2AB5 ; const, local, , RAM100, , RAM100.S85:88
InitialSP                       = $F085 ; addr, local, , RAM100, , RAM100.S85:912
InputFileNameWithPrompt         = $F38D ; addr, local, , RAM100, , RAM100.S85:684
KC7                             = $FF97 ; const, local, , RAM100, , RAM100.S85:112
KILASC                          = $1FBF ; const, local, , RAM100, , RAM100.S85:79
KILBAS                          = $2017 ; const, local, , RAM100, , RAM100.S85:81
KILCOM                          = $1FD9 ; const, local, , RAM100, , RAM100.S85:80
KILL                            = $F18F ; addr, local, , RAM100, , RAM100.S85:397
KILL@l0                         = $F19F ; addr, local, , RAM100, , RAM100.S85:404
KILL@l1                         = $F1AD ; addr, local, , RAM100, , RAM100.S85:411
KYREAD                          = $7242 ; const, local, , RAM100, , RAM100.S85:99
KillMSG                         = $F53F ; addr, local, , RAM100, , RAM100.S85:939
LC2UCA                          = $0FE9 ; const, local, , RAM100, , RAM100.S85:74
LF                              = $000A ; const, local, , RAM100, , RAM100.S85:30
LOAD                            = $F2FB ; addr, local, , RAM100, , RAM100.S85:602
ListFiles                       = $F0E1 ; addr, local, , RAM100, , RAM100.S85:290
ListFiles@l0                    = $F0E6 ; addr, local, , RAM100, , RAM100.S85:293
ListFiles@l1                    = $F0F3 ; addr, local, , RAM100, , RAM100.S85:301
ListFiles@l2                    = $F0FC ; addr, local, , RAM100, , RAM100.S85:307
ListFiles@l3                    = $F10C ; addr, local, , RAM100, , RAM100.S85:319
ListFiles@pfnb                  = $F0FF ; addr, local, , RAM100, , RAM100.S85:310
LoadMSG                         = $F549 ; addr, local, , RAM100, , RAM100.S85:943
MAIN1                           = $F0A9 ; addr, local, , RAM100, , RAM100.S85:243
MAIN                            = $F084 ; addr, local, , RAM100, , RAM100.S85:226
MAIN@sp                         = $F084 ; addr, local, , RAM100, , RAM100.S85:227
MAKHOL                          = $6B6D ; const, local, , RAM100, , RAM100.S85:98
MENU                            = $5797 ; const, local, , RAM100, , RAM100.S85:95
MKDIRENT                        = $2239 ; const, local, , RAM100, , RAM100.S85:87
MakeHole                        = $F324 ; addr, local, , RAM100, , RAM100.S85:619
MakeHoleBA                      = $F34F ; addr, local, , RAM100, , RAM100.S85:642
MakeHoleDO                      = $F345 ; addr, local, , RAM100, , RAM100.S85:636
NAME                            = $F1C7 ; addr, local, , RAM100, , RAM100.S85:428
NAME@l0                         = $F1E8 ; addr, local, , RAM100, , RAM100.S85:443
NROWS                           = $0008 ; const, local, , RAM100, , RAM100.S85:123
NameMSG                         = $F55D ; addr, local, , RAM100, , RAM100.S85:951
POPALL                          = $14ED ; const, local, , RAM100, , RAM100.S85:77
PORT_CTL0                       = $0081 ; const, local, , RAM100, , RAM100.S85:130
PORT_DATA                       = $0083 ; const, local, , RAM100, , RAM100.S85:131
PRGEND                          = $F5EE ; addr, local, , RAM100, , RAM100.S85:1047
PRGEXE                          = $F076 ; addr, local, , RAM100, , RAM100.S85:207
PRGLEN                          = $0578 ; const, local, , RAM100, , RAM100.S85:0
PRGTOP                          = $F076 ; addr, local, , RAM100, , RAM100.S85:206
PRTASC                          = $39D4 ; const, local, , RAM100, , RAM100.S85:90
PRTSP                           = $001E ; const, local, , RAM100, , RAM100.S85:72
PTILL0                          = $11A2 ; const, local, , RAM100, , RAM100.S85:75
RESETFPS                        = $2146 ; const, local, , RAM100, , RAM100.S85:86
ReadDataW                       = $F44D ; addr, local, , RAM100, , RAM100.S85:795
ReadKeyboard                    = $F0AC ; addr, local, , RAM100, , RAM100.S85:250
ReadKeyboard@end                = $F0DB ; addr, local, , RAM100, , RAM100.S85:285
ReplaceMSG                      = $F56F ; addr, local, , RAM100, , RAM100.S85:960
SAVE1                           = $F207 ; addr, local, , RAM100, , RAM100.S85:468
SAVE1@ba                        = $F257 ; addr, local, , RAM100, , RAM100.S85:508
SAVE1@do                        = $F250 ; addr, local, , RAM100, , RAM100.S85:502
SAVE1@freekb                    = $F284 ; addr, local, , RAM100, , RAM100.S85:534
SAVE1@l0                        = $F23B ; addr, local, , RAM100, , RAM100.S85:491
SAVE1@l2                        = $F267 ; addr, local, , RAM100, , RAM100.S85:518
SAVE1@l3                        = $F272 ; addr, local, , RAM100, , RAM100.S85:523
SAVE1@l4                        = $F275 ; addr, local, , RAM100, , RAM100.S85:525
SAVE1@l5                        = $F280 ; addr, local, , RAM100, , RAM100.S85:531
SAVE1@l6                        = $F28B ; addr, local, , RAM100, , RAM100.S85:539
SAVE1@l7                        = $F290 ; addr, local, , RAM100, , RAM100.S85:542
SAVE1@l8                        = $F2AF ; addr, local, , RAM100, , RAM100.S85:556
SAVE1@l9                        = $F2C0 ; addr, local, , RAM100, , RAM100.S85:563
SAVE1@la                        = $F2C6 ; addr, local, , RAM100, , RAM100.S85:567
SAVE1@prepfn                    = $F25E ; addr, local, , RAM100, , RAM100.S85:514
SAVE                            = $F201 ; addr, local, , RAM100, , RAM100.S85:464
SCNEMP                          = $20EC ; const, local, , RAM100, , RAM100.S85:84
SPACE                           = $0020 ; const, local, , RAM100, , RAM100.S85:34
SaveMSG                         = $F553 ; addr, local, , RAM100, , RAM100.S85:947
SelectBlock                     = $F5EB ; addr, local, , RAM100, , RAM100.S85:1043
SkipCWords                      = $F445 ; addr, local, , RAM100, , RAM100.S85:788
StampByte0                      = $0040 ; const, local, , RAM100, , RAM100.S85:175
StampByte1                      = $0004 ; const, local, , RAM100, , RAM100.S85:176
SureMSG                         = $F59D ; addr, local, , RAM100, , RAM100.S85:971
Test256k                        = $F4A8 ; addr, local, , RAM100, , RAM100.S85:866
TitleMSG                        = $F4CF ; addr, local, , RAM100, , RAM100.S85:921
UBLNAS                          = $05F0 ; const, local, , RAM100, , RAM100.S85:73
UNSBA                           = $F99A ; const, local, , RAM100, , RAM100.S85:105
UPDOFILES                       = $213E ; const, local, , RAM100, , RAM100.S85:85
UpdateFreeKB                    = $F160 ; addr, local, , RAM100, , RAM100.S85:365
UpdateFreeKB@l0                 = $F16B ; addr, local, , RAM100, , RAM100.S85:375
UpdateFreeKB@l1                 = $F173 ; addr, local, , RAM100, , RAM100.S85:380
WriteFilename                   = $F2CE ; addr, local, , RAM100, , RAM100.S85:574
WriteFilename@l0                = $F2D9 ; addr, local, , RAM100, , RAM100.S85:579
Z88DK                           = $601A ; const, local, , RAM100, , RAM100.S85:0
_BlockNum                       = $F2C7 ; addr, local, , RAM100, , RAM100.S85:919
__head                          = $F070 ; const, public, def, , ,
__size                          = $057E ; const, public, def, , ,
__tail                          = $F5EE ; const, public, def, , ,
attrBA                          = $0080 ; const, local, , RAM100, , RAM100.S85:119
attrCO                          = $00A0 ; const, local, , RAM100, , RAM100.S85:121
attrDO                          = $00C0 ; const, local, , RAM100, , RAM100.S85:120
attrNoRam                       = $0040 ; const, local, , RAM100, , RAM100.S85:177
bD                              = $F5BD ; addr, local, , RAM100, , RAM100.S85:992
bE                              = $F5BE ; addr, local, , RAM100, , RAM100.S85:995
j03                             = $F135 ; addr, local, , RAM100, , RAM100.S85:341
j03@l0                          = $F145 ; addr, local, , RAM100, , RAM100.S85:348
j05                             = $F14A ; addr, local, , RAM100, , RAM100.S85:352
j27                             = $F362 ; addr, local, , RAM100, , RAM100.S85:655
j27@l0                          = $F364 ; addr, local, , RAM100, , RAM100.S85:657
j27@l1                          = $F370 ; addr, local, , RAM100, , RAM100.S85:662
j27@l2                          = $F373 ; addr, local, , RAM100, , RAM100.S85:664
j27@l3                          = $F374 ; addr, local, , RAM100, , RAM100.S85:666
j29                             = $F39B ; addr, local, , RAM100, , RAM100.S85:694
j30                             = $F3A8 ; addr, local, , RAM100, , RAM100.S85:705
j40                             = $F45F ; addr, local, , RAM100, , RAM100.S85:808
j41                             = $F3AB ; addr, local, , RAM100, , RAM100.S85:707
j41@l0                          = $F3C9 ; addr, local, , RAM100, , RAM100.S85:723
j41@l1                          = $F3DA ; addr, local, , RAM100, , RAM100.S85:731
j41@l2                          = $F3EA ; addr, local, , RAM100, , RAM100.S85:738
j42                             = $F40D ; addr, local, , RAM100, , RAM100.S85:755
j43                             = $F418 ; addr, local, , RAM100, , RAM100.S85:763
j44                             = $F410 ; addr, local, , RAM100, , RAM100.S85:758
list_slot                       = $F14B ; addr, local, , RAM100, , RAM100.S85:914
opcode_IN                       = $00DB ; const, local, , RAM100, , RAM100.S85:25
opcode_OUT                      = $00D3 ; const, local, , RAM100, , RAM100.S85:26
pending_fname_bytes             = $F100 ; addr, local, , RAM100, , RAM100.S85:915
rst_Print_A                     = $0004 ; const, local, , RAM100, , RAM100.S85:69
wC                              = $F5BB ; addr, local, , RAM100, , RAM100.S85:989
wF                              = $F371 ; addr, local, , RAM100, , RAM100.S85:917
