AsMSG                           = $F567 ; addr, local, , RAM100, , RAM100.S85:940
BAFILES                         = $F99A ; const, local, , RAM100, , RAM100.S85:113
BANK                            = $F5BF ; addr, local, , RAM100, , RAM100.S85:986
BEEP                            = $4229 ; const, local, , RAM100, , RAM100.S85:89
Beep                            = $F35E ; addr, local, , RAM100, , RAM100.S85:636
BlockNum                        = $F5BA ; addr, local, , RAM100, , RAM100.S85:971
CFNAME                          = $FC9C ; const, local, , RAM100, , RAM100.S85:108
CHGET                           = $12CB ; const, local, , RAM100, , RAM100.S85:74
CKFN                            = $4C0B ; const, local, , RAM100, , RAM100.S85:92
CMPARE                          = $5A6D ; const, local, , RAM100, , RAM100.S85:94
COFILES                         = $FBB0 ; const, local, , RAM100, , RAM100.S85:105
CR                              = $000D ; const, local, , RAM100, , RAM100.S85:31
CTRL_PORT                       = $0081 ; const, local, , RAM100, , RAM100.S85:128
CTRL_STEP                       = $0004 ; const, local, , RAM100, , RAM100.S85:130
CURSOR_ROW                      = $F639 ; const, local, , RAM100, , RAM100.S85:100
CheckIsBankFormatted            = $F437 ; addr, local, , RAM100, , RAM100.S85:763
ConfirmReplace                  = $F1F1 ; addr, local, , RAM100, , RAM100.S85:436
ConfirmReplaceKill              = $F1FB ; addr, local, , RAM100, , RAM100.S85:442
ConfirmWithPrompt               = $F453 ; addr, local, , RAM100, , RAM100.S85:786
CtlPort                         = $F5EC ; addr, local, , RAM100, , RAM100.S85:896
D2H4Bup                         = $3469 ; const, local, , RAM100, , RAM100.S85:87
DATA_PORT                       = $0083 ; const, local, , RAM100, , RAM100.S85:129
DEFAULT_HIMEM                   = $F5EE ; const, local, , RAM100, , RAM100.S85:123
DFHDR                           = $F5B0 ; addr, local, , RAM100, , RAM100.S85:967
DFSZ                            = $F5B8 ; addr, local, , RAM100, , RAM100.S85:969
DOFILES                         = $FBAE ; const, local, , RAM100, , RAM100.S85:104
DeleteRamFile                   = $F2E6 ; addr, local, , RAM100, , RAM100.S85:573
DrawUI                          = $F15A ; addr, local, , RAM100, , RAM100.S85:346
ESC                             = $001B ; const, local, , RAM100, , RAM100.S85:32
ESCB                            = $446E ; const, local, , RAM100, , RAM100.S85:90
ETRAP                           = $F652 ; const, local, , RAM100, , RAM100.S85:101
FF                              = $000C ; const, local, , RAM100, , RAM100.S85:30
FILES                           = $1F3A ; const, local, , RAM100, , RAM100.S85:76
FINDFN1                         = $20CC ; const, local, , RAM100, , RAM100.S85:81
FINDFN                          = $20AF ; const, local, , RAM100, , RAM100.S85:80
FNAME                           = $FC93 ; const, local, , RAM100, , RAM100.S85:106
FORMAT@NewFormat                = $F47D ; addr, local, , RAM100, , RAM100.S85:810
FORMAT                          = $F468 ; addr, local, , RAM100, , RAM100.S85:801
FORMAT@WriteFormat              = $F49C ; addr, local, , RAM100, , RAM100.S85:832
FORMAT@WriteStamp               = $F48D ; addr, local, , RAM100, , RAM100.S85:826
FORMAT@l0                       = $F49D ; addr, local, , RAM100, , RAM100.S85:834
FX1                             = $FC99 ; const, local, , RAM100, , RAM100.S85:107
FX2                             = $FCA2 ; const, local, , RAM100, , RAM100.S85:109
FileAttr                        = $F3DB ; addr, local, , RAM100, , RAM100.S85:901
FixMSG                          = $F5A5 ; addr, local, , RAM100, , RAM100.S85:961
FormatMSG                       = $F581 ; addr, local, , RAM100, , RAM100.S85:953
FreeKB                          = $F285 ; addr, local, , RAM100, , RAM100.S85:899
FreeMSG                         = $F57C ; addr, local, , RAM100, , RAM100.S85:949
GETEOF                          = $6B2D ; const, local, , RAM100, , RAM100.S85:95
HIMEM                           = $F5EE ; const, local, , RAM100, , RAM100.S85:187
INLIN                           = $4644 ; const, local, , RAM100, , RAM100.S85:91
INSTR_X1                        = $2AB5 ; const, local, , RAM100, , RAM100.S85:86
InitialSP                       = $F085 ; addr, local, , RAM100, , RAM100.S85:895
InputFileNameWithPrompt         = $F38D ; addr, local, , RAM100, , RAM100.S85:669
KC7                             = $FF97 ; const, local, , RAM100, , RAM100.S85:110
KFREE_COL                       = $0019 ; const, local, , RAM100, , RAM100.S85:906
KILASC                          = $1FBF ; const, local, , RAM100, , RAM100.S85:77
KILBAS                          = $2017 ; const, local, , RAM100, , RAM100.S85:79
KILCOM                          = $1FD9 ; const, local, , RAM100, , RAM100.S85:78
KILL                            = $F18F ; addr, local, , RAM100, , RAM100.S85:382
KILL@l0                         = $F19F ; addr, local, , RAM100, , RAM100.S85:389
KILL@l1                         = $F1AD ; addr, local, , RAM100, , RAM100.S85:396
KYREAD                          = $7242 ; const, local, , RAM100, , RAM100.S85:97
KillMSG                         = $F53F ; addr, local, , RAM100, , RAM100.S85:924
LC2UCA                          = $0FE9 ; const, local, , RAM100, , RAM100.S85:72
LF                              = $000A ; const, local, , RAM100, , RAM100.S85:29
LOAD                            = $F2FB ; addr, local, , RAM100, , RAM100.S85:587
ListFiles                       = $F0E1 ; addr, local, , RAM100, , RAM100.S85:275
ListFiles@l0                    = $F0E6 ; addr, local, , RAM100, , RAM100.S85:278
ListFiles@l1                    = $F0F3 ; addr, local, , RAM100, , RAM100.S85:286
ListFiles@l2                    = $F0FC ; addr, local, , RAM100, , RAM100.S85:292
ListFiles@l3                    = $F10C ; addr, local, , RAM100, , RAM100.S85:304
ListFiles@pfnb                  = $F0FF ; addr, local, , RAM100, , RAM100.S85:295
LoadMSG                         = $F549 ; addr, local, , RAM100, , RAM100.S85:928
MAIN1                           = $F0A9 ; addr, local, , RAM100, , RAM100.S85:228
MAIN                            = $F084 ; addr, local, , RAM100, , RAM100.S85:211
MAIN@sp                         = $F084 ; addr, local, , RAM100, , RAM100.S85:212
MAKHOL                          = $6B6D ; const, local, , RAM100, , RAM100.S85:96
MENU                            = $5797 ; const, local, , RAM100, , RAM100.S85:93
MKDIRENT                        = $2239 ; const, local, , RAM100, , RAM100.S85:85
MakeHole                        = $F324 ; addr, local, , RAM100, , RAM100.S85:604
MakeHoleBA                      = $F34F ; addr, local, , RAM100, , RAM100.S85:627
MakeHoleDO                      = $F345 ; addr, local, , RAM100, , RAM100.S85:621
NAME                            = $F1C7 ; addr, local, , RAM100, , RAM100.S85:413
NAME@l0                         = $F1E8 ; addr, local, , RAM100, , RAM100.S85:428
NFNAMES                         = $000A ; const, local, , RAM100, , RAM100.S85:122
NROWS                           = $0008 ; const, local, , RAM100, , RAM100.S85:121
NameMSG                         = $F55D ; addr, local, , RAM100, , RAM100.S85:936
POPALL                          = $14ED ; const, local, , RAM100, , RAM100.S85:75
PRGEND                          = $F5EE ; addr, local, , RAM100, , RAM100.S85:1033
PRGEXE                          = $F076 ; addr, local, , RAM100, , RAM100.S85:201
PRGLEN                          = $0578 ; const, local, , RAM100, , RAM100.S85:0
PRGTOP                          = $F076 ; addr, local, , RAM100, , RAM100.S85:200
PRTASC                          = $39D4 ; const, local, , RAM100, , RAM100.S85:88
PRTSP                           = $001E ; const, local, , RAM100, , RAM100.S85:70
PTILL0                          = $11A2 ; const, local, , RAM100, , RAM100.S85:73
RESETFPS                        = $2146 ; const, local, , RAM100, , RAM100.S85:84
ReadDataW                       = $F44D ; addr, local, , RAM100, , RAM100.S85:780
ReadKeyboard                    = $F0AC ; addr, local, , RAM100, , RAM100.S85:235
ReadKeyboard@end                = $F0DB ; addr, local, , RAM100, , RAM100.S85:270
ReplaceMSG                      = $F56F ; addr, local, , RAM100, , RAM100.S85:945
SAVE1                           = $F207 ; addr, local, , RAM100, , RAM100.S85:453
SAVE1@ba                        = $F257 ; addr, local, , RAM100, , RAM100.S85:493
SAVE1@do                        = $F250 ; addr, local, , RAM100, , RAM100.S85:487
SAVE1@freekb                    = $F284 ; addr, local, , RAM100, , RAM100.S85:519
SAVE1@l0                        = $F23B ; addr, local, , RAM100, , RAM100.S85:476
SAVE1@l2                        = $F267 ; addr, local, , RAM100, , RAM100.S85:503
SAVE1@l3                        = $F272 ; addr, local, , RAM100, , RAM100.S85:508
SAVE1@l4                        = $F275 ; addr, local, , RAM100, , RAM100.S85:510
SAVE1@l5                        = $F280 ; addr, local, , RAM100, , RAM100.S85:516
SAVE1@l6                        = $F28B ; addr, local, , RAM100, , RAM100.S85:524
SAVE1@l7                        = $F290 ; addr, local, , RAM100, , RAM100.S85:527
SAVE1@l8                        = $F2AF ; addr, local, , RAM100, , RAM100.S85:541
SAVE1@l9                        = $F2C0 ; addr, local, , RAM100, , RAM100.S85:548
SAVE1@la                        = $F2C6 ; addr, local, , RAM100, , RAM100.S85:552
SAVE1@prepfn                    = $F25E ; addr, local, , RAM100, , RAM100.S85:499
SAVE                            = $F201 ; addr, local, , RAM100, , RAM100.S85:449
SCNEMP                          = $20EC ; const, local, , RAM100, , RAM100.S85:82
SaveMSG                         = $F553 ; addr, local, , RAM100, , RAM100.S85:932
SelectBlock                     = $F5EB ; addr, local, , RAM100, , RAM100.S85:1029
SkipCWords                      = $F445 ; addr, local, , RAM100, , RAM100.S85:773
StampByte0                      = $0040 ; const, local, , RAM100, , RAM100.S85:170
StampByte1                      = $0004 ; const, local, , RAM100, , RAM100.S85:171
SureMSG                         = $F59D ; addr, local, , RAM100, , RAM100.S85:956
Test256k                        = $F4A8 ; addr, local, , RAM100, , RAM100.S85:851
UBLNAS                          = $05F0 ; const, local, , RAM100, , RAM100.S85:71
UNSBA                           = $F99A ; const, local, , RAM100, , RAM100.S85:103
UPDOFILES                       = $213E ; const, local, , RAM100, , RAM100.S85:83
UpdateFreeKB                    = $F160 ; addr, local, , RAM100, , RAM100.S85:350
UpdateFreeKB@l0                 = $F16B ; addr, local, , RAM100, , RAM100.S85:360
UpdateFreeKB@l1                 = $F173 ; addr, local, , RAM100, , RAM100.S85:365
WriteFilename                   = $F2CE ; addr, local, , RAM100, , RAM100.S85:559
WriteFilename@l0                = $F2D9 ; addr, local, , RAM100, , RAM100.S85:564
Z88DK                           = $601A ; const, local, , RAM100, , RAM100.S85:0
_BlockNum                       = $F2C7 ; addr, local, , RAM100, , RAM100.S85:902
__head                          = $F070 ; const, public, def, , ,
__size                          = $057E ; const, public, def, , ,
__tail                          = $F5EE ; const, public, def, , ,
attrBA                          = $0080 ; const, local, , RAM100, , RAM100.S85:117
attrCO                          = $00A0 ; const, local, , RAM100, , RAM100.S85:119
attrDO                          = $00C0 ; const, local, , RAM100, , RAM100.S85:118
attrNA                          = $0040 ; const, local, , RAM100, , RAM100.S85:169
bD                              = $F5BD ; addr, local, , RAM100, , RAM100.S85:977
bE                              = $F5BE ; addr, local, , RAM100, , RAM100.S85:980
j03                             = $F135 ; addr, local, , RAM100, , RAM100.S85:326
j03@l0                          = $F145 ; addr, local, , RAM100, , RAM100.S85:333
j05                             = $F14A ; addr, local, , RAM100, , RAM100.S85:337
j27                             = $F362 ; addr, local, , RAM100, , RAM100.S85:640
j27@l0                          = $F364 ; addr, local, , RAM100, , RAM100.S85:642
j27@l1                          = $F370 ; addr, local, , RAM100, , RAM100.S85:647
j27@l2                          = $F373 ; addr, local, , RAM100, , RAM100.S85:649
j27@l3                          = $F374 ; addr, local, , RAM100, , RAM100.S85:651
j29                             = $F39B ; addr, local, , RAM100, , RAM100.S85:679
j30                             = $F3A8 ; addr, local, , RAM100, , RAM100.S85:690
j40                             = $F45F ; addr, local, , RAM100, , RAM100.S85:793
j41                             = $F3AB ; addr, local, , RAM100, , RAM100.S85:692
j41@l0                          = $F3C9 ; addr, local, , RAM100, , RAM100.S85:708
j41@l1                          = $F3DA ; addr, local, , RAM100, , RAM100.S85:716
j41@l2                          = $F3EA ; addr, local, , RAM100, , RAM100.S85:723
j42                             = $F40D ; addr, local, , RAM100, , RAM100.S85:740
j43                             = $F418 ; addr, local, , RAM100, , RAM100.S85:748
j44                             = $F410 ; addr, local, , RAM100, , RAM100.S85:743
list_slot                       = $F14B ; addr, local, , RAM100, , RAM100.S85:897
opcode_IN                       = $00DB ; const, local, , RAM100, , RAM100.S85:25
opcode_OUT                      = $00D3 ; const, local, , RAM100, , RAM100.S85:26
pending_fname_bytes             = $F100 ; addr, local, , RAM100, , RAM100.S85:898
rst_Print_A                     = $0004 ; const, local, , RAM100, , RAM100.S85:67
strBankNum                      = $F4EE ; addr, local, , RAM100, , RAM100.S85:904
strTitle                        = $F4D6 ; addr, local, , RAM100, , RAM100.S85:913
strUI                           = $F4CF ; addr, local, , RAM100, , RAM100.S85:908
wC                              = $F5BB ; addr, local, , RAM100, , RAM100.S85:974
wF                              = $F371 ; addr, local, , RAM100, , RAM100.S85:900
